I/DeviceStorageMonitorService(22554): Posting Message again
I/ActivityManager(22554): START u0 {act=android.intent.action.MAIN cat=[android.intent.category.LAUNCHER] flg=0x10000000 cmp=com.imooc.strictmodetest/.MainActivity} from uid 0 on display 0
V/DeviceStorageMonitorService(22554): freeMemory=11686760448, mMemLowThreshold: 52428800
I/DeviceStorageMonitorService(22554): Posting Message again
D/DefContainer( 9976): Copying /data/local/tmp/com.imooc.strictmodetest to base.apk
D/PackageManager(22554): Renaming /data/app/vmdl811179861.tmp to /data/app/com.imooc.strictmodetest-1
I/ActivityManager(22554): Force stopping com.imooc.strictmodetest appid=10124 user=-1: uninstall pkg
I/ActivityManager(22554): Killing 13466:com.imooc.strictmodetest/u0a124 (adj 0): stop com.imooc.strictmodetest
I/WindowState(22554): WIN DEATH: Window{2c058be2 u0 com.imooc.strictmodetest/com.imooc.strictmodetest.MainActivity}
W/ActivityManager(22554): Force removing ActivityRecord{2feed793 u0 com.imooc.strictmodetest/.MainActivity t208}: app died, no saved state
I/PackageManager(22554): args=com.android.server.pm.PackageManagerService$FileInstallArgs@3df015c7
W/MountService(22554): getSecureContainerList() called when storage not mounted
I/PackageManager(22554): Package com.imooc.strictmodetest codePath changed from /data/app/com.imooc.strictmodetest-2 to /data/app/com.imooc.strictmodetest-1; Retaining data and using new
W/ActivityManager(22554): Spurious death for ProcessRecord{23ecb192 13466:com.imooc.strictmodetest/u0a124}, curProc for 13466: null
W/PackageManager(22554): Code path for pkg : com.imooc.strictmodetest changing from /data/app/com.imooc.strictmodetest-2 to /data/app/com.imooc.strictmodetest-1
W/PackageManager(22554): Resource path for pkg : com.imooc.strictmodetest changing from /data/app/com.imooc.strictmodetest-2 to /data/app/com.imooc.strictmodetest-1
I/ActivityManager(22554): Force stopping com.imooc.strictmodetest appid=10124 user=-1: update pkg
W/MountService(22554): getSecureContainerList() called when storage not mounted
I/ActivityManager(22554): Force stopping com.imooc.strictmodetest appid=10124 user=0: pkg removed
I/ActivityManager(22554): Start proc android.process.acore for broadcast com.android.providers.contacts/.PackageIntentReceiver: pid=13543 uid=10005 gids={50005, 9997, 3003, 1028, 1015, 1023} abi=armeabi-v7a
W/InputMethodManagerService(22554): Got RemoteException sending setActive(false) notification to pid 13466 uid 10124
V/DeviceStorageMonitorService(22554): freeMemory=11686666240, mMemLowThreshold: 52428800
I/DeviceStorageMonitorService(22554): Posting Message again
D/BackupManagerService(22554): Received broadcast Intent { act=android.intent.action.PACKAGE_REMOVED dat=package:com.imooc.strictmodetest flg=0x4000010 (has extras) }
D/JobSchedulerService(22554): Receieved: android.intent.action.PACKAGE_REMOVED
I/ActivityManager(22554): Start proc com.tct.gallery3d for broadcast com.tct.gallery3d/.app.PackagesMonitor: pid=13564 uid=10010 gids={50010, 9997, 3003, 1028, 1015, 1023} abi=armeabi-v7a
--------- beginning of main
I/Timeline(22554): Timeline: Activity_windows_visible id: ActivityRecord{386bd26b u0 com.tct.launcher/.Launcher t96} time:387805699
I/ContactLocale(13543): AddressBook Labels [en-US;es-ES]: [, A, B, C, D, E, F, G, H, I, J, K, L, M, N, O, P, Q, R, S, T, U, V, W, X, Y, Z, , , , , , , , , , , , , , , , , , , , , , , , , , , , , , , , , , , , , , , , , , , , , , , , , , , , , , , , , , , , , , , , , , , , , , , , , , , , , , , , , , , , , , , , , , , , , , , , , , , , , , , , , , , , , , , , , , , , , , , , , , , , , , , , , , , , , , , , , , , , , , , , , , , , , , , , , , , , , , , , , , , , , , , , , , , , , , , , , , , , , , , , , , , , #, ]
D/AndroidRuntime(13520): Shutting down VM
I/art     (13520): Debugger is no longer active
I/art     (22333): Explicit concurrent mark sweep GC freed 707(30KB) AllocSpace objects, 0(0B) LOS objects, 99% free, 118KB/12MB, paused 275us total 19.128ms
W/MountService(22554): getSecureContainerList() called when storage not mounted
D/BackupManagerService(22554): Received broadcast Intent { act=android.intent.action.PACKAGE_ADDED dat=package:com.imooc.strictmodetest flg=0x4000010 (has extras) }
W/BackupManagerService(22554): Removing schedule queue dupe of com.imooc.strictmodetest
I/art     (22333): Explicit concurrent mark sweep GC freed 5(160B) AllocSpace objects, 0(0B) LOS objects, 99% free, 118KB/12MB, paused 242us total 12.805ms
I/art     (22333): Explicit concurrent mark sweep GC freed 5(160B) AllocSpace objects, 0(0B) LOS objects, 99% free, 118KB/12MB, paused 250us total 13.196ms
W/ResourcesManager(13564): Asset path '/system/framework/com.google.android.media.effects.jar' does not exist or contains no resources.
W/OpenGLRenderer(23112): Incorrectly called buildLayer on View: ShortcutAndWidgetContainer, destroying layer...
I/ConfigFetchService(12233): PackageReceiver: Intent { act=android.intent.action.PACKAGE_REMOVED dat=package:com.imooc.strictmodetest flg=0x4000010 cmp=com.google.android.gms/.config.ConfigFetchService$PackageReceiver (has extras) }
I/ConfigService(23210): onCreate
I/ConfigService(23210): onBind for Intent { act=com.google.android.gms.config.UPDATE pkg=com.google.android.gms } action com.google.android.gms.config.UPDATE
I/ConfigService(23210): onBind returning update interface
I/ConfigFetchService(12233): onStartCommand Intent { act=android.intent.action.PACKAGE_REMOVED dat=package:com.imooc.strictmodetest cmp=com.google.android.gms/.config.ConfigFetchService (has extras) }
I/ConfigService(23210): onBind for Intent { act=com.google.android.gms.config.START pkg=com.google.android.gms } action com.google.android.gms.config.START
I/ConfigService(23210): onBind returning config service
I/ConfigService(23210): onDestroy
D/PackageBroadcastService(12233): Received broadcast action=android.intent.action.PACKAGE_REMOVED and uri=com.imooc.strictmodetest
W/ResourcesManager(23112): Asset path '/system/framework/com.google.android.media.effects.jar' does not exist or contains no resources.
W/ResourcesManager(23112): Asset path '/system/framework/com.google.android.maps.jar' does not exist or contains no resources.
I/ActivityManager(22554): Start proc com.google.android.gms.ui for broadcast com.google.android.gms/com.google.android.location.settings.PackageChangeReceiver: pid=13586 uid=10011 gids={50011, 9997, 2001, 3003, 1007, 3006, 3007, 3002, 3001, 1028, 1015, 1005} abi=armeabi-v7a
D/StatusBar.NetworkController(22693): hasService: mServiceState=1 1 home null null null  Unknown Unknown CSS not supported -1 -1 RoamInd=-1 DefRoamInd=-1 EmergOnly=true LAU reject cause=-1 RAU reject cause=-1 IMS registration state=false retVal=false
D/StatusBar.NetworkController(22693): refreshViews: Data not connected!! Set no data type icon / Roaming
D/StatusBar.NetworkController(22693): refreshViews connected={ wifi } level=4 combinedSignalIconId=0x7f02036a/com.android.systemui:drawable/stat_sys_wifi_signal_4 combinedActivityIconId=0x7f020361 mobileLabel=Emergency calls only wifiLabel="Phone-WIFI"xxxxXXXXxxxxXXXX emergencyOnly=true combinedLabel="Phone-WIFI"xxxxXXXXxxxxXXXX mAirplaneMode=false mDataActivity=0 mPhoneSignalIconId=0x7f020352/com.android.systemui:drawable/stat_sys_signal_null mQSPhoneSignalIconId=0x7f0200cc/com.android.systemui:drawable/ic_qs_signal_no_signal mDataDirectionIconId=0x0/(null) mDataSignalIconId=0x7f020352/com.android.systemui:drawable/stat_sys_signal_null mDataTypeIconId=0x0/(null) mQSDataTypeIconId=0x0/(null) mNoSimIconId=0x7f02018f/com.android.systemui:drawable/stat_sys_no_sim mWifiIconId=0x7f02036a/com.android.systemui:drawable/stat_sys_wifi_signal_4 mQSWifiIconId=0x7f0200d5/com.android.systemui:drawable/ic_qs_wifi_4 mWifiActivityIconId=0x7f020361/com.android.systemui:drawable/stat_sys_wifi_out mBluetoothTetherIconId=0x10806c0/android:drawable/stat_sys_tether_bluetooth
D/StatusBar.NetworkController(22693): refreshSignalCluster - setMobileDataIndicators:  mHasMobileDataFeature = true mPhoneSignalIconId = com.android.systemui:drawable/stat_sys_signal_null mDataSignalIconId = com.android.systemui:drawable/stat_sys_signal_null mMobileActivityIconId = (null) mDataTypeIconId = (null) mNoSimIconId = com.android.systemui:drawable/stat_sys_no_sim
D/StatusBar.NetworkController(22693): refreshSignalCluster - setMobileDataIndicators:  mHasMobileDataFeature = true mPhoneSignalIconId = com.android.systemui:drawable/stat_sys_signal_null mDataSignalIconId = com.android.systemui:drawable/stat_sys_signal_null mMobileActivityIconId = (null) mDataTypeIconId = (null) mNoSimIconId = com.android.systemui:drawable/stat_sys_no_sim
D/StatusBar.NetworkController(22693): refreshSignalCluster - setMobileDataIndicators:  mHasMobileDataFeature = true mPhoneSignalIconId = com.android.systemui:drawable/stat_sys_signal_null mDataSignalIconId = com.android.systemui:drawable/stat_sys_signal_null mMobileActivityIconId = (null) mDataTypeIconId = (null) mNoSimIconId = com.android.systemui:drawable/stat_sys_no_sim
D/StatusBar.NetworkController(22693): changing data overlay icon id to 2130838369
I/ActivityManager(22554): Killing 13153:com.google.android.apps.magazines/u0a76 (adj 15): empty #9
W/ResourcesManager(13586): Asset path '/system/framework/com.android.media.remotedisplay.jar' does not exist or contains no resources.
W/ResourcesManager(13586): Asset path '/system/framework/com.android.location.provider.jar' does not exist or contains no resources.
W/libprocessgroup(22554): failed to open /acct/uid_10076/pid_13153/cgroup.procs: No such file or directory
I/MultiDex(13586): VM with version 2.1.0 has multidex support
I/MultiDex(13586): install
I/MultiDex(13586): VM has multidex support, MultiDex support library is disabled.
I/ProviderInstaller(13586): Insert disabled by gate 'gms:security:enable_conscrypt_in_gms_application'
I/ActivityManager(22554): Killing 13220:com.android.vending/u0a23 (adj 15): empty #9
W/libprocessgroup(22554): failed to open /acct/uid_10023/pid_13220/cgroup.procs: No such file or directory
W/Launcher(23112): setApplicationContext called twice! old=com.tct.launcher.LauncherApplication@385cc1eb new=com.tct.launcher.LauncherApplication@385cc1eb
I/ActivityManager(22554): Start proc com.android.musicfx for broadcast com.android.musicfx/.Compatibility$Receiver: pid=13610 uid=10021 gids={50021, 9997, 3003, 3002} abi=armeabi-v7a
D/AndroidRuntime(13609): 
D/AndroidRuntime(13609): >>>>>> AndroidRuntime START com.android.internal.os.RuntimeInit <<<<<<
D/AndroidRuntime(13609): CheckJNI is OFF
I/wifi    (22554): #wpa-cmd: IFNAME=wlan0 SIGNAL_POLL
I/ActivityManager(22554): Start proc com.android.vending for broadcast com.android.vending/com.google.android.finsky.receivers.PackageMonitorReceiver$RegisteredReceiver: pid=13630 uid=10023 gids={50023, 9997, 3003, 1028, 1015} abi=armeabi-v7a
I/ActivityManager(22554): Killing 13286:com.tct.timetool/u0a33 (adj 15): empty #9
D/StatusBar.NetworkController(22693): hasService: mServiceState=1 1 home null null null  Unknown Unknown CSS not supported -1 -1 RoamInd=-1 DefRoamInd=-1 EmergOnly=true LAU reject cause=-1 RAU reject cause=-1 IMS registration state=false retVal=false
D/StatusBar.NetworkController(22693): refreshViews: Data not connected!! Set no data type icon / Roaming
W/libprocessgroup(22554): failed to open /acct/uid_10033/pid_13286/cgroup.procs: No such file or directory
D/StatusBar.NetworkController(22693): refreshViews connected={ wifi } level=4 combinedSignalIconId=0x7f02036a/com.android.systemui:drawable/stat_sys_wifi_signal_4 combinedActivityIconId=0x7f020361 mobileLabel=Emergency calls only wifiLabel="Phone-WIFI"xxxxXXXXxxxxXXXX emergencyOnly=true combinedLabel="Phone-WIFI"xxxxXXXXxxxxXXXX mAirplaneMode=false mDataActivity=0 mPhoneSignalIconId=0x7f020352/com.android.systemui:drawable/stat_sys_signal_null mQSPhoneSignalIconId=0x7f0200cc/com.android.systemui:drawable/ic_qs_signal_no_signal mDataDirectionIconId=0x0/(null) mDataSignalIconId=0x7f020352/com.android.systemui:drawable/stat_sys_signal_null mDataTypeIconId=0x0/(null) mQSDataTypeIconId=0x0/(null) mNoSimIconId=0x7f02018f/com.android.systemui:drawable/stat_sys_no_sim mWifiIconId=0x7f02036a/com.android.systemui:drawable/stat_sys_wifi_signal_4 mQSWifiIconId=0x7f0200d5/com.android.systemui:drawable/ic_qs_wifi_4 mWifiActivityIconId=0x7f020361/com.android.systemui:drawable/stat_sys_wifi_out mBluetoothTetherIconId=0x10806c0/android:drawable/stat_sys_tether_bluetooth
D/AndroidRuntime(13609): Calling main entry com.android.commands.am.Am
I/ActivityManager(22554): START u0 {act=android.intent.action.MAIN cat=[android.intent.category.LAUNCHER] flg=0x10000000 cmp=com.imooc.strictmodetest/.MainActivity} from uid 0 on display 0
D/AndroidRuntime(13609): Shutting down VM
I/art     (13609): Debugger is no longer active
D/Finsky  (13630): [1] FinskyApp.onCreate: Initializing network with DFE https://android.clients.google.com/fdfe/
I/art     (13680): Late-enabling -Xcheck:jni
I/ActivityManager(22554): Start proc com.imooc.strictmodetest for activity com.imooc.strictmodetest/.MainActivity: pid=13680 uid=10124 gids={50124, 9997, 3003} abi=armeabi-v7a
D/Finsky  (13630): [1] DailyHygiene.goMakeHygieneIfDirty: No need to run daily hygiene.
I/ActivityManager(22554): Start proc com.google.android.gms:car for service com.google.android.gms/.car.CarService: pid=13698 uid=10011 gids={50011, 9997, 2001, 3003, 1007, 3006, 3007, 3002, 3001, 1028, 1015, 1005} abi=armeabi-v7a
W/Settings(13630): Setting download_manager_max_bytes_over_mobile has moved from android.provider.Settings.Secure to android.provider.Settings.Global.
W/Settings(13630): Setting download_manager_recommended_max_bytes_over_mobile has moved from android.provider.Settings.Secure to android.provider.Settings.Global.
W/Finsky  (13630): [1] FinskyApp.getCurrentAccount: No account configured on this device.
W/Finsky  (13630): [1] FinskyApp.getCurrentAccount: No account configured on this device.
W/ResourcesManager(13698): Asset path '/system/framework/com.android.media.remotedisplay.jar' does not exist or contains no resources.
W/Finsky  (13630): [1] FinskyApp.getDfeApi: No account configured on this device.
W/ResourcesManager(13698): Asset path '/system/framework/com.android.location.provider.jar' does not exist or contains no resources.
I/ActivityManager(22554): Killing 13327:com.qualcomm.logkit/u0a71 (adj 15): empty #9
I/MultiDex(13698): VM with version 2.1.0 has multidex support
I/MultiDex(13698): install
I/MultiDex(13698): VM has multidex support, MultiDex support library is disabled.
W/libprocessgroup(22554): failed to open /acct/uid_10071/pid_13327/cgroup.procs: No such file or directory
I/ActivityManager(22554): Start proc com.google.android.apps.docs for broadcast com.google.android.apps.docs/.receivers.AppPackageAddRemoveReceiver: pid=13720 uid=10048 gids={50048, 9997, 3003, 1028, 1015} abi=armeabi-v7a
I/ProviderInstaller(13698): Insert disabled by gate 'gms:security:enable_conscrypt_in_gms_application'
D/Finsky  (13630): [1] GmsCoreHelper.cleanupNlp: result=false type=4
D/DocsApplication(13720): Plugin installer initialized.
I/PackageInfoHelper(13720): Provided clientMode=RELEASE, packageInfo=PackageInfo{1d6f02e com.google.android.apps.docs}
D/TAG     (13720): onCreate()
D/CrossAppStateProvider(13720): Initialized StateProvider with authority: com.google.android.apps.docs.statesyncer
D/Finsky  (13630): [1] RestoreTracker.stopServiceIfDone: Restore complete with 0 success and 0 failed.
V/Finsky  (13630): [1] GearheadStateMonitor.onReady: sIsProjecting:false
I/CAR.SERVICE(13698): listener not found in list
I/ActivityManager(22554): Killing 13357:com.tcl.tct.stabilitymonitor/1000 (adj 15): empty #9
W/libprocessgroup(22554): failed to open /acct/uid_1000/pid_13357/cgroup.procs: No such file or directory
D/StatusBar.NetworkController(22693): hasService: mServiceState=1 1 home null null null  Unknown Unknown CSS not supported -1 -1 RoamInd=-1 DefRoamInd=-1 EmergOnly=true LAU reject cause=-1 RAU reject cause=-1 IMS registration state=false retVal=false
D/StatusBar.NetworkController(22693): refreshViews: Data not connected!! Set no data type icon / Roaming
D/StatusBar.NetworkController(22693): refreshViews connected={ wifi } level=4 combinedSignalIconId=0x7f02036a/com.android.systemui:drawable/stat_sys_wifi_signal_4 combinedActivityIconId=0x7f020360 mobileLabel=Emergency calls only wifiLabel="Phone-WIFI"xxxxXXXXxxxxXXXX emergencyOnly=true combinedLabel="Phone-WIFI"xxxxXXXXxxxxXXXX mAirplaneMode=false mDataActivity=0 mPhoneSignalIconId=0x7f020352/com.android.systemui:drawable/stat_sys_signal_null mQSPhoneSignalIconId=0x7f0200cc/com.android.systemui:drawable/ic_qs_signal_no_signal mDataDirectionIconId=0x0/(null) mDataSignalIconId=0x7f020352/com.android.systemui:drawable/stat_sys_signal_null mDataTypeIconId=0x0/(null) mQSDataTypeIconId=0x0/(null) mNoSimIconId=0x7f02018f/com.android.systemui:drawable/stat_sys_no_sim mWifiIconId=0x7f02036a/com.android.systemui:drawable/stat_sys_wifi_signal_4 mQSWifiIconId=0x7f0200d5/com.android.systemui:drawable/ic_qs_wifi_4 mWifiActivityIconId=0x7f020360/com.android.systemui:drawable/stat_sys_wifi_inout mBluetoothTetherIconId=0x10806c0/android:drawable/stat_sys_tether_bluetooth
D/StatusBar.NetworkController(22693): refreshSignalCluster - setMobileDataIndicators:  mHasMobileDataFeature = true mPhoneSignalIconId = com.android.systemui:drawable/stat_sys_signal_null mDataSignalIconId = com.android.systemui:drawable/stat_sys_signal_null mMobileActivityIconId = (null) mDataTypeIconId = (null) mNoSimIconId = com.android.systemui:drawable/stat_sys_no_sim
D/StatusBar.NetworkController(22693): refreshSignalCluster - setMobileDataIndicators:  mHasMobileDataFeature = true mPhoneSignalIconId = com.android.systemui:drawable/stat_sys_signal_null mDataSignalIconId = com.android.systemui:drawable/stat_sys_signal_null mMobileActivityIconId = (null) mDataTypeIconId = (null) mNoSimIconId = com.android.systemui:drawable/stat_sys_no_sim
D/StatusBar.NetworkController(22693): refreshSignalCluster - setMobileDataIndicators:  mHasMobileDataFeature = true mPhoneSignalIconId = com.android.systemui:drawable/stat_sys_signal_null mDataSignalIconId = com.android.systemui:drawable/stat_sys_signal_null mMobileActivityIconId = (null) mDataTypeIconId = (null) mNoSimIconId = com.android.systemui:drawable/stat_sys_no_sim
D/StatusBar.NetworkController(22693): changing data overlay icon id to 2130838368
D/OpenGLRenderer(13680): Render dirty regions requested: true
D/Atlas   (13680): Validating map...
D/StrictMode(13680): StrictMode policy violation; ~duration=449 ms: android.os.StrictMode$StrictModeDiskReadViolation: policy=23 violation=2
D/StrictMode(13680): 	at android.os.StrictMode$AndroidBlockGuardPolicy.onReadFromDisk(StrictMode.java:1137)
D/StrictMode(13680): 	at libcore.io.BlockGuardOs.stat(BlockGuardOs.java:292)
D/StrictMode(13680): 	at dalvik.system.DexPathList.splitAndAdd(DexPathList.java:190)
D/StrictMode(13680): 	at dalvik.system.DexPathList.splitPaths(DexPathList.java:174)
D/StrictMode(13680): 	at dalvik.system.DexPathList.splitDexPath(DexPathList.java:139)
D/StrictMode(13680): 	at dalvik.system.DexPathList.<init>(DexPathList.java:109)
D/StrictMode(13680): 	at dalvik.system.BaseDexClassLoader.<init>(BaseDexClassLoader.java:48)
D/StrictMode(13680): 	at dalvik.system.PathClassLoader.<init>(PathClassLoader.java:38)
D/StrictMode(13680): 	at org.apache.http.impl.conn.TcmIdleTimerMonitor.<init>(TcmIdleTimerMonitor.java:60)
D/StrictMode(13680): 	at org.apache.http.impl.conn.SingleClientConnManager.<init>(SingleClientConnManager.java:128)
D/StrictMode(13680): 	at org.apache.http.impl.client.DefaultHttpClient.createClientConnectionManager(DefaultHttpClient.java:208)
D/StrictMode(13680): 	at org.apache.http.impl.client.AbstractHttpClient.getConnectionManager(AbstractHttpClient.java:221)
D/StrictMode(13680): 	at org.apache.http.impl.client.AbstractHttpClient.execute(AbstractHttpClient.java:539)
D/StrictMode(13680): 	at org.apache.http.impl.client.AbstractHttpClient.execute(AbstractHttpClient.java:487)
D/StrictMode(13680): 	at org.apache.http.impl.client.AbstractHttpClient.execute(AbstractHttpClient.java:465)
D/StrictMode(13680): 	at com.imooc.strictmodetest.MainActivity.onCreate(MainActivity.java:41)
D/StrictMode(13680): 	at android.app.Activity.performCreate(Activity.java:5976)
D/StrictMode(13680): 	at android.app.Instrumentation.callActivityOnCreate(Instrumentation.java:1105)
D/StrictMode(13680): 	at android.app.ActivityThread.performLaunchActivity(ActivityThread.java:2262)
D/StrictMode(13680): 	at android.app.ActivityThread.handleLaunchActivity(ActivityThread.java:2371)
D/StrictMode(13680): 	at android.app.ActivityThread.access$800(ActivityThread.java:149)
D/StrictMode(13680): 	at android.app.ActivityThread$H.handleMessage(ActivityThread.java:1289)
D/StrictMode(13680): 	at android.os.Handler.dispatchMessage(Handler.java:102)
D/StrictMode(13680): 	at android.os.Looper.loop(Looper.java:135)
D/StrictMode(13680): 	at android.app.ActivityThread.main(ActivityThread.java:5260)
D/StrictMode(13680): 	at java.lang.reflect.Method.invoke(Native Method)
D/StrictMode(13680): 	at java.lang.reflect.Method.invoke(Method.java:372)
D/StrictMode(13680): 	at com.android.internal.os.ZygoteInit$MethodAndArgsCaller.run(ZygoteInit.java:898)
D/StrictMode(13680): 	at com.android.internal.os.ZygoteInit.main(ZygoteInit.java:693)
D/StrictMode(13680): StrictMode policy violation; ~duration=448 ms: android.os.StrictMode$StrictModeDiskReadViolation: policy=23 violation=2
D/StrictMode(13680): 	at android.os.StrictMode$AndroidBlockGuardPolicy.onReadFromDisk(StrictMode.java:1137)
D/StrictMode(13680): 	at libcore.io.BlockGuardOs.stat(BlockGuardOs.java:292)
D/StrictMode(13680): 	at dalvik.system.DexPathList.splitAndAdd(DexPathList.java:190)
D/StrictMode(13680): 	at dalvik.system.DexPathList.splitPaths(DexPathList.java:175)
D/StrictMode(13680): 	at dalvik.system.DexPathList.splitLibraryPath(DexPathList.java:157)
D/StrictMode(13680): 	at dalvik.system.DexPathList.<init>(DexPathList.java:117)
D/StrictMode(13680): 	at dalvik.system.BaseDexClassLoader.<init>(BaseDexClassLoader.java:48)
D/StrictMode(13680): 	at dalvik.system.PathClassLoader.<init>(PathClassLoader.java:38)
D/StrictMode(13680): 	at org.apache.http.impl.conn.TcmIdleTimerMonitor.<init>(TcmIdleTimerMonitor.java:60)
D/StrictMode(13680): 	at org.apache.http.impl.conn.SingleClientConnManager.<init>(SingleClientConnManager.java:128)
D/StrictMode(13680): 	at org.apache.http.impl.client.DefaultHttpClient.createClientConnectionManager(DefaultHttpClient.java:208)
D/StrictMode(13680): 	at org.apache.http.impl.client.AbstractHttpClient.getConnectionManager(AbstractHttpClient.java:221)
D/StrictMode(13680): 	at org.apache.http.impl.client.AbstractHttpClient.execute(AbstractHttpClient.java:539)
D/StrictMode(13680): 	at org.apache.http.impl.client.AbstractHttpClient.execute(AbstractHttpClient.java:487)
D/StrictMode(13680): 	at org.apache.http.impl.client.AbstractHttpClient.execute(AbstractHttpClient.java:465)
D/StrictMode(13680): 	at com.imooc.strictmodetest.MainActivity.onCreate(MainActivity.java:41)
D/StrictMode(13680): 	at android.app.Activity.performCreate(Activity.java:5976)
D/StrictMode(13680): 	at android.app.Instrumentation.callActivityOnCreate(Instrumentation.java:1105)
D/StrictMode(13680): 	at android.app.ActivityThread.performLaunchActivity(ActivityThread.java:2262)
D/StrictMode(13680): 	at android.app.ActivityThread.handleLaunchActivity(ActivityThread.java:2371)
D/StrictMode(13680): 	at android.app.ActivityThread.access$800(ActivityThread.java:149)
D/StrictMode(13680): 	at android.app.ActivityThread$H.handleMessage(ActivityThread.java:1289)
D/StrictMode(13680): 	at android.os.Handler.dispatchMessage(Handler.java:102)
D/StrictMode(13680): 	at android.os.Looper.loop(Looper.java:135)
D/StrictMode(13680): 	at android.app.ActivityThread.main(ActivityThread.java:5260)
D/StrictMode(13680): 	at java.lang.reflect.Method.invoke(Native Method)
D/StrictMode(13680): 	at java.lang.reflect.Method.invoke(Method.java:372)
D/StrictMode(13680): 	at com.android.internal.os.ZygoteInit$MethodAndArgsCaller.run(ZygoteInit.java:898)
D/StrictMode(13680): 	at com.android.internal.os.ZygoteInit.main(ZygoteInit.java:693)
D/StrictMode(13680): StrictMode policy violation; ~duration=445 ms: android.os.StrictMode$StrictModeNetworkViolation: policy=23 violation=4
D/StrictMode(13680): 	at android.os.StrictMode$AndroidBlockGuardPolicy.onNetwork(StrictMode.java:1153)
D/StrictMode(13680): 	at java.net.InetAddress.lookupHostByName(InetAddress.java:418)
D/StrictMode(13680): 	at java.net.InetAddress.getAllByNameImpl(InetAddress.java:252)
D/StrictMode(13680): 	at java.net.InetAddress.getAllByName(InetAddress.java:215)
D/StrictMode(13680): 	at org.apache.http.impl.conn.DefaultClientConnectionOperator.openConnection(DefaultClientConnectionOperator.java:137)
D/StrictMode(13680): 	at org.apache.http.impl.conn.AbstractPoolEntry.open(AbstractPoolEntry.java:164)
D/StrictMode(13680): 	at org.apache.http.impl.conn.AbstractPooledConnAdapter.open(AbstractPooledConnAdapter.java:119)
D/StrictMode(13680): 	at org.apache.http.impl.client.DefaultRequestDirector.execute(DefaultRequestDirector.java:360)
D/StrictMode(13680): 	at org.apache.http.impl.client.AbstractHttpClient.execute(AbstractHttpClient.java:555)
D/StrictMode(13680): 	at org.apache.http.impl.client.AbstractHttpClient.execute(AbstractHttpClient.java:487)
D/StrictMode(13680): 	at org.apache.http.impl.client.AbstractHttpClient.execute(AbstractHttpClient.java:465)
D/StrictMode(13680): 	at com.imooc.strictmodetest.MainActivity.onCreate(MainActivity.java:41)
D/StrictMode(13680): 	at android.app.Activity.performCreate(Activity.java:5976)
D/StrictMode(13680): 	at android.app.Instrumentation.callActivityOnCreate(Instrumentation.java:1105)
D/StrictMode(13680): 	at android.app.ActivityThread.performLaunchActivity(ActivityThread.java:2262)
D/StrictMode(13680): 	at android.app.ActivityThread.handleLaunchActivity(ActivityThread.java:2371)
D/StrictMode(13680): 	at android.app.ActivityThread.access$800(ActivityThread.java:149)
D/StrictMode(13680): 	at android.app.ActivityThread$H.handleMessage(ActivityThread.java:1289)
D/StrictMode(13680): 	at android.os.Handler.dispatchMessage(Handler.java:102)
D/StrictMode(13680): 	at android.os.Looper.loop(Looper.java:135)
D/StrictMode(13680): 	at android.app.ActivityThread.main(ActivityThread.java:5260)
D/StrictMode(13680): 	at java.lang.reflect.Method.invoke(Native Method)
D/StrictMode(13680): 	at java.lang.reflect.Method.invoke(Method.java:372)
D/StrictMode(13680): 	at com.android.internal.os.ZygoteInit$MethodAndArgsCaller.run(ZygoteInit.java:898)
D/StrictMode(13680): 	at com.android.internal.os.ZygoteInit.main(ZygoteInit.java:693)
D/StrictMode(13680): StrictMode policy violation; ~duration=441 ms: android.os.StrictMode$StrictModeNetworkViolation: policy=23 violation=4
D/StrictMode(13680): 	at android.os.StrictMode$AndroidBlockGuardPolicy.onNetwork(StrictMode.java:1153)
D/StrictMode(13680): 	at libcore.io.BlockGuardOs.connect(BlockGuardOs.java:110)
D/StrictMode(13680): 	at libcore.io.IoBridge.connectErrno(IoBridge.java:137)
D/StrictMode(13680): 	at libcore.io.IoBridge.connect(IoBridge.java:122)
D/StrictMode(13680): 	at java.net.PlainSocketImpl.connect(PlainSocketImpl.java:183)
D/StrictMode(13680): 	at java.net.PlainSocketImpl.connect(PlainSocketImpl.java:456)
D/StrictMode(13680): 	at java.net.Socket.connect(Socket.java:882)
D/StrictMode(13680): 	at org.apache.http.conn.scheme.PlainSocketFactory.connectSocket(PlainSocketFactory.java:119)
D/StrictMode(13680): 	at org.apache.http.impl.conn.DefaultClientConnectionOperator.openConnection(DefaultClientConnectionOperator.java:144)
D/StrictMode(13680): 	at org.apache.http.impl.conn.AbstractPoolEntry.open(AbstractPoolEntry.java:164)
D/StrictMode(13680): 	at org.apache.http.impl.conn.AbstractPooledConnAdapter.open(AbstractPooledConnAdapter.java:119)
D/StrictMode(13680): 	at org.apache.http.impl.client.DefaultRequestDirector.execute(DefaultRequestDirector.java:360)
D/StrictMode(13680): 	at org.apache.http.impl.client.AbstractHttpClient.execute(AbstractHttpClient.java:555)
D/StrictMode(13680): 	at org.apache.http.impl.client.AbstractHttpClient.execute(AbstractHttpClient.java:487)
D/StrictMode(13680): 	at org.apache.http.impl.client.AbstractHttpClient.execute(AbstractHttpClient.java:465)
D/StrictMode(13680): 	at com.imooc.strictmodetest.MainActivity.onCreate(MainActivity.java:41)
D/StrictMode(13680): 	at android.app.Activity.performCreate(Activity.java:5976)
D/StrictMode(13680): 	at android.app.Instrumentation.callActivityOnCreate(Instrumentation.java:1105)
D/StrictMode(13680): 	at android.app.ActivityThread.performLaunchActivity(ActivityThread.java:2262)
D/StrictMode(13680): 	at android.app.ActivityThread.handleLaunchActivity(ActivityThread.java:2371)
D/StrictMode(13680): 	at android.app.ActivityThread.access$800(ActivityThread.java:149)
D/StrictMode(13680): 	at android.app.ActivityThread$H.handleMessage(ActivityThread.java:1289)
D/StrictMode(13680): 	at android.os.Handler.dispatchMessage(Handler.java:102)
D/StrictMode(13680): 	at android.os.Looper.loop(Looper.java:135)
D/StrictMode(13680): 	at android.app.ActivityThread.main(ActivityThread.java:5260)
D/StrictMode(13680): 	at java.lang.reflect.Method.invoke(Native Method)
D/StrictMode(13680): 	at java.lang.reflect.Method.invoke(Method.java:372)
D/StrictMode(13680): 	at com.android.internal.os.ZygoteInit$MethodAndArgsCaller.run(ZygoteInit.java:898)
D/StrictMode(13680): 	at com.android.internal.os.ZygoteInit.main(ZygoteInit.java:693)
D/StrictMode(13680): StrictMode policy violation; ~duration=384 ms: android.os.StrictMode$StrictModeNetworkViolation: policy=23 violation=4
D/StrictMode(13680): 	at android.os.StrictMode$AndroidBlockGuardPolicy.onNetwork(StrictMode.java:1153)
D/StrictMode(13680): 	at libcore.io.BlockGuardOs.recvfrom(BlockGuardOs.java:249)
D/StrictMode(13680): 	at libcore.io.IoBridge.recvfrom(IoBridge.java:553)
D/StrictMode(13680): 	at java.net.PlainSocketImpl.read(PlainSocketImpl.java:485)
D/StrictMode(13680): 	at java.net.PlainSocketImpl.access$000(PlainSocketImpl.java:37)
D/StrictMode(13680): 	at java.net.PlainSocketImpl$PlainSocketInputStream.read(PlainSocketImpl.java:237)
D/StrictMode(13680): 	at org.apache.http.impl.io.AbstractSessionInputBuffer.fillBuffer(AbstractSessionInputBuffer.java:103)
D/StrictMode(13680): 	at org.apache.http.impl.io.AbstractSessionInputBuffer.readLine(AbstractSessionInputBuffer.java:191)
D/StrictMode(13680): 	at org.apache.http.impl.conn.DefaultResponseParser.parseHead(DefaultResponseParser.java:82)
D/StrictMode(13680): 	at org.apache.http.impl.io.AbstractMessageParser.parse(AbstractMessageParser.java:174)
D/StrictMode(13680): 	at org.apache.http.impl.AbstractHttpClientConnection.receiveResponseHeader(AbstractHttpClientConnection.java:180)
D/StrictMode(13680): 	at org.apache.http.impl.conn.DefaultClientConnection.receiveResponseHeader(DefaultClientConnection.java:235)
D/StrictMode(13680): 	at org.apache.http.impl.conn.AbstractClientConnAdapter.receiveResponseHeader(AbstractClientConnAdapter.java:259)
D/StrictMode(13680): 	at org.apache.http.protocol.HttpRequestExecutor.doReceiveResponse(HttpRequestExecutor.java:279)
D/StrictMode(13680): 	at org.apache.http.protocol.HttpRequestExecutor.execute(HttpRequestExecutor.java:121)
D/StrictMode(13680): 	at org.apache.http.impl.client.DefaultRequestDirector.execute(DefaultRequestDirector.java:428)
D/StrictMode(13680): 	at org.apache.http.impl.client.AbstractHttpClient.execute(AbstractHttpClient.java:555)
D/StrictMode(13680): 	at org.apache.http.impl.client.AbstractHttpClient.execute(AbstractHttpClient.java:487)
D/StrictMode(13680): 	at org.apache.http.impl.client.AbstractHttpClient.execute(AbstractHttpClient.java:465)
D/StrictMode(13680): 	at com.imooc.strictmodetest.MainActivity.onCreate(MainActivity.java:41)
D/StrictMode(13680): 	at android.app.Activity.performCreate(Activity.java:5976)
D/StrictMode(13680): 	at android.app.Instrumentation.callActivityOnCreate(Instrumentation.java:1105)
D/StrictMode(13680): 	at android.app.ActivityThread.performLaunchActivity(ActivityThread.java:2262)
D/StrictMode(13680): 	at android.app.ActivityThread.handleLaunchActivity(ActivityThread.java:2371)
D/StrictMode(13680): 	at android.app.ActivityThread.access$800(ActivityThread.java:149)
D/StrictMode(13680): 	at android.app.ActivityThread$H.handleMessage(ActivityThread.java:1289)
D/StrictMode(13680): 	at android.os.Handler.dispatchMessage(Handler.java:102)
D/StrictMode(13680): 	at android.os.Looper.loop(Looper.java:135)
D/StrictMode(13680): 	at android.app.ActivityThread.main(ActivityThread.java:5260)
D/StrictMode(13680): 	at java.lang.reflect.Method.invoke(Native Method)
D/StrictMode(13680): 	at java.lang.reflect.Method.invoke(Method.java:372)
D/StrictMode(13680): 	at com.android.internal.os.ZygoteInit$MethodAndArgsCaller.run(ZygoteInit.java:898)
D/StrictMode(13680): 	at com.android.internal.os.ZygoteInit.main(ZygoteInit.java:693)
D/StrictMode(13680): StrictMode policy violation; ~duration=330 ms: android.os.StrictMode$StrictModeNetworkViolation: policy=23 violation=4
D/StrictMode(13680): 	at android.os.StrictMode$AndroidBlockGuardPolicy.onNetwork(StrictMode.java:1153)
D/StrictMode(13680): 	at libcore.io.BlockGuardOs.recvfrom(BlockGuardOs.java:249)
D/StrictMode(13680): 	at libcore.io.IoBridge.recvfrom(IoBridge.java:553)
D/StrictMode(13680): 	at java.net.PlainSocketImpl.read(PlainSocketImpl.java:485)
D/StrictMode(13680): 	at java.net.PlainSocketImpl.access$000(PlainSocketImpl.java:37)
D/StrictMode(13680): 	at java.net.PlainSocketImpl$PlainSocketInputStream.read(PlainSocketImpl.java:237)
D/StrictMode(13680): 	at org.apache.http.impl.io.AbstractSessionInputBuffer.fillBuffer(AbstractSessionInputBuffer.java:103)
D/StrictMode(13680): 	at org.apache.http.impl.io.AbstractSessionInputBuffer.readLine(AbstractSessionInputBuffer.java:191)
D/StrictMode(13680): 	at org.apache.http.impl.io.ChunkedInputStream.getChunkSize(ChunkedInputStream.java:220)
D/StrictMode(13680): 	at org.apache.http.impl.io.ChunkedInputStream.nextChunk(ChunkedInputStream.java:183)
D/StrictMode(13680): 	at org.apache.http.impl.io.ChunkedInputStream.read(ChunkedInputStream.java:155)
D/StrictMode(13680): 	at org.apache.http.conn.EofSensorInputStream.read(EofSensorInputStream.java:159)
D/StrictMode(13680): 	at java.io.InputStreamReader.read(InputStreamReader.java:231)
D/StrictMode(13680): 	at java.io.BufferedReader.fillBuf(BufferedReader.java:145)
D/StrictMode(13680): 	at java.io.BufferedReader.readLine(BufferedReader.java:397)
D/StrictMode(13680): 	at com.imooc.strictmodetest.MainActivity.onCreate(MainActivity.java:46)
D/StrictMode(13680): 	at android.app.Activity.performCreate(Activity.java:5976)
D/StrictMode(13680): 	at android.app.Instrumentation.callActivityOnCreate(Instrumentation.java:1105)
D/StrictMode(13680): 	at android.app.ActivityThread.performLaunchActivity(ActivityThread.java:2262)
D/StrictMode(13680): 	at android.app.ActivityThread.handleLaunchActivity(ActivityThread.java:2371)
D/StrictMode(13680): 	at android.app.ActivityThread.access$800(ActivityThread.java:149)
D/StrictMode(13680): 	at android.app.ActivityThread$H.handleMessage(ActivityThread.java:1289)
D/StrictMode(13680): 	at android.os.Handler.dispatchMessage(Handler.java:102)
D/StrictMode(13680): 	at android.os.Looper.loop(Looper.java:135)
D/StrictMode(13680): 	at android.app.ActivityThread.main(ActivityThread.java:5260)
D/StrictMode(13680): 	at java.lang.reflect.Method.invoke(Native Method)
D/StrictMode(13680): 	at java.lang.reflect.Method.invoke(Method.java:372)
D/StrictMode(13680): 	at com.android.internal.os.ZygoteInit$MethodAndArgsCaller.run(ZygoteInit.java:898)
D/StrictMode(13680): 	at com.android.internal.os.ZygoteInit.main(ZygoteInit.java:693)
D/StrictMode(13680): StrictMode policy violation; ~duration=328 ms: android.os.StrictMode$StrictModeNetworkViolation: policy=23 violation=4
D/StrictMode(13680): 	at android.os.StrictMode$AndroidBlockGuardPolicy.onNetwork(StrictMode.java:1153)
D/StrictMode(13680): 	at libcore.io.BlockGuardOs.recvfrom(BlockGuardOs.java:249)
D/StrictMode(13680): 	at libcore.io.IoBridge.recvfrom(IoBridge.java:553)
D/StrictMode(13680): 	at java.net.PlainSocketImpl.read(PlainSocketImpl.java:485)
D/StrictMode(13680): 	at java.net.PlainSocketImpl.access$000(PlainSocketImpl.java:37)
D/StrictMode(13680): 	at java.net.PlainSocketImpl$PlainSocketInputStream.read(PlainSocketImpl.java:237)
D/StrictMode(13680): 	at org.apache.http.impl.io.AbstractSessionInputBuffer.fillBuffer(AbstractSessionInputBuffer.java:103)
D/StrictMode(13680): 	at org.apache.http.impl.io.AbstractSessionInputBuffer.read(AbstractSessionInputBuffer.java:134)
D/StrictMode(13680): 	at org.apache.http.impl.io.ChunkedInputStream.read(ChunkedInputStream.java:161)
D/StrictMode(13680): 	at org.apache.http.impl.io.ChunkedInputStream.read(ChunkedInputStream.java:175)
D/StrictMode(13680): 	at org.apache.http.impl.io.ChunkedInputStream.exhaustInputStream(ChunkedInputStream.java:289)
D/StrictMode(13680): 	at org.apache.http.impl.io.ChunkedInputStream.close(ChunkedInputStream.java:262)
D/StrictMode(13680): 	at org.apache.http.conn.BasicManagedEntity.streamClosed(BasicManagedEntity.java:179)
D/StrictMode(13680): 	at org.apache.http.conn.EofSensorInputStream.checkClose(EofSensorInputStream.java:266)
D/StrictMode(13680): 	at org.apache.http.conn.EofSensorInputStream.close(EofSensorInputStream.java:213)
D/StrictMode(13680): 	at com.imooc.strictmodetest.MainActivity.onCreate(MainActivity.java:52)
D/StrictMode(13680): 	at android.app.Activity.performCreate(Activity.java:5976)
D/StrictMode(13680): 	at android.app.Instrumentation.callActivityOnCreate(Instrumentation.java:1105)
D/StrictMode(13680): 	at android.app.ActivityThread.performLaunchActivity(ActivityThread.java:2262)
D/StrictMode(13680): 	at android.app.ActivityThread.handleLaunchActivity(ActivityThread.java:2371)
D/StrictMode(13680): 	at android.app.ActivityThread.access$800(ActivityThread.java:149)
D/StrictMode(13680): 	at android.app.ActivityThread$H.handleMessage(ActivityThread.java:1289)
D/StrictMode(13680): 	at android.os.Handler.dispatchMessage(Handler.java:102)
D/StrictMode(13680): 	at android.os.Looper.loop(Looper.java:135)
D/StrictMode(13680): 	at android.app.ActivityThread.main(ActivityThread.java:5260)
D/StrictMode(13680): 	at java.lang.reflect.Method.invoke(Native Method)
D/StrictMode(13680): 	at java.lang.reflect.Method.invoke(Method.java:372)
D/StrictMode(13680): 	at com.android.internal.os.ZygoteInit$MethodAndArgsCaller.run(ZygoteInit.java:898)
D/StrictMode(13680): 	at com.android.internal.os.ZygoteInit.main(ZygoteInit.java:693)
I/Adreno-EGL(13680): <qeglDrvAPI_eglInitialize:379>: EGL 1.4 QUALCOMM build: AU_LINUX_ANDROID_LA.BR.1.1.3_RB1.05.00.02.032.007_msm8916_32_LA.BR.1.1.3_RB1__release_AU ()
I/Adreno-EGL(13680): OpenGL ES Shader Compiler Version: E031.25.03.01
I/Adreno-EGL(13680): Build Date: 01/20/15 Tue
I/Adreno-EGL(13680): Local Branch: 
I/Adreno-EGL(13680): Remote Branch: quic/LA.BR.1.1.3_rb1.5
I/Adreno-EGL(13680): Local Patches: NONE
I/Adreno-EGL(13680): Reconstruct Branch: AU_LINUX_ANDROID_LA.BR.1.1.3_RB1.05.00.02.032.007 +  NOTHING
I/OpenGLRenderer(13680): Initialized EGL, version 1.4
D/OpenGLRenderer(13680): Enabling debug mode 0
I/Timeline(13680): Timeline: Activity_idle id: android.os.BinderProxy@34668819 time:387807295
I/ActivityManager(22554): Displayed com.imooc.strictmodetest/.MainActivity: +871ms
I/Timeline(22554): Timeline: Activity_windows_visible id: ActivityRecord{af9c229 u0 com.imooc.strictmodetest/.MainActivity t209} time:387807297
I/ActivityManager(22554): Start proc com.android.keychain for broadcast com.android.keychain/.KeyChainBroadcastReceiver: pid=13754 uid=1000 gids={41000, 9997, 1028, 1015, 3002, 3001, 1023, 1007, 3003, 1021, 3004, 3005, 1000, 3009, 1010, 2001} abi=armeabi-v7a
I/ActivityManager(22554): Killing 13385:com.tct.feedback/1000 (adj 15): empty #9
W/libprocessgroup(22554): failed to open /acct/uid_1000/pid_13385/cgroup.procs: No such file or directory
W/GAV2    (13720): Thread[main,5,main]: Need to call initialize() and be in fallback mode to start dispatch.
W/ContextImpl(13754): Calling a method in the system process without a qualified user: android.app.ContextImpl.startService:1732 android.content.ContextWrapper.startService:515 android.content.ContextWrapper.startService:515 com.android.keychain.KeyChainBroadcastReceiver.onReceive:12 android.app.ActivityThread.handleReceiver:2590 
I/ActivityManager(22554): Start proc com.google.android.apps.plus for broadcast com.google.android.apps.plus/.service.PackagesMediaMonitor: pid=13777 uid=10088 gids={50088, 9997, 3003, 3002, 1028, 1015} abi=armeabi-v7a
W/ResourcesManager(13777): Asset path '/system/framework/com.google.android.maps.jar' does not exist or contains no resources.
I/ActivityManager(22554): Start proc com.jrdcom.wifitransfer for broadcast com.jrdcom.wifitransfer/.utility.WiFiTransferPackageReceiver: pid=13800 uid=10108 gids={50108, 9997, 3003, 1028, 1015, 3002, 3001} abi=armeabi-v7a
I/ActivityManager(22554): Killing 13564:com.tct.gallery3d/u0a10 (adj 15): empty #9
W/libprocessgroup(22554): failed to open /acct/uid_10010/pid_13564/cgroup.procs: No such file or directory
I/WifiTransfer(13800): WifiTransfer:com.jrdcom.wifitransfer.utility.WiFiTransferPackageReceiver.onReceive:79>>---------------PACKAGE_REMOVED package:com.imooc.strictmodetest
I/ActivityManager(22554): Start proc com.tct.gallery3d for broadcast com.tct.gallery3d/.app.PackagesMonitor: pid=13819 uid=10010 gids={50010, 9997, 3003, 1028, 1015, 1023} abi=armeabi-v7a
I/ActivityManager(22554): Killing 13586:com.google.android.gms.ui/u0a11 (adj 15): empty #9
W/libprocessgroup(22554): failed to open /acct/uid_10011/pid_13586/cgroup.procs: No such file or directory
W/ResourcesManager(13819): Asset path '/system/framework/com.google.android.media.effects.jar' does not exist or contains no resources.
I/ConfigFetchService(12233): PackageReceiver: Intent { act=android.intent.action.PACKAGE_ADDED dat=package:com.imooc.strictmodetest flg=0x4000010 cmp=com.google.android.gms/.config.ConfigFetchService$PackageReceiver (has extras) }
I/ConfigService(23210): onCreate
I/ConfigService(23210): onBind for Intent { act=com.google.android.gms.config.UPDATE pkg=com.google.android.gms } action com.google.android.gms.config.UPDATE
I/ConfigFetchService(12233): onStartCommand Intent { act=android.intent.action.PACKAGE_ADDED dat=package:com.imooc.strictmodetest cmp=com.google.android.gms/.config.ConfigFetchService (has extras) }
I/ConfigFetchService(12233): launchTask
W/ConfigFetchTask(12233): no android id
E/ConfigFetchTask(12233): failed to build request; aborting config fetch
I/ConfigService(23210): onBind returning update interface
I/ConfigService(23210): onBind for Intent { act=com.google.android.gms.config.START pkg=com.google.android.gms } action com.google.android.gms.config.START
I/ConfigService(23210): onBind returning config service
I/ConfigFetchService(12233): fetch service done; releasing wakelock
I/ConfigFetchService(12233): stopping self
D/StatusBar.NetworkController(22693): hasService: mServiceState=1 1 home null null null  Unknown Unknown CSS not supported -1 -1 RoamInd=-1 DefRoamInd=-1 EmergOnly=true LAU reject cause=-1 RAU reject cause=-1 IMS registration state=false retVal=false
D/StatusBar.NetworkController(22693): refreshViews: Data not connected!! Set no data type icon / Roaming
D/StatusBar.NetworkController(22693): refreshViews connected={ wifi } level=4 combinedSignalIconId=0x7f02036a/com.android.systemui:drawable/stat_sys_wifi_signal_4 combinedActivityIconId=0x0 mobileLabel=Emergency calls only wifiLabel="Phone-WIFI"xxxxXXXXxxxxXXXX emergencyOnly=true combinedLabel="Phone-WIFI"xxxxXXXXxxxxXXXX mAirplaneMode=false mDataActivity=0 mPhoneSignalIconId=0x7f020352/com.android.systemui:drawable/stat_sys_signal_null mQSPhoneSignalIconId=0x7f0200cc/com.android.systemui:drawable/ic_qs_signal_no_signal mDataDirectionIconId=0x0/(null) mDataSignalIconId=0x7f020352/com.android.systemui:drawable/stat_sys_signal_null mDataTypeIconId=0x0/(null) mQSDataTypeIconId=0x0/(null) mNoSimIconId=0x7f02018f/com.android.systemui:drawable/stat_sys_no_sim mWifiIconId=0x7f02036a/com.android.systemui:drawable/stat_sys_wifi_signal_4 mQSWifiIconId=0x7f0200d5/com.android.systemui:drawable/ic_qs_wifi_4 mWifiActivityIconId=0x0/(null) mBluetoothTetherIconId=0x10806c0/android:drawable/stat_sys_tether_bluetooth
D/StatusBar.NetworkController(22693): refreshSignalCluster - setMobileDataIndicators:  mHasMobileDataFeature = true mPhoneSignalIconId = com.android.systemui:drawable/stat_sys_signal_null mDataSignalIconId = com.android.systemui:drawable/stat_sys_signal_null mMobileActivityIconId = (null) mDataTypeIconId = (null) mNoSimIconId = com.android.systemui:drawable/stat_sys_no_sim
D/StatusBar.NetworkController(22693): refreshSignalCluster - setMobileDataIndicators:  mHasMobileDataFeature = true mPhoneSignalIconId = com.android.systemui:drawable/stat_sys_signal_null mDataSignalIconId = com.android.systemui:drawable/stat_sys_signal_null mMobileActivityIconId = (null) mDataTypeIconId = (null) mNoSimIconId = com.android.systemui:drawable/stat_sys_no_sim
D/StatusBar.NetworkController(22693): refreshSignalCluster - setMobileDataIndicators:  mHasMobileDataFeature = true mPhoneSignalIconId = com.android.systemui:drawable/stat_sys_signal_null mDataSignalIconId = com.android.systemui:drawable/stat_sys_signal_null mMobileActivityIconId = (null) mDataTypeIconId = (null) mNoSimIconId = com.android.systemui:drawable/stat_sys_no_sim
D/StatusBar.NetworkController(22693): changing data overlay icon id to 0
I/ActivityManager(22554): Start proc com.google.android.partnersetup for broadcast com.google.android.partnersetup/.RlzPingBroadcastReceiver: pid=13840 uid=10014 gids={50014, 9997, 3003} abi=armeabi-v7a
I/ConfigClient(12233): service connected
I/ConfigFetchService(12233): service connected
D/PackageBroadcastService(12233): Received broadcast action=android.intent.action.PACKAGE_ADDED and uri=com.imooc.strictmodetest
I/ConfigService(23210): onDestroy
I/art     (22333): Explicit concurrent mark sweep GC freed 702(30KB) AllocSpace objects, 0(0B) LOS objects, 99% free, 118KB/12MB, paused 315us total 17.045ms
I/art     (22333): Explicit concurrent mark sweep GC freed 7(240B) AllocSpace objects, 0(0B) LOS objects, 99% free, 118KB/12MB, paused 256us total 19.569ms
I/PeopleContactsSync(12233): CP2 sync disabled
I/art     (22333): Explicit concurrent mark sweep GC freed 5(160B) AllocSpace objects, 0(0B) LOS objects, 99% free, 118KB/12MB, paused 284us total 14.877ms
I/ActivityManager(22554): Killing 13610:com.android.musicfx/u0a21 (adj 15): empty #9
W/libprocessgroup(22554): failed to open /acct/uid_10021/pid_13610/cgroup.procs: No such file or directory
I/ActivityManager(22554): Start proc com.android.musicfx for broadcast com.android.musicfx/.Compatibility$Receiver: pid=13865 uid=10021 gids={50021, 9997, 3003, 3002} abi=armeabi-v7a
D/TaskPersister(22554): removeObsoleteFile: deleting file=208_task.xml
I/ActivityManager(22554): Killing 13698:com.google.android.gms:car/u0a11 (adj 15): empty #9
W/libprocessgroup(22554): failed to open /acct/uid_10011/pid_13698/cgroup.procs: No such file or directory
W/ActivityManager(22554): Scheduling restart of crashed service com.google.android.gms/.car.CarService in 1000ms
I/UpdateIcingCorporaServi(28529): Updating corpora: APPS=com.imooc.strictmodetest, CONTACTS=MAYBE
I/WifiTransfer(13800): WifiTransfer:com.jrdcom.wifitransfer.utility.WiFiTransferPackageReceiver.onReceive:74>>---------------PACKAGE_ADDED package:com.imooc.strictmodetest
W/Launcher(23112): setApplicationContext called twice! old=com.tct.launcher.LauncherApplication@385cc1eb new=com.tct.launcher.LauncherApplication@385cc1eb
D/PackageBroadcastService(12233): Received broadcast action=android.intent.action.PACKAGE_REPLACED and uri=com.imooc.strictmodetest
W/art     (13720): Long monitor contention event with owner method=void java.lang.Thread.sleep!(java.lang.Object, long, int) from Thread.java:4294967294 waiters=0 for 879ms
I/wifi    (22554): #wpa-cmd: IFNAME=wlan0 SIGNAL_POLL
I/PeopleContactsSync(12233): CP2 sync disabled
I/ActivityManager(22554): Start proc com.google.android.apps.cloudprint for broadcast com.google.android.apps.cloudprint/.printdialog.receivers.UpgradeBroadcastReceiver: pid=13891 uid=10045 gids={50045, 9997, 3003, 1028} abi=armeabi-v7a
D/StatusBar.NetworkController(22693): hasService: mServiceState=1 1 home null null null  Unknown Unknown CSS not supported -1 -1 RoamInd=-1 DefRoamInd=-1 EmergOnly=true LAU reject cause=-1 RAU reject cause=-1 IMS registration state=false retVal=false
D/StatusBar.NetworkController(22693): refreshViews: Data not connected!! Set no data type icon / Roaming
D/StatusBar.NetworkController(22693): refreshViews connected={ wifi } level=4 combinedSignalIconId=0x7f02036a/com.android.systemui:drawable/stat_sys_wifi_signal_4 combinedActivityIconId=0x0 mobileLabel=Emergency calls only wifiLabel="Phone-WIFI"xxxxXXXXxxxxXXXX emergencyOnly=true combinedLabel="Phone-WIFI"xxxxXXXXxxxxXXXX mAirplaneMode=false mDataActivity=0 mPhoneSignalIconId=0x7f020352/com.android.systemui:drawable/stat_sys_signal_null mQSPhoneSignalIconId=0x7f0200cc/com.android.systemui:drawable/ic_qs_signal_no_signal mDataDirectionIconId=0x0/(null) mDataSignalIconId=0x7f020352/com.android.systemui:drawable/stat_sys_signal_null mDataTypeIconId=0x0/(null) mQSDataTypeIconId=0x0/(null) mNoSimIconId=0x7f02018f/com.android.systemui:drawable/stat_sys_no_sim mWifiIconId=0x7f02036a/com.android.systemui:drawable/stat_sys_wifi_signal_4 mQSWifiIconId=0x7f0200d5/com.android.systemui:drawable/ic_qs_wifi_4 mWifiActivityIconId=0x0/(null) mBluetoothTetherIconId=0x10806c0/android:drawable/stat_sys_tether_bluetooth
I/ApplicationLogger(28529): canRun() : Opted Out
