F/ActivityManager(22554): 	at com.android.server.am.ActivityManagerService.checkContentProviderPermissionLocked(ActivityManagerService.java:9374)
F/ActivityManager(22554): 	at com.android.server.am.ActivityManagerService.getContentProviderImpl(ActivityManagerService.java:9590)
F/ActivityManager(22554): 	at com.android.server.am.ActivityManagerService.getContentProvider(ActivityManagerService.java:9901)
F/ActivityManager(22554): 	at android.app.ActivityManagerNative.onTransact(ActivityManagerNative.java:796)
F/ActivityManager(22554): 	at com.android.server.am.ActivityManagerService.onTransact(ActivityManagerService.java:2471)
F/ActivityManager(22554): 	at android.os.Binder.execTransact(Binder.java:446)
I/ActivityManager(22554): Start proc com.google.android.apps.plus for broadcast com.google.android.apps.plus/.service.BatteryReceiver: pid=12064 uid=10088 gids={50088, 9997, 3003, 3002, 1028, 1015} abi=armeabi-v7a
W/ResourcesManager(12064): Asset path '/system/framework/com.google.android.maps.jar' does not exist or contains no resources.
I/ActivityManager(22554): Killing 11602:com.google.android.talk/u0a62 (adj 15): empty #9
W/libprocessgroup(22554): failed to kill pid 11602: No such process
W/libprocessgroup(22554): failed to open /acct/uid_10062/pid_11602/cgroup.procs: No such file or directory
D/DisplayPowerState(22554): Start run Updating screen state: state=ON, stateChanged=false, backlight=0, backlightChanged=false, mActualState=ON, mActualBacklight=0
D/DisplayPowerState(22554): Start setState Pendingstate: state=ON, Pendingbacklight=0 new: state=ON, backlight=0, mChangeInProgress=false
D/DisplayPowerState(22554): Screen ready
I/DisplayPowerController(22554): Unblocked screen on after 525 ms
D/DisplayPowerState(22554): setColorFadeLevel: level=1.0
D/DisplayPowerController(22554): Animating brightness: target=17, rate=200
D/DisplayPowerState(22554): Start setState Pendingstate: state=ON, Pendingbacklight=0 new: state=ON, backlight=17, mChangeInProgress=false
D/DisplayPowerState(22554): End setstate new screen state: state=ON, backlight=17, mChangeInProgress=true
D/DisplayPowerState(22554): Screen not ready
D/DisplayPowerState(22554): Start run Updating screen state: state=ON, stateChanged=false, backlight=17, backlightChanged=true, mActualState=ON, mActualBacklight=0
D/DisplayPowerState(22554): End run Updating screen state: mActualState=ON, mActualBacklight=17, suspending=false, mChangeInProgress=true
D/DisplayPowerState(22554): Start run Updating screen state: state=ON, stateChanged=false, backlight=17, backlightChanged=false, mActualState=ON, mActualBacklight=17
D/DisplayPowerState(22554): Start setState Pendingstate: state=ON, Pendingbacklight=17 new: state=ON, backlight=17, mChangeInProgress=false
D/DisplayPowerState(22554): Screen ready
D/DisplayPowerController(22554): Animating brightness: target=17, rate=200
D/DisplayPowerController(22554): Display ready!
D/DisplayPowerController(22554): Finished business...
D/PowerManagerNotifier(22554): onInteractiveChangeFinished
I/DreamManagerService(22554): Gently waking up from dream.
I/ActivityManager(22554): Killing 11750:com.qualcomm.logkit/u0a71 (adj 15): empty #9
W/libprocessgroup(22554): failed to open /acct/uid_10071/pid_11750/cgroup.procs: No such file or directory
I/ActivityManager(22554): Start proc android.process.acore for content provider com.android.providers.contacts/.ContactsProvider2: pid=12089 uid=10005 gids={50005, 9997, 3003, 1028, 1015, 1023} abi=armeabi-v7a
I/MediaReceiver(27794): action = android.hardware.usb.action.USB_STATE
I/ActivityManager(22554): Start proc com.tcl.smartsuite for broadcast com.tcl.smartsuite/com.tcl.target.receiver.DaemonReceiver: pid=12107 uid=10027 gids={50027, 9997, 3003, 1028, 1015, 2001} abi=armeabi-v7a
I/ActivityManager(22554): Killing 11775:com.tcl.tct.stabilitymonitor/1000 (adj 15): empty #9
W/libprocessgroup(22554): failed to open /acct/uid_1000/pid_11775/cgroup.procs: No such file or directory
I/DreamManagerService(22554): Leaving dreamland.
I/DreamController(22554): Stopping dream: name=ComponentInfo{com.android.systemui/com.android.systemui.doze.DozeService}, isTest=false, canDoze=true, userId=0
I/ActivityManager(22554): Start proc com.qualcomm.logkit for broadcast com.qualcomm.logkit/.autotrigger.AutotriggerReceiver: pid=12125 uid=10071 gids={50071, 9997, 1028, 1015, 1023, 1007, 3003, 3002} abi=armeabi-v7a
I/ActivityManager(22554): Killing 11793:com.tct.feedback/1000 (adj 15): empty #9
W/libprocessgroup(22554): failed to open /acct/uid_1000/pid_11793/cgroup.procs: No such file or directory
I/ActivityManager(22554): Start proc com.tcl.tct.stabilitymonitor for broadcast com.tcl.tct.stabilitymonitor/.ReportReceiver: pid=12154 uid=1000 gids={41000, 9997, 1028, 1015, 3002, 3001, 1023, 1007, 3003, 1021, 3004, 3005, 1000, 3009, 1010, 2001} abi=armeabi-v7a
I/ActivityManager(22554): Killing 11962:com.gopro.smarty/u0a120 (adj 15): empty #9
W/libprocessgroup(22554): failed to open /acct/uid_10120/pid_11962/cgroup.procs: No such file or directory
I/ActivityManager(22554): Start proc com.tct.feedback for broadcast com.tct.feedback/.external.bugreport.BroadcastReceiveANR: pid=12172 uid=1000 gids={41000, 9997, 1028, 1015, 3002, 3001, 1023, 1007, 3003, 1021, 3004, 3005, 1000, 3009, 1010, 2001} abi=armeabi-v7a
I/ActivityManager(22554): Killing 11560:com.gopro.smarty:sync/u0a120 (adj 15): empty #9
D/WifiService(22554): Client connection lost with reason: 4
W/libprocessgroup(22554): failed to open /acct/uid_10120/pid_11560/cgroup.procs: No such file or directory
I/ActivityManager(22554): Killing 11825:com.tct.timetool/u0a33 (adj 15): empty #9
W/libprocessgroup(22554): failed to open /acct/uid_10033/pid_11825/cgroup.procs: No such file or directory
I/ActivityManager(22554): Start proc com.google.android.partnersetup for content provider com.google.android.partnersetup/.RlzAppProvider: pid=12209 uid=10014 gids={50014, 9997, 3003} abi=armeabi-v7a
D/PowerManagerNotifier(22554): onUserActivity: event=0, uid=10028
D/PowerManagerNotifier(22554): handleMessage1
I/ActivityManager(22554): Killing 1366:com.google.android.gms/u0a11 (adj 15): empty #9
D/WifiService(22554): Client connection lost with reason: 4
W/libprocessgroup(22554): failed to open /acct/uid_10011/pid_1366/cgroup.procs: No such file or directory
V/KeyguardDisplayManager(22693): hide
I/ActivityManager(22554): Start proc com.google.android.gms for broadcast com.google.android.gms/.kids.account.RetryKidsAccountSetupReceiver: pid=12233 uid=10011 gids={50011, 9997, 2001, 3003, 1007, 3006, 3007, 3002, 3001, 1028, 1015, 1005} abi=armeabi-v7a
W/ResourcesManager(12233): Asset path '/system/framework/com.android.media.remotedisplay.jar' does not exist or contains no resources.
W/ResourcesManager(12233): Asset path '/system/framework/com.android.location.provider.jar' does not exist or contains no resources.
W/InputMethodManagerService(22554): Window already focused, ignoring focus gain of: com.android.internal.view.IInputMethodClient$Stub$Proxy@96f64f attribute=android.view.inputmethod.EditorInfo@f6d21dc, token = android.os.BinderProxy@3e1d61e3
I/ActivityManager(22554): Killing 12024:com.android.chrome/u0a44 (adj 15): empty #9
W/libprocessgroup(22554): failed to open /acct/uid_10044/pid_12024/cgroup.procs: No such file or directory
V/DeviceStorageMonitorService(22554): freeMemory=11685363712, mMemLowThreshold: 52428800
I/DeviceStorageMonitorService(22554): Posting Message again
I/ActivityManager(22554): Waited long enough for: ServiceRecord{11fb775f u0 com.google.android.googlequicksearchbox/com.google.android.velvet.VelvetBackgroundTasksImpl$Service}
V/DeviceStorageMonitorService(22554): freeMemory=11685363712, mMemLowThreshold: 52428800
I/DeviceStorageMonitorService(22554): Posting Message again
V/DeviceStorageMonitorService(22554): freeMemory=11685363712, mMemLowThreshold: 52428800
I/DeviceStorageMonitorService(22554): Posting Message again
V/DeviceStorageMonitorService(22554): freeMemory=11685363712, mMemLowThreshold: 52428800
I/DeviceStorageMonitorService(22554): Posting Message again
V/DeviceStorageMonitorService(22554): freeMemory=11685363712, mMemLowThreshold: 52428800
I/DeviceStorageMonitorService(22554): Posting Message again
V/DeviceStorageMonitorService(22554): freeMemory=11685363712, mMemLowThreshold: 52428800
I/DeviceStorageMonitorService(22554): Posting Message again
V/DeviceStorageMonitorService(22554): freeMemory=11685363712, mMemLowThreshold: 52428800
I/DeviceStorageMonitorService(22554): Posting Message again
V/DeviceStorageMonitorService(22554): freeMemory=11685363712, mMemLowThreshold: 52428800
I/DeviceStorageMonitorService(22554): Posting Message again
V/DeviceStorageMonitorService(22554): freeMemory=11685363712, mMemLowThreshold: 52428800
I/DeviceStorageMonitorService(22554): Posting Message again
I/ProcessStatsService(22554): Prepared write state in 9ms
I/ProcessStatsService(22554): Pruning old procstats: /data/system/procstats/state-2015-03-05-22-45-15.bin
V/DeviceStorageMonitorService(22554): freeMemory=11685388288, mMemLowThreshold: 52428800
I/DeviceStorageMonitorService(22554): Posting Message again
V/DeviceStorageMonitorService(22554): freeMemory=11685388288, mMemLowThreshold: 52428800
I/DeviceStorageMonitorService(22554): Posting Message again
V/DeviceStorageMonitorService(22554): freeMemory=11685388288, mMemLowThreshold: 52428800
I/DeviceStorageMonitorService(22554): Posting Message again
V/DeviceStorageMonitorService(22554): freeMemory=11685388288, mMemLowThreshold: 52428800
I/DeviceStorageMonitorService(22554): Posting Message again
V/DeviceStorageMonitorService(22554): freeMemory=11685388288, mMemLowThreshold: 52428800
I/DeviceStorageMonitorService(22554): Posting Message again
V/DeviceStorageMonitorService(22554): freeMemory=11685388288, mMemLowThreshold: 52428800
I/DeviceStorageMonitorService(22554): Posting Message again
F/libc    (12282): Fatal signal 6 (SIGABRT), code -6 in tid 12282 (main)
I/DEBUG   (30833): *** *** *** *** *** *** *** *** *** *** *** *** *** *** *** ***
I/DEBUG   (30833): Build fingerprint: 'TCL/idol347/idol347:5.0.2/LRX22G/1040:userdebug/release-keys'
I/DEBUG   (30833): Revision: '0'
I/DEBUG   (30833): ABI: 'arm'
I/DEBUG   (30833): pid: 12282, tid: 12282, name: main  >>> app_process <<<
I/DEBUG   (30833): signal 6 (SIGABRT), code -6 (SI_TKILL), fault addr --------
W/NativeCrashListener(22554): Couldn't find ProcessRecord for pid 12282
I/DEBUG   (30833): Abort message: 'art/runtime/thread.cc:1113] Throwing new exception 'android.os.Debug' with unexpected pending exception: java.lang.UnsatisfiedLinkError: android.os.Debug'
I/DEBUG   (30833):     r0 00000000  r1 00002ffa  r2 00000006  r3 00000000
I/DEBUG   (30833):     r4 b6f9e114  r5 00000006  r6 00000002  r7 0000010c
I/DEBUG   (30833):     r8 00000000  r9 b706a4f8  sl b7073418  fp 000000a1
I/DEBUG   (30833):     ip 00002ffa  sp beb90ed0  lr b6f3a811  pc b6f60ee8  cpsr 60070010
I/DEBUG   (30833): 
I/DEBUG   (30833): backtrace:
I/DEBUG   (30833):     #00 pc 00039ee8  /system/lib/libc.so (tgkill+12)
I/DEBUG   (30833):     #01 pc 0001380d  /system/lib/libc.so (pthread_kill+52)
I/DEBUG   (30833):     #02 pc 0001442b  /system/lib/libc.so (raise+10)
I/DEBUG   (30833):     #03 pc 00010c65  /system/lib/libc.so (__libc_android_abort+36)
I/DEBUG   (30833):     #04 pc 0000f1ac  /system/lib/libc.so (abort+4)
I/DEBUG   (30833):     #05 pc 00214d3d  /system/lib/libart.so (art::Runtime::Abort()+160)
I/DEBUG   (30833):     #06 pc 000a6443  /system/lib/libart.so (art::LogMessage::~LogMessage()+1322)
I/DEBUG   (30833):     #07 pc 00222583  /system/lib/libart.so (art::Thread::AssertNoPendingExceptionForNewException(char const*) const+374)
I/DEBUG   (30833):     #08 pc 002261a7  /system/lib/libart.so (art::Thread::ThrowNewException(art::ThrowLocation const&, char const*, char const*)+14)
I/DEBUG   (30833):     #09 pc 000c1d75  /system/lib/libart.so (art::ThrowEarlierClassFailure(art::mirror::Class*)+128)
I/DEBUG   (30833):     #10 pc 000cff45  /system/lib/libart.so (art::ClassLinker::EnsureResolved(art::Thread*, char const*, art::mirror::Class*)+528)
I/DEBUG   (30833):     #11 pc 000d12b7  /system/lib/libart.so (art::ClassLinker::FindClassInPathClassLoader(art::ScopedObjectAccessAlreadyRunnable&, art::Thread*, char const*, art::Handle<art::mirror::ClassLoader>)+174)
I/DEBUG   (30833):     #12 pc 001f9217  /system/lib/libart.so (art::VMClassLoader_findLoadedClass(_JNIEnv*, _jclass*, _jobject*, _jstring*)+254)
I/DEBUG   (30833):     #13 pc 0001afa1  /data/dalvik-cache/arm/system@framework@boot.oat
I/BootReceiver(22554): Copying /data/tombstones/tombstone_04 to DropBox (SYSTEM_TOMBSTONE)
I/ActivityManager(22554): START u0 {act=android.intent.action.MAIN cat=[android.intent.category.LAUNCHER] flg=0x10000000 cmp=com.imooc.strictmodetest/.MainActivity} from uid 0 on display 0
I/ActivityManager(22554): Start proc com.alcatel.music5 for broadcast com.alcatel.music5/.providers.WidgetProvider: pid=12317 uid=10020 gids={50020, 9997, 1028, 1015, 3003} abi=armeabi-v7a
I/ActivityManager(22554): Killing 12064:com.google.android.apps.plus/u0a88 (adj 15): empty #9
W/libprocessgroup(22554): failed to open /acct/uid_10088/pid_12064/cgroup.procs: No such file or directory
V/DeviceStorageMonitorService(22554): freeMemory=11686916096, mMemLowThreshold: 52428800
I/DeviceStorageMonitorService(22554): Posting Message again
D/DefContainer( 9976): Copying /data/local/tmp/com.imooc.strictmodetest to base.apk
D/PackageManager(22554): Renaming /data/app/vmdl908063117.tmp to /data/app/com.imooc.strictmodetest-1
W/MountService(22554): getSecureContainerList() called when storage not mounted
V/BackupManagerService(22554): restoreAtInstall pkg=com.imooc.strictmodetest token=50 restoreSet=0
V/BackupManagerService(22554): Finishing install immediately
I/ActivityManager(22554): Start proc com.tct.gallery3d for broadcast com.tct.gallery3d/.app.PackagesMonitor: pid=12361 uid=10010 gids={50010, 9997, 3003, 1028, 1015, 1023} abi=armeabi-v7a
W/ResourcesManager(12361): Asset path '/system/framework/com.google.android.media.effects.jar' does not exist or contains no resources.
W/MountService(22554): getSecureContainerList() called when storage not mounted
D/BackupManagerService(22554): Received broadcast Intent { act=android.intent.action.PACKAGE_ADDED dat=package:com.imooc.strictmodetest flg=0x4000010 (has extras) }
I/ActivityManager(22554): Start proc com.android.musicfx for broadcast com.android.musicfx/.Compatibility$Receiver: pid=12391 uid=10021 gids={50021, 9997, 3003, 3002} abi=armeabi-v7a
I/ActivityManager(22554): Start proc com.android.vending for broadcast com.android.vending/com.google.android.finsky.receivers.PackageMonitorReceiver$RegisteredReceiver: pid=12417 uid=10023 gids={50023, 9997, 3003, 1028, 1015} abi=armeabi-v7a
I/ActivityManager(22554): Killing 12107:com.tcl.smartsuite/u0a27 (adj 15): empty #9
W/libprocessgroup(22554): failed to open /acct/uid_10027/pid_12107/cgroup.procs: No such file or directory
I/ActivityManager(22554): START u0 {act=android.intent.action.MAIN cat=[android.intent.category.LAUNCHER] flg=0x10000000 cmp=com.imooc.strictmodetest/.MainActivity} from uid 0 on display 0
I/ActivityManager(22554): Start proc com.imooc.strictmodetest for activity com.imooc.strictmodetest/.MainActivity: pid=12478 uid=10124 gids={50124, 9997} abi=armeabi-v7a
I/ActivityManager(22554): Start proc com.google.android.gms:car for service com.google.android.gms/.car.CarService: pid=12496 uid=10011 gids={50011, 9997, 2001, 3003, 1007, 3006, 3007, 3002, 3001, 1028, 1015, 1005} abi=armeabi-v7a
W/ResourcesManager(12496): Asset path '/system/framework/com.android.media.remotedisplay.jar' does not exist or contains no resources.
W/ResourcesManager(12496): Asset path '/system/framework/com.android.location.provider.jar' does not exist or contains no resources.
I/ActivityManager(22554): Killing 12125:com.qualcomm.logkit/u0a71 (adj 15): empty #9
W/libprocessgroup(22554): failed to open /acct/uid_10071/pid_12125/cgroup.procs: No such file or directory
E/AndroidRuntime(12478): FATAL EXCEPTION: main
E/AndroidRuntime(12478): Process: com.imooc.strictmodetest, PID: 12478
E/AndroidRuntime(12478): java.lang.RuntimeException: Unable to start activity ComponentInfo{com.imooc.strictmodetest/com.imooc.strictmodetest.MainActivity}: java.lang.NullPointerException: Attempt to invoke virtual method 'void java.io.InputStream.close()' on a null object reference
E/AndroidRuntime(12478): 	at android.app.ActivityThread.performLaunchActivity(ActivityThread.java:2309)
E/AndroidRuntime(12478): 	at android.app.ActivityThread.handleLaunchActivity(ActivityThread.java:2371)
E/AndroidRuntime(12478): 	at android.app.ActivityThread.access$800(ActivityThread.java:149)
E/AndroidRuntime(12478): 	at android.app.ActivityThread$H.handleMessage(ActivityThread.java:1289)
E/AndroidRuntime(12478): 	at android.os.Handler.dispatchMessage(Handler.java:102)
E/AndroidRuntime(12478): 	at android.os.Looper.loop(Looper.java:135)
E/AndroidRuntime(12478): 	at android.app.ActivityThread.main(ActivityThread.java:5260)
E/AndroidRuntime(12478): 	at java.lang.reflect.Method.invoke(Native Method)
E/AndroidRuntime(12478): 	at java.lang.reflect.Method.invoke(Method.java:372)
E/AndroidRuntime(12478): 	at com.android.internal.os.ZygoteInit$MethodAndArgsCaller.run(ZygoteInit.java:898)
E/AndroidRuntime(12478): 	at com.android.internal.os.ZygoteInit.main(ZygoteInit.java:693)
E/AndroidRuntime(12478): Caused by: java.lang.NullPointerException: Attempt to invoke virtual method 'void java.io.InputStream.close()' on a null object reference
E/AndroidRuntime(12478): 	at com.imooc.strictmodetest.MainActivity.onCreate(MainActivity.java:53)
E/AndroidRuntime(12478): 	at android.app.Activity.performCreate(Activity.java:5976)
E/AndroidRuntime(12478): 	at android.app.Instrumentation.callActivityOnCreate(Instrumentation.java:1105)
E/AndroidRuntime(12478): 	at android.app.ActivityThread.performLaunchActivity(ActivityThread.java:2262)
E/AndroidRuntime(12478): 	... 10 more
I/ActivityManager(22554): Start proc com.google.android.apps.docs for broadcast com.google.android.apps.docs/.receivers.AppPackageAddRemoveReceiver: pid=12520 uid=10048 gids={50048, 9997, 3003, 1028, 1015} abi=armeabi-v7a
W/ActivityManager(22554):   Force finishing activity com.imooc.strictmodetest/.MainActivity
W/InputMethodManagerService(22554): Window already focused, ignoring focus gain of: com.android.internal.view.IInputMethodClient$Stub$Proxy@27d3f7c6 attribute=null, token = android.os.BinderProxy@3e1d61e3
I/ActivityManager(22554): Killing 12154:com.tcl.tct.stabilitymonitor/1000 (adj 15): empty #9
W/libprocessgroup(22554): failed to open /acct/uid_1000/pid_12154/cgroup.procs: No such file or directory
W/ActivityManager(22554): Activity pause timeout for ActivityRecord{87641db u0 com.imooc.strictmodetest/.MainActivity t203 f}
I/ActivityManager(22554): Killing 12172:com.tct.feedback/1000 (adj 15): empty #9
W/libprocessgroup(22554): failed to open /acct/uid_1000/pid_12172/cgroup.procs: No such file or directory
D/PowerManagerNotifier(22554): onUserActivity: event=2, uid=1000
D/PowerManagerNotifier(22554): handleMessage1
W/InputMethodManagerService(22554): Window already focused, ignoring focus gain of: com.android.internal.view.IInputMethodClient$Stub$Proxy@2ddd2505 attribute=null, token = android.os.BinderProxy@3e1d61e3
I/ActivityManager(22554): Process com.imooc.strictmodetest (pid 12478) has died
I/ActivityManager(22554): Start proc com.google.android.apps.plus for broadcast com.google.android.apps.plus/.service.PackagesMediaMonitor: pid=12572 uid=10088 gids={50088, 9997, 3003, 3002, 1028, 1015} abi=armeabi-v7a
W/ResourcesManager(12572): Asset path '/system/framework/com.google.android.maps.jar' does not exist or contains no resources.
I/ActivityManager(22554): Start proc com.jrdcom.wifitransfer for broadcast com.jrdcom.wifitransfer/.utility.WiFiTransferPackageReceiver: pid=12599 uid=10108 gids={50108, 9997, 3003, 1028, 1015, 3002, 3001} abi=armeabi-v7a
I/ActivityManager(22554): Killing 12317:com.alcatel.music5/u0a20 (adj 15): empty #9
W/libprocessgroup(22554): failed to open /acct/uid_10020/pid_12317/cgroup.procs: No such file or directory
I/ActivityManager(22554): Start proc com.qualcomm.logkit for broadcast com.qualcomm.logkit/.autotrigger.AutotriggerReceiver: pid=12620 uid=10071 gids={50071, 9997, 1028, 1015, 1023, 1007, 3003, 3002} abi=armeabi-v7a
I/ActivityManager(22554): Start proc com.tcl.tct.stabilitymonitor for broadcast com.tcl.tct.stabilitymonitor/.ReportReceiver: pid=12647 uid=1000 gids={41000, 9997, 1028, 1015, 3002, 3001, 1023, 1007, 3003, 1021, 3004, 3005, 1000, 3009, 1010, 2001} abi=armeabi-v7a
I/ActivityManager(22554): Killing 12361:com.tct.gallery3d/u0a10 (adj 15): empty #9
W/libprocessgroup(22554): failed to open /acct/uid_10010/pid_12361/cgroup.procs: No such file or directory
I/ActivityManager(22554): Start proc com.tct.feedback for broadcast com.tct.feedback/.external.bugreport.BroadcastReceiveANR: pid=12666 uid=1000 gids={41000, 9997, 1028, 1015, 3002, 3001, 1023, 1007, 3003, 1021, 3004, 3005, 1000, 3009, 1010, 2001} abi=armeabi-v7a
I/ActivityManager(22554): Killing 12209:com.google.android.partnersetup/u0a14 (adj 15): empty #9
W/libprocessgroup(22554): failed to open /acct/uid_10014/pid_12209/cgroup.procs: No such file or directory
I/ActivityManager(22554): Killing 12391:com.android.musicfx/u0a21 (adj 15): empty #9
W/libprocessgroup(22554): failed to open /acct/uid_10021/pid_12391/cgroup.procs: No such file or directory
I/ActivityManager(22554): Killing 12496:com.google.android.gms:car/u0a11 (adj 15): empty #9
W/libprocessgroup(22554): failed to open /acct/uid_10011/pid_12496/cgroup.procs: No such file or directory
W/ActivityManager(22554): Scheduling restart of crashed service com.google.android.gms/.car.CarService in 1000ms
I/ActivityManager(22554): Killing 12417:com.android.vending/u0a23 (adj 15): empty #9
W/libprocessgroup(22554): failed to open /acct/uid_10023/pid_12417/cgroup.procs: No such file or directory
W/ActivityManager(22554): Unable to start service Intent { act=com.google.android.gms.analytics.service.START cmp=com.google.android.gms/.analytics.service.AnalyticsService (has extras) } U=0: not found
I/ActivityManager(22554): START u0 {act=android.intent.action.MAIN cat=[android.intent.category.LAUNCHER] flg=0x10000000 cmp=com.imooc.strictmodetest/.MainActivity} from uid 0 on display 0
I/ActivityManager(22554): Start proc com.imooc.strictmodetest for activity com.imooc.strictmodetest/.MainActivity: pid=12707 uid=10124 gids={50124, 9997} abi=armeabi-v7a
E/AndroidRuntime(12707): FATAL EXCEPTION: main
E/AndroidRuntime(12707): Process: com.imooc.strictmodetest, PID: 12707
E/AndroidRuntime(12707): java.lang.RuntimeException: Unable to start activity ComponentInfo{com.imooc.strictmodetest/com.imooc.strictmodetest.MainActivity}: java.lang.NullPointerException: Attempt to invoke virtual method 'void java.io.InputStream.close()' on a null object reference
E/AndroidRuntime(12707): 	at android.app.ActivityThread.performLaunchActivity(ActivityThread.java:2309)
E/AndroidRuntime(12707): 	at android.app.ActivityThread.handleLaunchActivity(ActivityThread.java:2371)
E/AndroidRuntime(12707): 	at android.app.ActivityThread.access$800(ActivityThread.java:149)
E/AndroidRuntime(12707): 	at android.app.ActivityThread$H.handleMessage(ActivityThread.java:1289)
E/AndroidRuntime(12707): 	at android.os.Handler.dispatchMessage(Handler.java:102)
E/AndroidRuntime(12707): 	at android.os.Looper.loop(Looper.java:135)
E/AndroidRuntime(12707): 	at android.app.ActivityThread.main(ActivityThread.java:5260)
E/AndroidRuntime(12707): 	at java.lang.reflect.Method.invoke(Native Method)
E/AndroidRuntime(12707): 	at java.lang.reflect.Method.invoke(Method.java:372)
E/AndroidRuntime(12707): 	at com.android.internal.os.ZygoteInit$MethodAndArgsCaller.run(ZygoteInit.java:898)
E/AndroidRuntime(12707): 	at com.android.internal.os.ZygoteInit.main(ZygoteInit.java:693)
E/AndroidRuntime(12707): Caused by: java.lang.NullPointerException: Attempt to invoke virtual method 'void java.io.InputStream.close()' on a null object reference
E/AndroidRuntime(12707): 	at com.imooc.strictmodetest.MainActivity.onCreate(MainActivity.java:53)
E/AndroidRuntime(12707): 	at android.app.Activity.performCreate(Activity.java:5976)
E/AndroidRuntime(12707): 	at android.app.Instrumentation.callActivityOnCreate(Instrumentation.java:1105)
E/AndroidRuntime(12707): 	at android.app.ActivityThread.performLaunchActivity(ActivityThread.java:2262)
E/AndroidRuntime(12707): 	... 10 more
W/ActivityManager(22554):   Force finishing activity com.imooc.strictmodetest/.MainActivity
W/ActivityManager(22554): Activity pause timeout for ActivityRecord{808bb14 u0 com.imooc.strictmodetest/.MainActivity t204 f}
I/ActivityManager(22554): Killing 12520:com.google.android.apps.docs/u0a48 (adj 15): empty #9
W/libprocessgroup(22554): failed to open /acct/uid_10048/pid_12520/cgroup.procs: No such file or directory
V/DeviceStorageMonitorService(22554): freeMemory=11686801408, mMemLowThreshold: 52428800
I/DeviceStorageMonitorService(22554): Posting Message again
I/ActivityManager(22554): Start proc com.android.vending for service com.android.vending/com.google.android.finsky.services.ContentSyncService: pid=12736 uid=10023 gids={50023, 9997, 3003, 1028, 1015} abi=armeabi-v7a
I/ActivityManager(22554): Start proc com.google.android.gms:car for service com.google.android.gms/.car.CarService: pid=12772 uid=10011 gids={50011, 9997, 2001, 3003, 1007, 3006, 3007, 3002, 3001, 1028, 1015, 1005} abi=armeabi-v7a
W/ResourcesManager(12772): Asset path '/system/framework/com.android.media.remotedisplay.jar' does not exist or contains no resources.
W/ResourcesManager(12772): Asset path '/system/framework/com.android.location.provider.jar' does not exist or contains no resources.
I/ActivityManager(22554): Killing 12572:com.google.android.apps.plus/u0a88 (adj 15): empty #9
I/ActivityManager(22554): Killing 12089:android.process.acore/u0a5 (adj 15): empty #10
W/libprocessgroup(22554): failed to open /acct/uid_10088/pid_12572/cgroup.procs: No such file or directory
W/libprocessgroup(22554): failed to open /acct/uid_10005/pid_12089/cgroup.procs: No such file or directory
W/ActivityManager(22554): Activity destroy timeout for ActivityRecord{808bb14 u0 com.imooc.strictmodetest/.MainActivity t204 f}
I/ActivityManager(22554): Process com.google.android.gms:car (pid 12772) has died
D/TaskPersister(22554): removeObsoleteFile: deleting file=204_task.xml
D/TaskPersister(22554): removeObsoleteFile: deleting file=204_task_thumbnail.png
I/ActivityManager(22554): Force stopping com.imooc.strictmodetest appid=10124 user=-1: set debug app
I/ActivityManager(22554): Killing 12707:com.imooc.strictmodetest/u0a124 (adj 11): stop com.imooc.strictmodetest
I/ActivityManager(22554): START u0 {act=android.intent.action.MAIN cat=[android.intent.category.LAUNCHER] flg=0x10000000 cmp=com.imooc.strictmodetest/.MainActivity} from uid 0 on display 0
W/ActivityManager(22554): Spurious death for ProcessRecord{2a35297b 12707:com.imooc.strictmodetest/u0a124}, curProc for 12707: null
I/ActivityManager(22554): Start proc com.imooc.strictmodetest for activity com.imooc.strictmodetest/.MainActivity: pid=12821 uid=10124 gids={50124, 9997} abi=armeabi-v7a
W/ActivityThread(12821): Application com.imooc.strictmodetest is waiting for the debugger on port 8100...
V/DeviceStorageMonitorService(22554): freeMemory=11686801408, mMemLowThreshold: 52428800
I/DeviceStorageMonitorService(22554): Posting Message again
W/ActivityManager(22554): Launch timeout has expired, giving up wake lock!
V/DeviceStorageMonitorService(22554): freeMemory=11686801408, mMemLowThreshold: 52428800
I/DeviceStorageMonitorService(22554): Posting Message again
E/AndroidRuntime(12821): FATAL EXCEPTION: main
E/AndroidRuntime(12821): Process: com.imooc.strictmodetest, PID: 12821
E/AndroidRuntime(12821): java.lang.RuntimeException: Unable to start activity ComponentInfo{com.imooc.strictmodetest/com.imooc.strictmodetest.MainActivity}: java.lang.NullPointerException: Attempt to invoke virtual method 'void java.io.InputStream.close()' on a null object reference
E/AndroidRuntime(12821): 	at android.app.ActivityThread.performLaunchActivity(ActivityThread.java:2309)
E/AndroidRuntime(12821): 	at android.app.ActivityThread.handleLaunchActivity(ActivityThread.java:2371)
E/AndroidRuntime(12821): 	at android.app.ActivityThread.access$800(ActivityThread.java:149)
E/AndroidRuntime(12821): 	at android.app.ActivityThread$H.handleMessage(ActivityThread.java:1289)
E/AndroidRuntime(12821): 	at android.os.Handler.dispatchMessage(Handler.java:102)
E/AndroidRuntime(12821): 	at android.os.Looper.loop(Looper.java:135)
E/AndroidRuntime(12821): 	at android.app.ActivityThread.main(ActivityThread.java:5260)
E/AndroidRuntime(12821): 	at java.lang.reflect.Method.invoke(Native Method)
E/AndroidRuntime(12821): 	at java.lang.reflect.Method.invoke(Method.java:372)
E/AndroidRuntime(12821): 	at com.android.internal.os.ZygoteInit$MethodAndArgsCaller.run(ZygoteInit.java:898)
E/AndroidRuntime(12821): 	at com.android.internal.os.ZygoteInit.main(ZygoteInit.java:693)
E/AndroidRuntime(12821): Caused by: java.lang.NullPointerException: Attempt to invoke virtual method 'void java.io.InputStream.close()' on a null object reference
E/AndroidRuntime(12821): 	at com.imooc.strictmodetest.MainActivity.onCreate(MainActivity.java:53)
E/AndroidRuntime(12821): 	at android.app.Activity.performCreate(Activity.java:5976)
E/AndroidRuntime(12821): 	at android.app.Instrumentation.callActivityOnCreate(Instrumentation.java:1105)
E/AndroidRuntime(12821): 	at android.app.ActivityThread.performLaunchActivity(ActivityThread.java:2262)
E/AndroidRuntime(12821): 	... 10 more
W/ActivityManager(22554):   Force finishing activity com.imooc.strictmodetest/.MainActivity
I/WindowManager(22554): Screenshot max retries 4 of Token{7361410 ActivityRecord{18c840d3 u0 com.imooc.strictmodetest/.MainActivity t205 f}} appWin=Window{1b228872 u0 Starting com.imooc.strictmodetest} drawState=4
E/ActivityManager(22554): Invalid thumbnail dimensions: 384x384
W/ActivityManager(22554): Activity pause timeout for ActivityRecord{18c840d3 u0 com.imooc.strictmodetest/.MainActivity t205 f}
W/ActivityManager(22554): Activity destroy timeout for ActivityRecord{18c840d3 u0 com.imooc.strictmodetest/.MainActivity t205 f}
V/DeviceStorageMonitorService(22554): freeMemory=11686797312, mMemLowThreshold: 52428800
I/DeviceStorageMonitorService(22554): Posting Message again
D/TaskPersister(22554): removeObsoleteFile: deleting file=205_task.xml
D/DefContainer( 9976): Copying /data/local/tmp/com.imooc.strictmodetest to base.apk
D/PackageManager(22554): Renaming /data/app/vmdl2013862222.tmp to /data/app/com.imooc.strictmodetest-2
I/ActivityManager(22554): Force stopping com.imooc.strictmodetest appid=10124 user=-1: uninstall pkg
I/ActivityManager(22554): Killing 12821:com.imooc.strictmodetest/u0a124 (adj 9): stop com.imooc.strictmodetest
W/InputMethodManagerService(22554): Window already focused, ignoring focus gain of: com.android.internal.view.IInputMethodClient$Stub$Proxy@6505bce attribute=null, token = android.os.BinderProxy@3e1d61e3
I/PackageManager(22554): args=com.android.server.pm.PackageManagerService$FileInstallArgs@3b840aef
W/MountService(22554): getSecureContainerList() called when storage not mounted
W/ActivityManager(22554): Spurious death for ProcessRecord{2e44d90f 12821:com.imooc.strictmodetest/u0a124}, curProc for 12821: null
I/PackageManager(22554): Package com.imooc.strictmodetest codePath changed from /data/app/com.imooc.strictmodetest-1 to /data/app/com.imooc.strictmodetest-2; Retaining data and using new
W/PackageManager(22554): Code path for pkg : com.imooc.strictmodetest changing from /data/app/com.imooc.strictmodetest-1 to /data/app/com.imooc.strictmodetest-2
I/ActivityManager(22554): Force stopping com.imooc.strictmodetest appid=10124 user=-1: update pkg
W/PackageManager(22554): Resource path for pkg : com.imooc.strictmodetest changing from /data/app/com.imooc.strictmodetest-1 to /data/app/com.imooc.strictmodetest-2
W/MountService(22554): getSecureContainerList() called when storage not mounted
I/ActivityManager(22554): Force stopping com.imooc.strictmodetest appid=10124 user=0: pkg removed
D/BackupManagerService(22554): Received broadcast Intent { act=android.intent.action.PACKAGE_REMOVED dat=package:com.imooc.strictmodetest flg=0x4000010 (has extras) }
D/JobSchedulerService(22554): Receieved: android.intent.action.PACKAGE_REMOVED
I/ActivityManager(22554): Start proc android.process.acore for broadcast com.android.providers.contacts/.PackageIntentReceiver: pid=12881 uid=10005 gids={50005, 9997, 3003, 1028, 1015, 1023} abi=armeabi-v7a
D/BackupManagerService(22554): Received broadcast Intent { act=android.intent.action.PACKAGE_ADDED dat=package:com.imooc.strictmodetest flg=0x4000010 (has extras) }
W/BackupManagerService(22554): Removing schedule queue dupe of com.imooc.strictmodetest
I/ActivityManager(22554): Start proc com.tct.gallery3d for broadcast com.tct.gallery3d/.app.PackagesMonitor: pid=12901 uid=10010 gids={50010, 9997, 3003, 1028, 1015, 1023} abi=armeabi-v7a
W/ResourcesManager(12901): Asset path '/system/framework/com.google.android.media.effects.jar' does not exist or contains no resources.
W/MountService(22554): getSecureContainerList() called when storage not mounted
W/ResourcesManager(23112): Asset path '/system/framework/com.google.android.media.effects.jar' does not exist or contains no resources.
W/ResourcesManager(23112): Asset path '/system/framework/com.google.android.maps.jar' does not exist or contains no resources.
I/ActivityManager(22554): Start proc com.google.android.gms.ui for broadcast com.google.android.gms/com.google.android.location.settings.PackageChangeReceiver: pid=12923 uid=10011 gids={50011, 9997, 2001, 3003, 1007, 3006, 3007, 3002, 3001, 1028, 1015, 1005} abi=armeabi-v7a
W/ResourcesManager(12923): Asset path '/system/framework/com.android.media.remotedisplay.jar' does not exist or contains no resources.
W/ResourcesManager(12923): Asset path '/system/framework/com.android.location.provider.jar' does not exist or contains no resources.
I/ActivityManager(22554): Killing 12599:com.jrdcom.wifitransfer/u0a108 (adj 15): empty #9
W/libprocessgroup(22554): failed to open /acct/uid_10108/pid_12599/cgroup.procs: No such file or directory
I/ActivityManager(22554): Start proc com.android.musicfx for broadcast com.android.musicfx/.Compatibility$Receiver: pid=12948 uid=10021 gids={50021, 9997, 3003, 3002} abi=armeabi-v7a
I/ActivityManager(22554): Killing 12620:com.qualcomm.logkit/u0a71 (adj 15): empty #9
W/libprocessgroup(22554): failed to open /acct/uid_10071/pid_12620/cgroup.procs: No such file or directory
I/ActivityManager(22554): Start proc com.google.android.apps.docs for broadcast com.google.android.apps.docs/.receivers.AppPackageAddRemoveReceiver: pid=12968 uid=10048 gids={50048, 9997, 3003, 1028, 1015} abi=armeabi-v7a
I/ActivityManager(22554): START u0 {act=android.intent.action.MAIN cat=[android.intent.category.LAUNCHER] flg=0x10000000 cmp=com.imooc.strictmodetest/.MainActivity} from uid 0 on display 0
I/ActivityManager(22554): Start proc com.imooc.strictmodetest for activity com.imooc.strictmodetest/.MainActivity: pid=13001 uid=10124 gids={50124, 9997, 3003} abi=armeabi-v7a
I/ActivityManager(22554): Start proc com.android.keychain for broadcast com.android.keychain/.KeyChainBroadcastReceiver: pid=13035 uid=1000 gids={41000, 9997, 1028, 1015, 3002, 3001, 1023, 1007, 3003, 1021, 3004, 3005, 1000, 3009, 1010, 2001} abi=armeabi-v7a
W/ContextImpl(13035): Calling a method in the system process without a qualified user: android.app.ContextImpl.startService:1732 android.content.ContextWrapper.startService:515 android.content.ContextWrapper.startService:515 com.android.keychain.KeyChainBroadcastReceiver.onReceive:12 android.app.ActivityThread.handleReceiver:2590 
I/ActivityManager(22554): Start proc com.google.android.apps.plus for broadcast com.google.android.apps.plus/.service.PackagesMediaMonitor: pid=13055 uid=10088 gids={50088, 9997, 3003, 3002, 1028, 1015} abi=armeabi-v7a
I/ActivityManager(22554): Killing 12647:com.tcl.tct.stabilitymonitor/1000 (adj 15): empty #9
W/libprocessgroup(22554): failed to open /acct/uid_1000/pid_12647/cgroup.procs: No such file or directory
W/ResourcesManager(13055): Asset path '/system/framework/com.google.android.maps.jar' does not exist or contains no resources.
I/ActivityManager(22554): Start proc com.jrdcom.wifitransfer for broadcast com.jrdcom.wifitransfer/.utility.WiFiTransferPackageReceiver: pid=13078 uid=10108 gids={50108, 9997, 3003, 1028, 1015, 3002, 3001} abi=armeabi-v7a
I/ActivityManager(22554): Killing 12666:com.tct.feedback/1000 (adj 15): empty #9
W/libprocessgroup(22554): failed to open /acct/uid_1000/pid_12666/cgroup.procs: No such file or directory
I/ActivityManager(22554): Start proc com.google.android.partnersetup for broadcast com.google.android.partnersetup/.RlzPingBroadcastReceiver: pid=13101 uid=10014 gids={50014, 9997, 3003} abi=armeabi-v7a
I/ActivityManager(22554): Killing 12923:com.google.android.gms.ui/u0a11 (adj 15): empty #9
W/libprocessgroup(22554): failed to open /acct/uid_10011/pid_12923/cgroup.procs: No such file or directory
I/ActivityManager(22554): Killing 13035:com.android.keychain/1000 (adj 15): empty #9
W/libprocessgroup(22554): failed to open /acct/uid_1000/pid_13035/cgroup.procs: No such file or directory
I/ActivityManager(22554): Start proc com.google.android.apps.cloudprint for broadcast com.google.android.apps.cloudprint/.printdialog.receivers.UpgradeBroadcastReceiver: pid=13133 uid=10045 gids={50045, 9997, 3003, 1028} abi=armeabi-v7a
I/ActivityManager(22554): Start proc com.google.android.apps.magazines for broadcast com.google.android.apps.magazines/com.google.apps.dots.android.app.receiver.FirstInstallNotificationReceiver: pid=13153 uid=10076 gids={50076, 9997, 3003, 1028, 1015} abi=armeabi-v7a
E/Vold    (  261): Failed to find mounted volume for /storage/sdcard1/Android/data/com.google.android.apps.magazines/cache/
W/Vold    (  261): Returning OperationFailed - no handler for errno 0
E/Vold    (  261): Failed to find mounted volume for /storage/sdcard1/Android/data/com.google.android.apps.magazines/files/
W/Vold    (  261): Returning OperationFailed - no handler for errno 0
E/Vold    (  261): Failed to find mounted volume for /storage/sdcard1/Android/data/com.google.android.apps.magazines/cache/
W/Vold    (  261): Returning OperationFailed - no handler for errno 0
E/Vold    (  261): Failed to find mounted volume for /storage/sdcard1/Android/data/com.google.android.apps.magazines/files/
W/Vold    (  261): Returning OperationFailed - no handler for errno 0
I/ActivityManager(22554): Killing 12901:com.tct.gallery3d/u0a10 (adj 15): empty #9
W/libprocessgroup(22554): failed to open /acct/uid_10010/pid_12901/cgroup.procs: No such file or directory
I/ActivityManager(22554): Killing 13101:com.google.android.partnersetup/u0a14 (adj 15): empty #9
W/libprocessgroup(22554): failed to open /acct/uid_10014/pid_13101/cgroup.procs: No such file or directory
W/ActivityManager(22554): Unable to start service Intent { act=com.google.android.gms.analytics.service.START cmp=com.google.android.gms/.analytics.service.AnalyticsService (has extras) } U=0: not found
I/ActivityManager(22554): Killing 12736:com.android.vending/u0a23 (adj 15): empty #9
W/libprocessgroup(22554): failed to open /acct/uid_10023/pid_12736/cgroup.procs: No such file or directory
W/ActivityManager(22554): Unable to start service Intent { act=com.google.android.gms.analytics.service.START cmp=com.google.android.gms/.analytics.service.AnalyticsService (has extras) } U=0: not found
W/ActivityManager(22554): Unable to start service Intent { act=com.google.android.gms.analytics.service.START cmp=com.google.android.gms/.analytics.service.AnalyticsService (has extras) } U=0: not found
W/ActivityManager(22554): Unable to start service Intent { act=com.google.android.gms.analytics.service.START cmp=com.google.android.gms/.analytics.service.AnalyticsService (has extras) } U=0: not found
I/ActivityManager(22554): Start proc com.android.vending for service com.android.vending/com.google.android.finsky.services.ContentSyncService: pid=13220 uid=10023 gids={50023, 9997, 3003, 1028, 1015} abi=armeabi-v7a
I/ActivityManager(22554): Start proc com.google.android.gms:car for service com.google.android.gms/.car.CarService: pid=13256 uid=10011 gids={50011, 9997, 2001, 3003, 1007, 3006, 3007, 3002, 3001, 1028, 1015, 1005} abi=armeabi-v7a
W/ResourcesManager(13256): Asset path '/system/framework/com.android.media.remotedisplay.jar' does not exist or contains no resources.
W/ResourcesManager(13256): Asset path '/system/framework/com.android.location.provider.jar' does not exist or contains no resources.
I/ActivityManager(22554): Killing 13055:com.google.android.apps.plus/u0a88 (adj 15): empty #9
I/ActivityManager(22554): Killing 12968:com.google.android.apps.docs/u0a48 (adj 15): empty #10
W/libprocessgroup(22554): failed to open /acct/uid_10088/pid_13055/cgroup.procs: No such file or directory
W/libprocessgroup(22554): failed to open /acct/uid_10048/pid_12968/cgroup.procs: No such file or directory
V/DeviceStorageMonitorService(22554): freeMemory=11686793216, mMemLowThreshold: 52428800
I/DeviceStorageMonitorService(22554): Posting Message again
I/ActivityManager(22554): Process com.google.android.gms:car (pid 13256) has died
I/ActivityManager(22554): Start proc com.tct.timetool for broadcast com.tct.timetool/com.tct.alarmclock.DigitalAppWidgetProvider: pid=13286 uid=10033 gids={50033, 9997, 1028} abi=armeabi-v7a
V/DeviceStorageMonitorService(22554): freeMemory=11686793216, mMemLowThreshold: 52428800
I/DeviceStorageMonitorService(22554): Posting Message again
F/libc    (13310): Fatal signal 6 (SIGABRT), code -6 in tid 13310 (main)
W/NativeCrashListener(22554): Couldn't find ProcessRecord for pid 13310
I/DEBUG   (30833): *** *** *** *** *** *** *** *** *** *** *** *** *** *** *** ***
I/DEBUG   (30833): Build fingerprint: 'TCL/idol347/idol347:5.0.2/LRX22G/1040:userdebug/release-keys'
I/DEBUG   (30833): Revision: '0'
I/DEBUG   (30833): ABI: 'arm'
I/DEBUG   (30833): pid: 13310, tid: 13310, name: main  >>> app_process <<<
I/DEBUG   (30833): signal 6 (SIGABRT), code -6 (SI_TKILL), fault addr --------
I/DEBUG   (30833): Abort message: 'art/runtime/thread.cc:1113] Throwing new exception 'android.os.Debug' with unexpected pending exception: java.lang.UnsatisfiedLinkError: android.os.Debug'
I/DEBUG   (30833):     r0 00000000  r1 000033fe  r2 00000006  r3 00000000
I/DEBUG   (30833):     r4 b6f1a114  r5 00000006  r6 00000002  r7 0000010c
I/DEBUG   (30833):     r8 00000000  r9 b83164f8  sl b831f418  fp 000000a1
I/DEBUG   (30833):     ip 000033fe  sp befa3ed0  lr b6eb6811  pc b6edcee8  cpsr 60070010
I/DEBUG   (30833): 
I/DEBUG   (30833): backtrace:
I/DEBUG   (30833):     #00 pc 00039ee8  /system/lib/libc.so (tgkill+12)
I/DEBUG   (30833):     #01 pc 0001380d  /system/lib/libc.so (pthread_kill+52)
I/DEBUG   (30833):     #02 pc 0001442b  /system/lib/libc.so (raise+10)
I/DEBUG   (30833):     #03 pc 00010c65  /system/lib/libc.so (__libc_android_abort+36)
I/DEBUG   (30833):     #04 pc 0000f1ac  /system/lib/libc.so (abort+4)
I/DEBUG   (30833):     #05 pc 00214d3d  /system/lib/libart.so (art::Runtime::Abort()+160)
I/DEBUG   (30833):     #06 pc 000a6443  /system/lib/libart.so (art::LogMessage::~LogMessage()+1322)
I/DEBUG   (30833):     #07 pc 00222583  /system/lib/libart.so (art::Thread::AssertNoPendingExceptionForNewException(char const*) const+374)
I/DEBUG   (30833):     #08 pc 002261a7  /system/lib/libart.so (art::Thread::ThrowNewException(art::ThrowLocation const&, char const*, char const*)+14)
I/DEBUG   (30833):     #09 pc 000c1d75  /system/lib/libart.so (art::ThrowEarlierClassFailure(art::mirror::Class*)+128)
I/DEBUG   (30833):     #10 pc 000cff45  /system/lib/libart.so (art::ClassLinker::EnsureResolved(art::Thread*, char const*, art::mirror::Class*)+528)
I/DEBUG   (30833):     #11 pc 000d12b7  /system/lib/libart.so (art::ClassLinker::FindClassInPathClassLoader(art::ScopedObjectAccessAlreadyRunnable&, art::Thread*, char const*, art::Handle<art::mirror::ClassLoader>)+174)
I/DEBUG   (30833):     #12 pc 001f9217  /system/lib/libart.so (art::VMClassLoader_findLoadedClass(_JNIEnv*, _jclass*, _jobject*, _jstring*)+254)
I/DEBUG   (30833):     #13 pc 0001afa1  /data/dalvik-cache/arm/system@framework@boot.oat
I/BootReceiver(22554): Copying /data/tombstones/tombstone_05 to DropBox (SYSTEM_TOMBSTONE)
I/ActivityManager(22554): Start proc com.qualcomm.logkit for broadcast com.qualcomm.logkit/.autotrigger.AutotriggerReceiver: pid=13327 uid=10071 gids={50071, 9997, 1028, 1015, 1023, 1007, 3003, 3002} abi=armeabi-v7a
I/ActivityManager(22554): Start proc com.tcl.tct.stabilitymonitor for broadcast com.tcl.tct.stabilitymonitor/.ReportReceiver: pid=13357 uid=1000 gids={41000, 9997, 1028, 1015, 3002, 3001, 1023, 1007, 3003, 1021, 3004, 3005, 1000, 3009, 1010, 2001} abi=armeabi-v7a
I/ActivityManager(22554): Killing 13078:com.jrdcom.wifitransfer/u0a108 (adj 15): empty #9
W/libprocessgroup(22554): failed to open /acct/uid_10108/pid_13078/cgroup.procs: No such file or directory
I/ActivityManager(22554): Start proc com.tct.feedback for broadcast com.tct.feedback/.external.bugreport.BroadcastReceiveANR: pid=13385 uid=1000 gids={41000, 9997, 1028, 1015, 3002, 3001, 1023, 1007, 3003, 1021, 3004, 3005, 1000, 3009, 1010, 2001} abi=armeabi-v7a
I/ActivityManager(22554): Killing 12881:android.process.acore/u0a5 (adj 15): empty #9
W/libprocessgroup(22554): failed to open /acct/uid_10005/pid_12881/cgroup.procs: No such file or directory
I/ActivityManager(22554): Killing 12948:com.android.musicfx/u0a21 (adj 15): empty #9
W/libprocessgroup(22554): failed to open /acct/uid_10021/pid_12948/cgroup.procs: No such file or directory
I/ActivityManager(22554): START u0 {act=android.intent.action.MAIN cat=[android.intent.category.LAUNCHER] flg=0x10000000 cmp=com.imooc.strictmodetest/.MainActivity} from uid 0 on display 0
V/DeviceStorageMonitorService(22554): freeMemory=11686748160, mMemLowThreshold: 52428800
I/DeviceStorageMonitorService(22554): Posting Message again
D/PowerManagerNotifier(22554): onUserActivity: event=2, uid=1000
D/PowerManagerNotifier(22554): handleMessage1
D/PowerManagerNotifier(22554): onUserActivity: event=1, uid=1000
D/PowerManagerNotifier(22554): handleMessage1
W/ViewRootImpl(23112): Dropping event due to no window focus: KeyEvent { action=ACTION_DOWN, keyCode=KEYCODE_BACK, scanCode=0, metaState=0, flags=0x48, repeatCount=0, eventTime=387661107, downTime=387661107, deviceId=-1, source=0x101 }
D/WindowManager(22554): Unhandled key: win=Window{3ee807e0 u0 com.tct.launcher/com.tct.launcher.Launcher}, action=0, flags=72, keyCode=4, scanCode=0, metaState=0, repeatCount=0, policyFlags=1795162114
D/WindowManager(22554): No fallback.
D/WindowManager(22554): Unhandled key: win=Window{3ee807e0 u0 com.tct.launcher/com.tct.launcher.Launcher}, action=1, flags=72, keyCode=4, scanCode=0, metaState=0, repeatCount=0, policyFlags=1795162114
D/WindowManager(22554): No fallback.
D/PowerManagerNotifier(22554): onUserActivity: event=2, uid=1000
D/PowerManagerNotifier(22554): handleMessage1
D/PowerManagerNotifier(22554): onUserActivity: event=1, uid=1000
D/PowerManagerNotifier(22554): handleMessage1
I/ActivityManager(22554): Killing 13133:com.google.android.apps.cloudprint/u0a45 (adj 15): empty #9
W/libprocessgroup(22554): failed to open /acct/uid_10045/pid_13133/cgroup.procs: No such file or directory
D/PowerManagerNotifier(22554): onUserActivity: event=2, uid=1000
D/PowerManagerNotifier(22554): handleMessage1
D/PowerManagerNotifier(22554): onUserActivity: event=1, uid=1000
D/PowerManagerNotifier(22554): handleMessage1
I/ActivityManager(22554): START u0 {act=android.intent.action.MAIN cat=[android.intent.category.LAUNCHER] flg=0x10000000 cmp=com.imooc.strictmodetest/.MainActivity} from uid 0 on display 0
D/TaskPersister(22554): removeObsoleteFile: deleting file=206_task.xml
D/TaskPersister(22554): removeObsoleteFile: deleting file=206_task_thumbnail.png
I/ActivityManager(22554): Force stopping com.imooc.strictmodetest appid=10124 user=-1: set debug app
I/ActivityManager(22554): Killing 13001:com.imooc.strictmodetest/u0a124 (adj 0): stop com.imooc.strictmodetest
I/WindowState(22554): WIN DEATH: Window{28838ef6 u0 com.imooc.strictmodetest/com.imooc.strictmodetest.MainActivity}
W/ActivityManager(22554): Force removing ActivityRecord{f32fe7a u0 com.imooc.strictmodetest/.MainActivity t207}: app died, no saved state
W/ActivityManager(22554): Spurious death for ProcessRecord{18d1a482 13001:com.imooc.strictmodetest/u0a124}, curProc for 13001: null
I/ActivityManager(22554): START u0 {act=android.intent.action.MAIN cat=[android.intent.category.LAUNCHER] flg=0x10000000 cmp=com.imooc.strictmodetest/.MainActivity} from uid 0 on display 0
I/ActivityManager(22554): Start proc com.imooc.strictmodetest for activity com.imooc.strictmodetest/.MainActivity: pid=13466 uid=10124 gids={50124, 9997, 3003} abi=armeabi-v7a
W/ActivityThread(13466): Application com.imooc.strictmodetest is waiting for the debugger on port 8100...
D/TaskPersister(22554): removeObsoleteFile: deleting file=207_task.xml
V/DeviceStorageMonitorService(22554): freeMemory=11686760448, mMemLowThreshold: 52428800
I/DeviceStorageMonitorService(22554): Posting Message again
W/ActivityManager(22554): Launch timeout has expired, giving up wake lock!
W/InputMethodManagerService(22554): Got RemoteException sending setActive(false) notification to pid 13001 uid 10124
V/DeviceStorageMonitorService(22554): freeMemory=11686760448, mMemLowThreshold: 52428800
I/DeviceStorageMonitorService(22554): Posting Message again
V/DeviceStorageMonitorService(22554): freeMemory=11686760448, mMemLowThreshold: 52428800
