--------- beginning of crash
F/libc    ( 6306): Fatal signal 6 (SIGABRT), code -6 in tid 6306 (main)
I/DEBUG   (  292): *** *** *** *** *** *** *** *** *** *** *** *** *** *** *** ***
I/DEBUG   (  292): Build fingerprint: 'TCL/idol347/idol347:5.0.2/LRX22G/1040:userdebug/release-keys'
I/DEBUG   (  292): Revision: '0'
I/DEBUG   (  292): ABI: 'arm'
I/DEBUG   (  292): pid: 6306, tid: 6306, name: main  >>> app_process <<<
I/DEBUG   (  292): signal 6 (SIGABRT), code -6 (SI_TKILL), fault addr --------
I/DEBUG   (  292): Abort message: 'art/runtime/thread.cc:1113] Throwing new exception 'android.os.Debug' with unexpected pending exception: java.lang.UnsatisfiedLinkError: android.os.Debug'
I/DEBUG   (  292):     r0 00000000  r1 000018a2  r2 00000006  r3 00000000
I/DEBUG   (  292):     r4 b6f6a114  r5 00000006  r6 00000002  r7 0000010c
I/DEBUG   (  292):     r8 00000000  r9 b83354f8  sl b833e418  fp 000000a1
I/DEBUG   (  292):     ip 000018a2  sp bedd0ed0  lr b6f06811  pc b6f2cee8  cpsr 60070010
I/DEBUG   (  292): 
I/DEBUG   (  292): backtrace:
I/DEBUG   (  292):     #00 pc 00039ee8  /system/lib/libc.so (tgkill+12)
I/DEBUG   (  292):     #01 pc 0001380d  /system/lib/libc.so (pthread_kill+52)
I/DEBUG   (  292):     #02 pc 0001442b  /system/lib/libc.so (raise+10)
I/DEBUG   (  292):     #03 pc 00010c65  /system/lib/libc.so (__libc_android_abort+36)
I/DEBUG   (  292):     #04 pc 0000f1ac  /system/lib/libc.so (abort+4)
I/DEBUG   (  292):     #05 pc 00214d3d  /system/lib/libart.so (art::Runtime::Abort()+160)
I/DEBUG   (  292):     #06 pc 000a6443  /system/lib/libart.so (art::LogMessage::~LogMessage()+1322)
I/DEBUG   (  292):     #07 pc 00222583  /system/lib/libart.so (art::Thread::AssertNoPendingExceptionForNewException(char const*) const+374)
I/DEBUG   (  292):     #08 pc 002261a7  /system/lib/libart.so (art::Thread::ThrowNewException(art::ThrowLocation const&, char const*, char const*)+14)
I/DEBUG   (  292):     #09 pc 000c1d75  /system/lib/libart.so (art::ThrowEarlierClassFailure(art::mirror::Class*)+128)
I/DEBUG   (  292):     #10 pc 000cff45  /system/lib/libart.so (art::ClassLinker::EnsureResolved(art::Thread*, char const*, art::mirror::Class*)+528)
I/DEBUG   (  292):     #11 pc 000d12b7  /system/lib/libart.so (art::ClassLinker::FindClassInPathClassLoader(art::ScopedObjectAccessAlreadyRunnable&, art::Thread*, char const*, art::Handle<art::mirror::ClassLoader>)+174)
I/DEBUG   (  292):     #12 pc 001f9217  /system/lib/libart.so (art::VMClassLoader_findLoadedClass(_JNIEnv*, _jclass*, _jobject*, _jstring*)+254)
I/DEBUG   (  292):     #13 pc 0001afa1  /data/dalvik-cache/arm/system@framework@boot.oat
F/libc    ( 8488): Fatal signal 6 (SIGABRT), code -6 in tid 8488 (main)
I/DEBUG   (  292): *** *** *** *** *** *** *** *** *** *** *** *** *** *** *** ***
I/DEBUG   (  292): Build fingerprint: 'TCL/idol347/idol347:5.0.2/LRX22G/1040:userdebug/release-keys'
I/DEBUG   (  292): Revision: '0'
I/DEBUG   (  292): ABI: 'arm'
I/DEBUG   (  292): pid: 8488, tid: 8488, name: main  >>> app_process <<<
I/DEBUG   (  292): signal 6 (SIGABRT), code -6 (SI_TKILL), fault addr --------
I/DEBUG   (  292): Abort message: 'art/runtime/thread.cc:1113] Throwing new exception 'android.os.Debug' with unexpected pending exception: java.lang.UnsatisfiedLinkError: android.os.Debug'
I/DEBUG   (  292):     r0 00000000  r1 00002128  r2 00000006  r3 00000000
I/DEBUG   (  292):     r4 b6f2f114  r5 00000006  r6 00000002  r7 0000010c
I/DEBUG   (  292):     r8 00000000  r9 b7c3fce0  sl b7c484d8  fp 000000a1
I/DEBUG   (  292):     ip 00002128  sp be8e9e70  lr b6ecb811  pc b6ef1ee8  cpsr 60070010
I/DEBUG   (  292): 
I/DEBUG   (  292): backtrace:
I/DEBUG   (  292):     #00 pc 00039ee8  /system/lib/libc.so (tgkill+12)
I/DEBUG   (  292):     #01 pc 0001380d  /system/lib/libc.so (pthread_kill+52)
I/DEBUG   (  292):     #02 pc 0001442b  /system/lib/libc.so (raise+10)
I/DEBUG   (  292):     #03 pc 00010c65  /system/lib/libc.so (__libc_android_abort+36)
I/DEBUG   (  292):     #04 pc 0000f1ac  /system/lib/libc.so (abort+4)
I/DEBUG   (  292):     #05 pc 00214d3d  /system/lib/libart.so (art::Runtime::Abort()+160)
I/DEBUG   (  292):     #06 pc 000a6443  /system/lib/libart.so (art::LogMessage::~LogMessage()+1322)
I/DEBUG   (  292):     #07 pc 00222583  /system/lib/libart.so (art::Thread::AssertNoPendingExceptionForNewException(char const*) const+374)
I/DEBUG   (  292):     #08 pc 002261a7  /system/lib/libart.so (art::Thread::ThrowNewException(art::ThrowLocation const&, char const*, char const*)+14)
I/DEBUG   (  292):     #09 pc 000c1d75  /system/lib/libart.so (art::ThrowEarlierClassFailure(art::mirror::Class*)+128)
I/DEBUG   (  292):     #10 pc 000cff45  /system/lib/libart.so (art::ClassLinker::EnsureResolved(art::Thread*, char const*, art::mirror::Class*)+528)
I/DEBUG   (  292):     #11 pc 000d12b7  /system/lib/libart.so (art::ClassLinker::FindClassInPathClassLoader(art::ScopedObjectAccessAlreadyRunnable&, art::Thread*, char const*, art::Handle<art::mirror::ClassLoader>)+174)
I/DEBUG   (  292):     #12 pc 001f9217  /system/lib/libart.so (art::VMClassLoader_findLoadedClass(_JNIEnv*, _jclass*, _jobject*, _jstring*)+254)
I/DEBUG   (  292):     #13 pc 0001afa1  /data/dalvik-cache/arm/system@framework@boot.oat
E/AndroidRuntime( 9780): FATAL EXCEPTION: main
E/AndroidRuntime( 9780): Process: com.imooc.fragmenttest, PID: 9780
E/AndroidRuntime( 9780): java.lang.RuntimeException: Unable to start activity ComponentInfo{com.imooc.fragmenttest/com.imooc.fragmenttest.fragment_activity.FragmentActivityTest}: android.view.InflateException: Binary XML file line #26: Error inflating class fragment
E/AndroidRuntime( 9780): 	at android.app.ActivityThread.performLaunchActivity(ActivityThread.java:2309)
E/AndroidRuntime( 9780): 	at android.app.ActivityThread.handleLaunchActivity(ActivityThread.java:2371)
E/AndroidRuntime( 9780): 	at android.app.ActivityThread.access$800(ActivityThread.java:149)
E/AndroidRuntime( 9780): 	at android.app.ActivityThread$H.handleMessage(ActivityThread.java:1289)
E/AndroidRuntime( 9780): 	at android.os.Handler.dispatchMessage(Handler.java:102)
E/AndroidRuntime( 9780): 	at android.os.Looper.loop(Looper.java:135)
E/AndroidRuntime( 9780): 	at android.app.ActivityThread.main(ActivityThread.java:5260)
E/AndroidRuntime( 9780): 	at java.lang.reflect.Method.invoke(Native Method)
E/AndroidRuntime( 9780): 	at java.lang.reflect.Method.invoke(Method.java:372)
E/AndroidRuntime( 9780): 	at com.android.internal.os.ZygoteInit$MethodAndArgsCaller.run(ZygoteInit.java:898)
E/AndroidRuntime( 9780): 	at com.android.internal.os.ZygoteInit.main(ZygoteInit.java:693)
E/AndroidRuntime( 9780): Caused by: android.view.InflateException: Binary XML file line #26: Error inflating class fragment
E/AndroidRuntime( 9780): 	at android.view.LayoutInflater.createViewFromTag(LayoutInflater.java:763)
E/AndroidRuntime( 9780): 	at android.view.LayoutInflater.rInflate(LayoutInflater.java:806)
E/AndroidRuntime( 9780): 	at android.view.LayoutInflater.rInflate(LayoutInflater.java:809)
E/AndroidRuntime( 9780): 	at android.view.LayoutInflater.inflate(LayoutInflater.java:504)
E/AndroidRuntime( 9780): 	at android.view.LayoutInflater.inflate(LayoutInflater.java:414)
E/AndroidRuntime( 9780): 	at android.view.LayoutInflater.inflate(LayoutInflater.java:365)
E/AndroidRuntime( 9780): 	at com.android.internal.policy.impl.PhoneWindow.setContentView(PhoneWindow.java:403)
E/AndroidRuntime( 9780): 	at android.app.Activity.setContentView(Activity.java:2153)
E/AndroidRuntime( 9780): 	at com.imooc.fragmenttest.fragment_activity.FragmentActivityTest.onCreate(FragmentActivityTest.java:13)
E/AndroidRuntime( 9780): 	at android.app.Activity.performCreate(Activity.java:5976)
E/AndroidRuntime( 9780): 	at android.app.Instrumentation.callActivityOnCreate(Instrumentation.java:1105)
E/AndroidRuntime( 9780): 	at android.app.ActivityThread.performLaunchActivity(ActivityThread.java:2262)
E/AndroidRuntime( 9780): 	... 10 more
E/AndroidRuntime( 9780): Caused by: java.lang.NullPointerException: Attempt to invoke virtual method 'void android.widget.Button.setOnClickListener(android.view.View$OnClickListener)' on a null object reference
E/AndroidRuntime( 9780): 	at com.imooc.fragmenttest.fragment_activity.FragmentItem1.onCreateView(FragmentItem1.java:18)
E/AndroidRuntime( 9780): 	at android.app.Fragment.performCreateView(Fragment.java:2053)
E/AndroidRuntime( 9780): 	at android.app.FragmentManagerImpl.moveToState(FragmentManager.java:873)
E/AndroidRuntime( 9780): 	at android.app.FragmentManagerImpl.moveToState(FragmentManager.java:1048)
E/AndroidRuntime( 9780): 	at android.app.FragmentManagerImpl.addFragment(FragmentManager.java:1150)
E/AndroidRuntime( 9780): 	at android.app.FragmentManagerImpl.onCreateView(FragmentManager.java:2128)
E/AndroidRuntime( 9780): 	at android.app.Activity.onCreateView(Activity.java:5325)
E/AndroidRuntime( 9780): 	at android.view.LayoutInflater.createViewFromTag(LayoutInflater.java:733)
E/AndroidRuntime( 9780): 	... 21 more
F/libc    (10727): Fatal signal 6 (SIGABRT), code -6 in tid 10727 (main)
I/DEBUG   (  292): *** *** *** *** *** *** *** *** *** *** *** *** *** *** *** ***
I/DEBUG   (  292): Build fingerprint: 'TCL/idol347/idol347:5.0.2/LRX22G/1040:userdebug/release-keys'
I/DEBUG   (  292): Revision: '0'
I/DEBUG   (  292): ABI: 'arm'
I/DEBUG   (  292): pid: 10727, tid: 10727, name: main  >>> app_process <<<
I/DEBUG   (  292): signal 6 (SIGABRT), code -6 (SI_TKILL), fault addr --------
I/DEBUG   (  292): Abort message: 'art/runtime/thread.cc:1113] Throwing new exception 'android.os.Debug' with unexpected pending exception: java.lang.UnsatisfiedLinkError: android.os.Debug'
I/DEBUG   (  292):     r0 00000000  r1 000029e7  r2 00000006  r3 00000000
I/DEBUG   (  292):     r4 b6ff6114  r5 00000006  r6 00000002  r7 0000010c
I/DEBUG   (  292):     r8 00000000  r9 b77424f8  sl b774b418  fp 000000a1
I/DEBUG   (  292):     ip 000029e7  sp bee90ed0  lr b6f92811  pc b6fb8ee8  cpsr 60070010
I/DEBUG   (  292): 
I/DEBUG   (  292): backtrace:
I/DEBUG   (  292):     #00 pc 00039ee8  /system/lib/libc.so (tgkill+12)
I/DEBUG   (  292):     #01 pc 0001380d  /system/lib/libc.so (pthread_kill+52)
I/DEBUG   (  292):     #02 pc 0001442b  /system/lib/libc.so (raise+10)
I/DEBUG   (  292):     #03 pc 00010c65  /system/lib/libc.so (__libc_android_abort+36)
I/DEBUG   (  292):     #04 pc 0000f1ac  /system/lib/libc.so (abort+4)
I/DEBUG   (  292):     #05 pc 00214d3d  /system/lib/libart.so (art::Runtime::Abort()+160)
I/DEBUG   (  292):     #06 pc 000a6443  /system/lib/libart.so (art::LogMessage::~LogMessage()+1322)
I/DEBUG   (  292):     #07 pc 00222583  /system/lib/libart.so (art::Thread::AssertNoPendingExceptionForNewException(char const*) const+374)
I/DEBUG   (  292):     #08 pc 002261a7  /system/lib/libart.so (art::Thread::ThrowNewException(art::ThrowLocation const&, char const*, char const*)+14)
I/DEBUG   (  292):     #09 pc 000c1d75  /system/lib/libart.so (art::ThrowEarlierClassFailure(art::mirror::Class*)+128)
I/DEBUG   (  292):     #10 pc 000cff45  /system/lib/libart.so (art::ClassLinker::EnsureResolved(art::Thread*, char const*, art::mirror::Class*)+528)
I/DEBUG   (  292):     #11 pc 000d12b7  /system/lib/libart.so (art::ClassLinker::FindClassInPathClassLoader(art::ScopedObjectAccessAlreadyRunnable&, art::Thread*, char const*, art::Handle<art::mirror::ClassLoader>)+174)
I/DEBUG   (  292):     #12 pc 001f9217  /system/lib/libart.so (art::VMClassLoader_findLoadedClass(_JNIEnv*, _jclass*, _jobject*, _jstring*)+254)
I/DEBUG   (  292):     #13 pc 0001afa1  /data/dalvik-cache/arm/system@framework@boot.oat
E/AndroidRuntime(10762): FATAL EXCEPTION: main
E/AndroidRuntime(10762): Process: com.imooc.fragmenttest, PID: 10762
E/AndroidRuntime(10762): java.lang.RuntimeException: Unable to start activity ComponentInfo{com.imooc.fragmenttest/com.imooc.fragmenttest.fragment_activity.FragmentActivityTest}: android.view.InflateException: Binary XML file line #26: Error inflating class fragment
E/AndroidRuntime(10762): 	at android.app.ActivityThread.performLaunchActivity(ActivityThread.java:2309)
E/AndroidRuntime(10762): 	at android.app.ActivityThread.handleLaunchActivity(ActivityThread.java:2371)
E/AndroidRuntime(10762): 	at android.app.ActivityThread.access$800(ActivityThread.java:149)
E/AndroidRuntime(10762): 	at android.app.ActivityThread$H.handleMessage(ActivityThread.java:1289)
E/AndroidRuntime(10762): 	at android.os.Handler.dispatchMessage(Handler.java:102)
E/AndroidRuntime(10762): 	at android.os.Looper.loop(Looper.java:135)
E/AndroidRuntime(10762): 	at android.app.ActivityThread.main(ActivityThread.java:5260)
E/AndroidRuntime(10762): 	at java.lang.reflect.Method.invoke(Native Method)
E/AndroidRuntime(10762): 	at java.lang.reflect.Method.invoke(Method.java:372)
E/AndroidRuntime(10762): 	at com.android.internal.os.ZygoteInit$MethodAndArgsCaller.run(ZygoteInit.java:898)
E/AndroidRuntime(10762): 	at com.android.internal.os.ZygoteInit.main(ZygoteInit.java:693)
E/AndroidRuntime(10762): Caused by: android.view.InflateException: Binary XML file line #26: Error inflating class fragment
E/AndroidRuntime(10762): 	at android.view.LayoutInflater.createViewFromTag(LayoutInflater.java:763)
E/AndroidRuntime(10762): 	at android.view.LayoutInflater.rInflate(LayoutInflater.java:806)
E/AndroidRuntime(10762): 	at android.view.LayoutInflater.rInflate(LayoutInflater.java:809)
E/AndroidRuntime(10762): 	at android.view.LayoutInflater.inflate(LayoutInflater.java:504)
E/AndroidRuntime(10762): 	at android.view.LayoutInflater.inflate(LayoutInflater.java:414)
E/AndroidRuntime(10762): 	at android.view.LayoutInflater.inflate(LayoutInflater.java:365)
E/AndroidRuntime(10762): 	at com.android.internal.policy.impl.PhoneWindow.setContentView(PhoneWindow.java:403)
E/AndroidRuntime(10762): 	at android.app.Activity.setContentView(Activity.java:2153)
E/AndroidRuntime(10762): 	at com.imooc.fragmenttest.fragment_activity.FragmentActivityTest.onCreate(FragmentActivityTest.java:13)
E/AndroidRuntime(10762): 	at android.app.Activity.performCreate(Activity.java:5976)
E/AndroidRuntime(10762): 	at android.app.Instrumentation.callActivityOnCreate(Instrumentation.java:1105)
E/AndroidRuntime(10762): 	at android.app.ActivityThread.performLaunchActivity(ActivityThread.java:2262)
E/AndroidRuntime(10762): 	... 10 more
E/AndroidRuntime(10762): Caused by: java.lang.NullPointerException: Attempt to invoke virtual method 'void android.widget.Button.setOnClickListener(android.view.View$OnClickListener)' on a null object reference
E/AndroidRuntime(10762): 	at com.imooc.fragmenttest.fragment_activity.FragmentItem1.onCreateView(FragmentItem1.java:18)
E/AndroidRuntime(10762): 	at android.app.Fragment.performCreateView(Fragment.java:2053)
E/AndroidRuntime(10762): 	at android.app.FragmentManagerImpl.moveToState(FragmentManager.java:873)
E/AndroidRuntime(10762): 	at android.app.FragmentManagerImpl.moveToState(FragmentManager.java:1048)
E/AndroidRuntime(10762): 	at android.app.FragmentManagerImpl.addFragment(FragmentManager.java:1150)
E/AndroidRuntime(10762): 	at android.app.FragmentManagerImpl.onCreateView(FragmentManager.java:2128)
E/AndroidRuntime(10762): 	at android.app.Activity.onCreateView(Activity.java:5325)
E/AndroidRuntime(10762): 	at android.view.LayoutInflater.createViewFromTag(LayoutInflater.java:733)
E/AndroidRuntime(10762): 	... 21 more
F/libc    (11254): Fatal signal 6 (SIGABRT), code -6 in tid 11254 (main)
I/DEBUG   (  292): *** *** *** *** *** *** *** *** *** *** *** *** *** *** *** ***
I/DEBUG   (  292): Build fingerprint: 'TCL/idol347/idol347:5.0.2/LRX22G/1040:userdebug/release-keys'
I/DEBUG   (  292): Revision: '0'
I/DEBUG   (  292): ABI: 'arm'
I/DEBUG   (  292): pid: 11254, tid: 11254, name: main  >>> app_process <<<
I/DEBUG   (  292): signal 6 (SIGABRT), code -6 (SI_TKILL), fault addr --------
I/DEBUG   (  292): Abort message: 'art/runtime/thread.cc:1113] Throwing new exception 'android.os.Debug' with unexpected pending exception: java.lang.UnsatisfiedLinkError: android.os.Debug'
I/DEBUG   (  292):     r0 00000000  r1 00002bf6  r2 00000006  r3 00000000
I/DEBUG   (  292):     r4 b6fe1114  r5 00000006  r6 00000002  r7 0000010c
I/DEBUG   (  292):     r8 00000000  r9 b809dce0  sl b80a64d8  fp 000000a1
I/DEBUG   (  292):     ip 00002bf6  sp beabee70  lr b6f7d811  pc b6fa3ee8  cpsr 60070010
I/DEBUG   (  292): 
I/DEBUG   (  292): backtrace:
I/DEBUG   (  292):     #00 pc 00039ee8  /system/lib/libc.so (tgkill+12)
I/DEBUG   (  292):     #01 pc 0001380d  /system/lib/libc.so (pthread_kill+52)
I/DEBUG   (  292):     #02 pc 0001442b  /system/lib/libc.so (raise+10)
I/DEBUG   (  292):     #03 pc 00010c65  /system/lib/libc.so (__libc_android_abort+36)
I/DEBUG   (  292):     #04 pc 0000f1ac  /system/lib/libc.so (abort+4)
I/DEBUG   (  292):     #05 pc 00214d3d  /system/lib/libart.so (art::Runtime::Abort()+160)
I/DEBUG   (  292):     #06 pc 000a6443  /system/lib/libart.so (art::LogMessage::~LogMessage()+1322)
I/DEBUG   (  292):     #07 pc 00222583  /system/lib/libart.so (art::Thread::AssertNoPendingExceptionForNewException(char const*) const+374)
I/DEBUG   (  292):     #08 pc 002261a7  /system/lib/libart.so (art::Thread::ThrowNewException(art::ThrowLocation const&, char const*, char const*)+14)
I/DEBUG   (  292):     #09 pc 000c1d75  /system/lib/libart.so (art::ThrowEarlierClassFailure(art::mirror::Class*)+128)
I/DEBUG   (  292):     #10 pc 000cff45  /system/lib/libart.so (art::ClassLinker::EnsureResolved(art::Thread*, char const*, art::mirror::Class*)+528)
I/DEBUG   (  292):     #11 pc 000d12b7  /system/lib/libart.so (art::ClassLinker::FindClassInPathClassLoader(art::ScopedObjectAccessAlreadyRunnable&, art::Thread*, char const*, art::Handle<art::mirror::ClassLoader>)+174)
I/DEBUG   (  292):     #12 pc 001f9217  /system/lib/libart.so (art::VMClassLoader_findLoadedClass(_JNIEnv*, _jclass*, _jobject*, _jstring*)+254)
I/DEBUG   (  292):     #13 pc 0001afa1  /data/dalvik-cache/arm/system@framework@boot.oat
E/AndroidRuntime(12265): FATAL EXCEPTION: main
E/AndroidRuntime(12265): Process: com.imooc.fragmenttest, PID: 12265
E/AndroidRuntime(12265): java.lang.RuntimeException: Unable to start activity ComponentInfo{com.imooc.fragmenttest/com.imooc.fragmenttest.fragment_activity.FragmentActivityTest}: java.lang.NullPointerException: Attempt to invoke virtual method 'java.lang.String android.os.Bundle.getString(java.lang.String)' on a null object reference
E/AndroidRuntime(12265): 	at android.app.ActivityThread.performLaunchActivity(ActivityThread.java:2309)
E/AndroidRuntime(12265): 	at android.app.ActivityThread.handleLaunchActivity(ActivityThread.java:2371)
E/AndroidRuntime(12265): 	at android.app.ActivityThread.access$800(ActivityThread.java:149)
E/AndroidRuntime(12265): 	at android.app.ActivityThread$H.handleMessage(ActivityThread.java:1289)
E/AndroidRuntime(12265): 	at android.os.Handler.dispatchMessage(Handler.java:102)
E/AndroidRuntime(12265): 	at android.os.Looper.loop(Looper.java:135)
E/AndroidRuntime(12265): 	at android.app.ActivityThread.main(ActivityThread.java:5260)
E/AndroidRuntime(12265): 	at java.lang.reflect.Method.invoke(Native Method)
E/AndroidRuntime(12265): 	at java.lang.reflect.Method.invoke(Method.java:372)
E/AndroidRuntime(12265): 	at com.android.internal.os.ZygoteInit$MethodAndArgsCaller.run(ZygoteInit.java:898)
E/AndroidRuntime(12265): 	at com.android.internal.os.ZygoteInit.main(ZygoteInit.java:693)
E/AndroidRuntime(12265): Caused by: java.lang.NullPointerException: Attempt to invoke virtual method 'java.lang.String android.os.Bundle.getString(java.lang.String)' on a null object reference
E/AndroidRuntime(12265): 	at com.imooc.fragmenttest.fragment_activity.FragmentItem2.onStart(FragmentItem2.java:35)
E/AndroidRuntime(12265): 	at android.app.Fragment.performStart(Fragment.java:2077)
E/AndroidRuntime(12265): 	at android.app.FragmentManagerImpl.moveToState(FragmentManager.java:925)
E/AndroidRuntime(12265): 	at android.app.FragmentManagerImpl.moveToState(FragmentManager.java:1070)
E/AndroidRuntime(12265): 	at android.app.FragmentManagerImpl.moveToState(FragmentManager.java:1052)
E/AndroidRuntime(12265): 	at android.app.FragmentManagerImpl.dispatchStart(FragmentManager.java:1886)
E/AndroidRuntime(12265): 	at android.app.Activity.performStart(Activity.java:5998)
E/AndroidRuntime(12265): 	at android.app.ActivityThread.performLaunchActivity(ActivityThread.java:2272)
E/AndroidRuntime(12265): 	... 10 more
F/libc    (16310): Fatal signal 6 (SIGABRT), code -6 in tid 16310 (main)
I/DEBUG   (  292): *** *** *** *** *** *** *** *** *** *** *** *** *** *** *** ***
I/DEBUG   (  292): Build fingerprint: 'TCL/idol347/idol347:5.0.2/LRX22G/1040:userdebug/release-keys'
I/DEBUG   (  292): Revision: '0'
I/DEBUG   (  292): ABI: 'arm'
I/DEBUG   (  292): pid: 16310, tid: 16310, name: main  >>> app_process <<<
I/DEBUG   (  292): signal 6 (SIGABRT), code -6 (SI_TKILL), fault addr --------
I/DEBUG   (  292): Abort message: 'art/runtime/thread.cc:1113] Throwing new exception 'android.os.Debug' with unexpected pending exception: java.lang.UnsatisfiedLinkError: android.os.Debug'
I/DEBUG   (  292):     r0 00000000  r1 00003fb6  r2 00000006  r3 00000000
I/DEBUG   (  292):     r4 b6f35114  r5 00000006  r6 00000002  r7 0000010c
I/DEBUG   (  292):     r8 00000000  r9 b76654f8  sl b766e428  fp 000000a1
I/DEBUG   (  292):     ip 00003fb6  sp beb9eec0  lr b6ed1811  pc b6ef7ee8  cpsr 60070010
I/DEBUG   (  292): 
I/DEBUG   (  292): backtrace:
I/DEBUG   (  292):     #00 pc 00039ee8  /system/lib/libc.so (tgkill+12)
I/DEBUG   (  292):     #01 pc 0001380d  /system/lib/libc.so (pthread_kill+52)
I/DEBUG   (  292):     #02 pc 0001442b  /system/lib/libc.so (raise+10)
I/DEBUG   (  292):     #03 pc 00010c65  /system/lib/libc.so (__libc_android_abort+36)
I/DEBUG   (  292):     #04 pc 0000f1ac  /system/lib/libc.so (abort+4)
I/DEBUG   (  292):     #05 pc 00214d3d  /system/lib/libart.so (art::Runtime::Abort()+160)
I/DEBUG   (  292):     #06 pc 000a6443  /system/lib/libart.so (art::LogMessage::~LogMessage()+1322)
I/DEBUG   (  292):     #07 pc 00222583  /system/lib/libart.so (art::Thread::AssertNoPendingExceptionForNewException(char const*) const+374)
I/DEBUG   (  292):     #08 pc 002261a7  /system/lib/libart.so (art::Thread::ThrowNewException(art::ThrowLocation const&, char const*, char const*)+14)
I/DEBUG   (  292):     #09 pc 000c1d75  /system/lib/libart.so (art::ThrowEarlierClassFailure(art::mirror::Class*)+128)
I/DEBUG   (  292):     #10 pc 000cff45  /system/lib/libart.so (art::ClassLinker::EnsureResolved(art::Thread*, char const*, art::mirror::Class*)+528)
I/DEBUG   (  292):     #11 pc 000d12b7  /system/lib/libart.so (art::ClassLinker::FindClassInPathClassLoader(art::ScopedObjectAccessAlreadyRunnable&, art::Thread*, char const*, art::Handle<art::mirror::ClassLoader>)+174)
I/DEBUG   (  292):     #12 pc 001f9217  /system/lib/libart.so (art::VMClassLoader_findLoadedClass(_JNIEnv*, _jclass*, _jobject*, _jstring*)+254)
I/DEBUG   (  292):     #13 pc 0001afa1  /data/dalvik-cache/arm/system@framework@boot.oat
F/libc    (16456): Fatal signal 6 (SIGABRT), code -6 in tid 16456 (main)
I/DEBUG   (  292): *** *** *** *** *** *** *** *** *** *** *** *** *** *** *** ***
I/DEBUG   (  292): Build fingerprint: 'TCL/idol347/idol347:5.0.2/LRX22G/1040:userdebug/release-keys'
I/DEBUG   (  292): Revision: '0'
I/DEBUG   (  292): ABI: 'arm'
I/DEBUG   (  292): pid: 16456, tid: 16456, name: main  >>> app_process <<<
I/DEBUG   (  292): signal 6 (SIGABRT), code -6 (SI_TKILL), fault addr --------
I/DEBUG   (  292): Abort message: 'art/runtime/thread.cc:1113] Throwing new exception 'android.os.Debug' with unexpected pending exception: java.lang.UnsatisfiedLinkError: android.os.Debug'
I/DEBUG   (  292):     r0 00000000  r1 00004048  r2 00000006  r3 00000000
I/DEBUG   (  292):     r4 b6f7e114  r5 00000006  r6 00000002  r7 0000010c
I/DEBUG   (  292):     r8 00000000  r9 b7f3cce0  sl b7f454e8  fp 000000a1
I/DEBUG   (  292):     ip 00004048  sp be9a9e60  lr b6f1a811  pc b6f40ee8  cpsr 60070010
I/DEBUG   (  292): 
I/DEBUG   (  292): backtrace:
I/DEBUG   (  292):     #00 pc 00039ee8  /system/lib/libc.so (tgkill+12)
I/DEBUG   (  292):     #01 pc 0001380d  /system/lib/libc.so (pthread_kill+52)
I/DEBUG   (  292):     #02 pc 0001442b  /system/lib/libc.so (raise+10)
I/DEBUG   (  292):     #03 pc 00010c65  /system/lib/libc.so (__libc_android_abort+36)
I/DEBUG   (  292):     #04 pc 0000f1ac  /system/lib/libc.so (abort+4)
I/DEBUG   (  292):     #05 pc 00214d3d  /system/lib/libart.so (art::Runtime::Abort()+160)
I/DEBUG   (  292):     #06 pc 000a6443  /system/lib/libart.so (art::LogMessage::~LogMessage()+1322)
I/DEBUG   (  292):     #07 pc 00222583  /system/lib/libart.so (art::Thread::AssertNoPendingExceptionForNewException(char const*) const+374)
I/DEBUG   (  292):     #08 pc 002261a7  /system/lib/libart.so (art::Thread::ThrowNewException(art::ThrowLocation const&, char const*, char const*)+14)
I/DEBUG   (  292):     #09 pc 000c1d75  /system/lib/libart.so (art::ThrowEarlierClassFailure(art::mirror::Class*)+128)
I/DEBUG   (  292):     #10 pc 000cff45  /system/lib/libart.so (art::ClassLinker::EnsureResolved(art::Thread*, char const*, art::mirror::Class*)+528)
I/DEBUG   (  292):     #11 pc 000d12b7  /system/lib/libart.so (art::ClassLinker::FindClassInPathClassLoader(art::ScopedObjectAccessAlreadyRunnable&, art::Thread*, char const*, art::Handle<art::mirror::ClassLoader>)+174)
I/DEBUG   (  292):     #12 pc 001f9217  /system/lib/libart.so (art::VMClassLoader_findLoadedClass(_JNIEnv*, _jclass*, _jobject*, _jstring*)+254)
I/DEBUG   (  292):     #13 pc 0001afa1  /data/dalvik-cache/arm/system@framework@boot.oat
E/AndroidRuntime(16677): FATAL EXCEPTION: main
E/AndroidRuntime(16677): Process: com.imooc.contentprovidertest, PID: 16677
E/AndroidRuntime(16677): java.lang.RuntimeException: Unable to start activity ComponentInfo{com.imooc.contentprovidertest/com.imooc.contentprovidertest.MainActivity}: android.view.InflateException: Binary XML file line #12: Error inflating class android.widget.ImageView
E/AndroidRuntime(16677): 	at android.app.ActivityThread.performLaunchActivity(ActivityThread.java:2309)
E/AndroidRuntime(16677): 	at android.app.ActivityThread.handleLaunchActivity(ActivityThread.java:2371)
E/AndroidRuntime(16677): 	at android.app.ActivityThread.access$800(ActivityThread.java:149)
E/AndroidRuntime(16677): 	at android.app.ActivityThread$H.handleMessage(ActivityThread.java:1289)
E/AndroidRuntime(16677): 	at android.os.Handler.dispatchMessage(Handler.java:102)
E/AndroidRuntime(16677): 	at android.os.Looper.loop(Looper.java:135)
E/AndroidRuntime(16677): 	at android.app.ActivityThread.main(ActivityThread.java:5260)
E/AndroidRuntime(16677): 	at java.lang.reflect.Method.invoke(Native Method)
E/AndroidRuntime(16677): 	at java.lang.reflect.Method.invoke(Method.java:372)
E/AndroidRuntime(16677): 	at com.android.internal.os.ZygoteInit$MethodAndArgsCaller.run(ZygoteInit.java:898)
E/AndroidRuntime(16677): 	at com.android.internal.os.ZygoteInit.main(ZygoteInit.java:693)
E/AndroidRuntime(16677): Caused by: android.view.InflateException: Binary XML file line #12: Error inflating class android.widget.ImageView
E/AndroidRuntime(16677): 	at android.view.LayoutInflater.createView(LayoutInflater.java:633)
E/AndroidRuntime(16677): 	at com.android.internal.policy.impl.PhoneLayoutInflater.onCreateView(PhoneLayoutInflater.java:55)
E/AndroidRuntime(16677): 	at android.view.LayoutInflater.onCreateView(LayoutInflater.java:682)
E/AndroidRuntime(16677): 	at android.view.LayoutInflater.createViewFromTag(LayoutInflater.java:741)
E/AndroidRuntime(16677): 	at android.view.LayoutInflater.rInflate(LayoutInflater.java:806)
E/AndroidRuntime(16677): 	at android.view.LayoutInflater.inflate(LayoutInflater.java:504)
E/AndroidRuntime(16677): 	at android.view.LayoutInflater.inflate(LayoutInflater.java:414)
E/AndroidRuntime(16677): 	at android.view.LayoutInflater.inflate(LayoutInflater.java:365)
E/AndroidRuntime(16677): 	at com.android.internal.policy.impl.PhoneWindow.setContentView(PhoneWindow.java:403)
E/AndroidRuntime(16677): 	at android.app.Activity.setContentView(Activity.java:2153)
E/AndroidRuntime(16677): 	at com.imooc.contentprovidertest.MainActivity.onCreate(MainActivity.java:41)
E/AndroidRuntime(16677): 	at android.app.Activity.performCreate(Activity.java:5976)
E/AndroidRuntime(16677): 	at android.app.Instrumentation.callActivityOnCreate(Instrumentation.java:1105)
E/AndroidRuntime(16677): 	at android.app.ActivityThread.performLaunchActivity(ActivityThread.java:2262)
E/AndroidRuntime(16677): 	... 10 more
E/AndroidRuntime(16677): Caused by: java.lang.reflect.InvocationTargetException
E/AndroidRuntime(16677): 	at java.lang.reflect.Constructor.newInstance(Native Method)
E/AndroidRuntime(16677): 	at java.lang.reflect.Constructor.newInstance(Constructor.java:288)
E/AndroidRuntime(16677): 	at android.view.LayoutInflater.createView(LayoutInflater.java:607)
E/AndroidRuntime(16677): 	... 23 more
E/AndroidRuntime(16677): Caused by: android.content.res.Resources$NotFoundException: File res/drawable-xxhdpi-v21/search_bar.xml from drawable resource ID #0x7f020002
E/AndroidRuntime(16677): 	at android.content.res.Resources.loadDrawableForCookie(Resources.java:2428)
E/AndroidRuntime(16677): 	at android.content.res.Resources.loadDrawable(Resources.java:2330)
E/AndroidRuntime(16677): 	at android.content.res.TypedArray.getDrawable(TypedArray.java:749)
E/AndroidRuntime(16677): 	at android.widget.ImageView.<init>(ImageView.java:146)
E/AndroidRuntime(16677): 	at android.widget.ImageView.<init>(ImageView.java:135)
E/AndroidRuntime(16677): 	at android.widget.ImageView.<init>(ImageView.java:131)
E/AndroidRuntime(16677): 	... 26 more
E/AndroidRuntime(16677): Caused by: org.xmlpull.v1.XmlPullParserException: Binary XML file line #3<vector> tag requires width > 0
E/AndroidRuntime(16677): 	at android.graphics.drawable.VectorDrawable.updateStateFromTypedArray(VectorDrawable.java:505)
E/AndroidRuntime(16677): 	at android.graphics.drawable.VectorDrawable.inflate(VectorDrawable.java:454)
E/AndroidRuntime(16677): 	at android.graphics.drawable.Drawable.createFromXmlInner(Drawable.java:1095)
E/AndroidRuntime(16677): 	at android.graphics.drawable.Drawable.createFromXml(Drawable.java:1017)
E/AndroidRuntime(16677): 	at android.content.res.Resources.loadDrawableForCookie(Resources.java:2418)
E/AndroidRuntime(16677): 	... 31 more
F/libc    (24359): Fatal signal 6 (SIGABRT), code -6 in tid 24359 (main)
I/DEBUG   (  292): *** *** *** *** *** *** *** *** *** *** *** *** *** *** *** ***
I/DEBUG   (  292): Build fingerprint: 'TCL/idol347/idol347:5.0.2/LRX22G/1040:userdebug/release-keys'
I/DEBUG   (  292): Revision: '0'
I/DEBUG   (  292): ABI: 'arm'
I/DEBUG   (  292): pid: 24359, tid: 24359, name: main  >>> app_process <<<
I/DEBUG   (  292): signal 6 (SIGABRT), code -6 (SI_TKILL), fault addr --------
I/DEBUG   (  292): Abort message: 'art/runtime/thread.cc:1113] Throwing new exception 'android.os.Debug' with unexpected pending exception: java.lang.UnsatisfiedLinkError: android.os.Debug'
I/DEBUG   (  292):     r0 00000000  r1 00005f27  r2 00000006  r3 00000000
I/DEBUG   (  292):     r4 b6f6d114  r5 00000006  r6 00000002  r7 0000010c
I/DEBUG   (  292):     r8 00000000  r9 b8b0dc00  sl b8b16420  fp 000000a1
I/DEBUG   (  292):     ip 00005f27  sp beab5ed0  lr b6f09811  pc b6f2fee8  cpsr 60070010
I/DEBUG   (  292): 
I/DEBUG   (  292): backtrace:
I/DEBUG   (  292):     #00 pc 00039ee8  /system/lib/libc.so (tgkill+12)
I/DEBUG   (  292):     #01 pc 0001380d  /system/lib/libc.so (pthread_kill+52)
I/DEBUG   (  292):     #02 pc 0001442b  /system/lib/libc.so (raise+10)
I/DEBUG   (  292):     #03 pc 00010c65  /system/lib/libc.so (__libc_android_abort+36)
I/DEBUG   (  292):     #04 pc 0000f1ac  /system/lib/libc.so (abort+4)
I/DEBUG   (  292):     #05 pc 00214d3d  /system/lib/libart.so (art::Runtime::Abort()+160)
I/DEBUG   (  292):     #06 pc 000a6443  /system/lib/libart.so (art::LogMessage::~LogMessage()+1322)
I/DEBUG   (  292):     #07 pc 00222583  /system/lib/libart.so (art::Thread::AssertNoPendingExceptionForNewException(char const*) const+374)
I/DEBUG   (  292):     #08 pc 002261a7  /system/lib/libart.so (art::Thread::ThrowNewException(art::ThrowLocation const&, char const*, char const*)+14)
I/DEBUG   (  292):     #09 pc 000c1d75  /system/lib/libart.so (art::ThrowEarlierClassFailure(art::mirror::Class*)+128)
I/DEBUG   (  292):     #10 pc 000cff45  /system/lib/libart.so (art::ClassLinker::EnsureResolved(art::Thread*, char const*, art::mirror::Class*)+528)
I/DEBUG   (  292):     #11 pc 000d12b7  /system/lib/libart.so (art::ClassLinker::FindClassInPathClassLoader(art::ScopedObjectAccessAlreadyRunnable&, art::Thread*, char const*, art::Handle<art::mirror::ClassLoader>)+174)
I/DEBUG   (  292):     #12 pc 001f9217  /system/lib/libart.so (art::VMClassLoader_findLoadedClass(_JNIEnv*, _jclass*, _jobject*, _jstring*)+254)
I/DEBUG   (  292):     #13 pc 0001afa1  /data/dalvik-cache/arm/system@framework@boot.oat
F/libc    (24645): Fatal signal 6 (SIGABRT), code -6 in tid 24645 (main)
I/DEBUG   (  292): *** *** *** *** *** *** *** *** *** *** *** *** *** *** *** ***
I/DEBUG   (  292): Build fingerprint: 'TCL/idol347/idol347:5.0.2/LRX22G/1040:userdebug/release-keys'
I/DEBUG   (  292): Revision: '0'
I/DEBUG   (  292): ABI: 'arm'
I/DEBUG   (  292): pid: 24645, tid: 24645, name: main  >>> app_process <<<
I/DEBUG   (  292): signal 6 (SIGABRT), code -6 (SI_TKILL), fault addr --------
I/DEBUG   (  292): Abort message: 'art/runtime/thread.cc:1113] Throwing new exception 'android.os.Debug' with unexpected pending exception: java.lang.UnsatisfiedLinkError: android.os.Debug'
I/DEBUG   (  292):     r0 00000000  r1 00006045  r2 00000006  r3 00000000
I/DEBUG   (  292):     r4 b6f29114  r5 00000006  r6 00000002  r7 0000010c
I/DEBUG   (  292):     r8 00000000  r9 b77eecc8  sl b77f74d8  fp 000000a1
I/DEBUG   (  292):     ip 00006045  sp bebade70  lr b6ec5811  pc b6eebee8  cpsr 60070010
I/DEBUG   (  292): 
I/DEBUG   (  292): backtrace:
I/DEBUG   (  292):     #00 pc 00039ee8  /system/lib/libc.so (tgkill+12)
I/DEBUG   (  292):     #01 pc 0001380d  /system/lib/libc.so (pthread_kill+52)
I/DEBUG   (  292):     #02 pc 0001442b  /system/lib/libc.so (raise+10)
I/DEBUG   (  292):     #03 pc 00010c65  /system/lib/libc.so (__libc_android_abort+36)
I/DEBUG   (  292):     #04 pc 0000f1ac  /system/lib/libc.so (abort+4)
I/DEBUG   (  292):     #05 pc 00214d3d  /system/lib/libart.so (art::Runtime::Abort()+160)
I/DEBUG   (  292):     #06 pc 000a6443  /system/lib/libart.so (art::LogMessage::~LogMessage()+1322)
I/DEBUG   (  292):     #07 pc 00222583  /system/lib/libart.so (art::Thread::AssertNoPendingExceptionForNewException(char const*) const+374)
I/DEBUG   (  292):     #08 pc 002261a7  /system/lib/libart.so (art::Thread::ThrowNewException(art::ThrowLocation const&, char const*, char const*)+14)
I/DEBUG   (  292):     #09 pc 000c1d75  /system/lib/libart.so (art::ThrowEarlierClassFailure(art::mirror::Class*)+128)
I/DEBUG   (  292):     #10 pc 000cff45  /system/lib/libart.so (art::ClassLinker::EnsureResolved(art::Thread*, char const*, art::mirror::Class*)+528)
I/DEBUG   (  292):     #11 pc 000d12b7  /system/lib/libart.so (art::ClassLinker::FindClassInPathClassLoader(art::ScopedObjectAccessAlreadyRunnable&, art::Thread*, char const*, art::Handle<art::mirror::ClassLoader>)+174)
I/DEBUG   (  292):     #12 pc 001f9217  /system/lib/libart.so (art::VMClassLoader_findLoadedClass(_JNIEnv*, _jclass*, _jobject*, _jstring*)+254)
I/DEBUG   (  292):     #13 pc 0001afa1  /data/dalvik-cache/arm/system@framework@boot.oat
F/libc    (25459): Fatal signal 11 (SIGSEGV), code 1, fault addr 0x19a in tid 25499 (Sampling Profil)
I/DEBUG   (  292): *** *** *** *** *** *** *** *** *** *** *** *** *** *** *** ***
I/DEBUG   (  292): Build fingerprint: 'TCL/idol347/idol347:5.0.2/LRX22G/1040:userdebug/release-keys'
I/DEBUG   (  292): Revision: '0'
I/DEBUG   (  292): ABI: 'arm'
I/DEBUG   (  292): pid: 25459, tid: 25499, name: Sampling Profil  >>> com.imooc.game2048 <<<
I/DEBUG   (  292): signal 11 (SIGSEGV), code 1 (SEGV_MAPERR), fault addr 0x19a
I/DEBUG   (  292):     r0 00007164  r1 00006373  r2 00000000  r3 00000001
I/DEBUG   (  292):     r4 0000019a  r5 007164c8  r6 00000063  r7 b763d1c0
I/DEBUG   (  292):     r8 00000001  r9 b72ca0b0  sl 0000019a  fp 07d8ff3f
I/DEBUG   (  292):     ip 7164c860  sp a4ff9ca0  lr b524a6e7  pc b5249d58  cpsr 60070030
I/DEBUG   (  292): 
I/DEBUG   (  292): backtrace:
I/DEBUG   (  292):     #00 pc 00230d58  /system/lib/libart.so (art::Trace::LogMethodTraceEvent(art::Thread*, art::mirror::ArtMethod*, art::instrumentation::Instrumentation::InstrumentationEvent, unsigned int, unsigned int)+207)
I/DEBUG   (  292):     #01 pc 002316e3  /system/lib/libart.so (art::Trace::CompareAndUpdateStackTrace(art::Thread*, std::__1::vector<art::mirror::ArtMethod*, std::__1::allocator<art::mirror::ArtMethod*> >*)+326)
I/DEBUG   (  292):     #02 pc 0023181b  /system/lib/libart.so (art::GetSample(art::Thread*, void*)+58)
I/DEBUG   (  292):     #03 pc 002298a1  /system/lib/libart.so (art::ThreadList::ForEach(void (*)(art::Thread*, void*), void*)+20)
I/DEBUG   (  292):     #04 pc 0023019b  /system/lib/libart.so (art::Trace::RunSamplingThread(void*)+190)
I/DEBUG   (  292):     #05 pc 00012ff7  /system/lib/libc.so (__pthread_start(void*)+30)
I/DEBUG   (  292):     #06 pc 00010fcf  /system/lib/libc.so (__start_thread+6)
E/AndroidRuntime( 3641): FATAL EXCEPTION: main
E/AndroidRuntime( 3641): Process: com.qualcomm.qti.ims.tests, PID: 3641
E/AndroidRuntime( 3641): java.lang.RuntimeException: Unable to instantiate activity ComponentInfo{com.qualcomm.qti.ims.tests/com.qualcomm.qti.ims.tests.ImsTests}: java.lang.ClassNotFoundException: Didn't find class "com.qualcomm.qti.ims.tests.ImsTests" on path: DexPathList[[zip file "/system/framework/android.test.runner.jar", zip file "/system/app/imstests/imstests.apk"],nativeLibraryDirectories=[/vendor/lib, /system/lib]]
E/AndroidRuntime( 3641): 	at android.app.ActivityThread.performLaunchActivity(ActivityThread.java:2220)
E/AndroidRuntime( 3641): 	at android.app.ActivityThread.handleLaunchActivity(ActivityThread.java:2371)
E/AndroidRuntime( 3641): 	at android.app.ActivityThread.access$800(ActivityThread.java:149)
E/AndroidRuntime( 3641): 	at android.app.ActivityThread$H.handleMessage(ActivityThread.java:1289)
E/AndroidRuntime( 3641): 	at android.os.Handler.dispatchMessage(Handler.java:102)
E/AndroidRuntime( 3641): 	at android.os.Looper.loop(Looper.java:135)
E/AndroidRuntime( 3641): 	at android.app.ActivityThread.main(ActivityThread.java:5260)
E/AndroidRuntime( 3641): 	at java.lang.reflect.Method.invoke(Native Method)
E/AndroidRuntime( 3641): 	at java.lang.reflect.Method.invoke(Method.java:372)
E/AndroidRuntime( 3641): 	at com.android.internal.os.ZygoteInit$MethodAndArgsCaller.run(ZygoteInit.java:898)
E/AndroidRuntime( 3641): 	at com.android.internal.os.ZygoteInit.main(ZygoteInit.java:693)
E/AndroidRuntime( 3641): Caused by: java.lang.ClassNotFoundException: Didn't find class "com.qualcomm.qti.ims.tests.ImsTests" on path: DexPathList[[zip file "/system/framework/android.test.runner.jar", zip file "/system/app/imstests/imstests.apk"],nativeLibraryDirectories=[/vendor/lib, /system/lib]]
E/AndroidRuntime( 3641): 	at dalvik.system.BaseDexClassLoader.findClass(BaseDexClassLoader.java:56)
E/AndroidRuntime( 3641): 	at java.lang.ClassLoader.loadClass(ClassLoader.java:511)
E/AndroidRuntime( 3641): 	at java.lang.ClassLoader.loadClass(ClassLoader.java:469)
E/AndroidRuntime( 3641): 	at android.app.Instrumentation.newActivity(Instrumentation.java:1065)
E/AndroidRuntime( 3641): 	at android.app.ActivityThread.performLaunchActivity(ActivityThread.java:2210)
E/AndroidRuntime( 3641): 	... 10 more
E/AndroidRuntime( 3641): 	Suppressed: java.lang.ClassNotFoundException: com.qualcomm.qti.ims.tests.ImsTests
E/AndroidRuntime( 3641): 		at java.lang.Class.classForName(Native Method)
E/AndroidRuntime( 3641): 		at java.lang.BootClassLoader.findClass(ClassLoader.java:781)
E/AndroidRuntime( 3641): 		at java.lang.BootClassLoader.loadClass(ClassLoader.java:841)
E/AndroidRuntime( 3641): 		at java.lang.ClassLoader.loadClass(ClassLoader.java:504)
E/AndroidRuntime( 3641): 		... 13 more
E/AndroidRuntime( 3641): 	Caused by: java.lang.NoClassDefFoundError: Class not found using the boot class loader; no stack available
F/libc    (17220): Fatal signal 6 (SIGABRT), code -6 in tid 17220 (main)
I/DEBUG   (  292): *** *** *** *** *** *** *** *** *** *** *** *** *** *** *** ***
I/DEBUG   (  292): Build fingerprint: 'TCL/idol347/idol347:5.0.2/LRX22G/1040:userdebug/release-keys'
I/DEBUG   (  292): Revision: '0'
I/DEBUG   (  292): ABI: 'arm'
I/DEBUG   (  292): pid: 17220, tid: 17220, name: main  >>> app_process <<<
I/DEBUG   (  292): signal 6 (SIGABRT), code -6 (SI_TKILL), fault addr --------
I/DEBUG   (  292): Abort message: 'art/runtime/thread.cc:1113] Throwing new exception 'android.os.Debug' with unexpected pending exception: java.lang.UnsatisfiedLinkError: android.os.Debug'
I/DEBUG   (  292):     r0 00000000  r1 00004344  r2 00000006  r3 00000000
I/DEBUG   (  292):     r4 b6f9d114  r5 00000006  r6 00000002  r7 0000010c
I/DEBUG   (  292):     r8 00000000  r9 b72f94f8  sl b7302418  fp 000000a1
I/DEBUG   (  292):     ip 00004344  sp be970ed0  lr b6f39811  pc b6f5fee8  cpsr 60070010
I/DEBUG   (  292): 
I/DEBUG   (  292): backtrace:
I/DEBUG   (  292):     #00 pc 00039ee8  /system/lib/libc.so (tgkill+12)
I/DEBUG   (  292):     #01 pc 0001380d  /system/lib/libc.so (pthread_kill+52)
I/DEBUG   (  292):     #02 pc 0001442b  /system/lib/libc.so (raise+10)
I/DEBUG   (  292):     #03 pc 00010c65  /system/lib/libc.so (__libc_android_abort+36)
I/DEBUG   (  292):     #04 pc 0000f1ac  /system/lib/libc.so (abort+4)
I/DEBUG   (  292):     #05 pc 00214d3d  /system/lib/libart.so (art::Runtime::Abort()+160)
I/DEBUG   (  292):     #06 pc 000a6443  /system/lib/libart.so (art::LogMessage::~LogMessage()+1322)
I/DEBUG   (  292):     #07 pc 00222583  /system/lib/libart.so (art::Thread::AssertNoPendingExceptionForNewException(char const*) const+374)
I/DEBUG   (  292):     #08 pc 002261a7  /system/lib/libart.so (art::Thread::ThrowNewException(art::ThrowLocation const&, char const*, char const*)+14)
I/DEBUG   (  292):     #09 pc 000c1d75  /system/lib/libart.so (art::ThrowEarlierClassFailure(art::mirror::Class*)+128)
I/DEBUG   (  292):     #10 pc 000cff45  /system/lib/libart.so (art::ClassLinker::EnsureResolved(art::Thread*, char const*, art::mirror::Class*)+528)
I/DEBUG   (  292):     #11 pc 000d12b7  /system/lib/libart.so (art::ClassLinker::FindClassInPathClassLoader(art::ScopedObjectAccessAlreadyRunnable&, art::Thread*, char const*, art::Handle<art::mirror::ClassLoader>)+174)
I/DEBUG   (  292):     #12 pc 001f9217  /system/lib/libart.so (art::VMClassLoader_findLoadedClass(_JNIEnv*, _jclass*, _jobject*, _jstring*)+254)
I/DEBUG   (  292):     #13 pc 0001afa1  /data/dalvik-cache/arm/system@framework@boot.oat
F/libc    (17240): Fatal signal 6 (SIGABRT), code -6 in tid 17240 (main)
I/DEBUG   (  292): *** *** *** *** *** *** *** *** *** *** *** *** *** *** *** ***
I/DEBUG   (  292): Build fingerprint: 'TCL/idol347/idol347:5.0.2/LRX22G/1040:userdebug/release-keys'
I/DEBUG   (  292): Revision: '0'
I/DEBUG   (  292): ABI: 'arm'
I/DEBUG   (  292): pid: 17240, tid: 17240, name: main  >>> app_process <<<
I/DEBUG   (  292): signal 6 (SIGABRT), code -6 (SI_TKILL), fault addr --------
I/DEBUG   (  292): Abort message: 'art/runtime/thread.cc:1113] Throwing new exception 'android.os.Debug' with unexpected pending exception: java.lang.UnsatisfiedLinkError: android.os.Debug'
I/DEBUG   (  292):     r0 00000000  r1 00004358  r2 00000006  r3 00000000
I/DEBUG   (  292):     r4 b6f01114  r5 00000006  r6 00000002  r7 0000010c
I/DEBUG   (  292):     r8 00000000  r9 b75b9ce0  sl b75c24e8  fp 000000a1
I/DEBUG   (  292):     ip 00004358  sp be8e5e60  lr b6e9d811  pc b6ec3ee8  cpsr 60070010
I/DEBUG   (  292): 
I/DEBUG   (  292): backtrace:
I/DEBUG   (  292):     #00 pc 00039ee8  /system/lib/libc.so (tgkill+12)
I/DEBUG   (  292):     #01 pc 0001380d  /system/lib/libc.so (pthread_kill+52)
I/DEBUG   (  292):     #02 pc 0001442b  /system/lib/libc.so (raise+10)
I/DEBUG   (  292):     #03 pc 00010c65  /system/lib/libc.so (__libc_android_abort+36)
I/DEBUG   (  292):     #04 pc 0000f1ac  /system/lib/libc.so (abort+4)
I/DEBUG   (  292):     #05 pc 00214d3d  /system/lib/libart.so (art::Runtime::Abort()+160)
I/DEBUG   (  292):     #06 pc 000a6443  /system/lib/libart.so (art::LogMessage::~LogMessage()+1322)
I/DEBUG   (  292):     #07 pc 00222583  /system/lib/libart.so (art::Thread::AssertNoPendingExceptionForNewException(char const*) const+374)
I/DEBUG   (  292):     #08 pc 002261a7  /system/lib/libart.so (art::Thread::ThrowNewException(art::ThrowLocation const&, char const*, char const*)+14)
I/DEBUG   (  292):     #09 pc 000c1d75  /system/lib/libart.so (art::ThrowEarlierClassFailure(art::mirror::Class*)+128)
I/DEBUG   (  292):     #10 pc 000cff45  /system/lib/libart.so (art::ClassLinker::EnsureResolved(art::Thread*, char const*, art::mirror::Class*)+528)
I/DEBUG   (  292):     #11 pc 000d12b7  /system/lib/libart.so (art::ClassLinker::FindClassInPathClassLoader(art::ScopedObjectAccessAlreadyRunnable&, art::Thread*, char const*, art::Handle<art::mirror::ClassLoader>)+174)
I/DEBUG   (  292):     #12 pc 001f9217  /system/lib/libart.so (art::VMClassLoader_findLoadedClass(_JNIEnv*, _jclass*, _jobject*, _jstring*)+254)
I/DEBUG   (  292):     #13 pc 0001afa1  /data/dalvik-cache/arm/system@framework@boot.oat
F/libc    (17678): Fatal signal 6 (SIGABRT), code -6 in tid 17678 (main)
I/DEBUG   (  292): *** *** *** *** *** *** *** *** *** *** *** *** *** *** *** ***
I/DEBUG   (  292): Build fingerprint: 'TCL/idol347/idol347:5.0.2/LRX22G/1040:userdebug/release-keys'
I/DEBUG   (  292): Revision: '0'
I/DEBUG   (  292): ABI: 'arm'
I/DEBUG   (  292): pid: 17678, tid: 17678, name: main  >>> app_process <<<
I/DEBUG   (  292): signal 6 (SIGABRT), code -6 (SI_TKILL), fault addr --------
I/DEBUG   (  292): Abort message: 'art/runtime/thread.cc:1113] Throwing new exception 'android.os.Debug' with unexpected pending exception: java.lang.UnsatisfiedLinkError: android.os.Debug'
I/DEBUG   (  292):     r0 00000000  r1 0000450e  r2 00000006  r3 00000000
I/DEBUG   (  292):     r4 b6fab114  r5 00000006  r6 00000002  r7 0000010c
I/DEBUG   (  292):     r8 00000000  r9 b8948ce0  sl b89514e8  fp 000000a1
I/DEBUG   (  292):     ip 0000450e  sp beba1e60  lr b6f47811  pc b6f6dee8  cpsr 60070010
I/DEBUG   (  292): 
I/DEBUG   (  292): backtrace:
I/DEBUG   (  292):     #00 pc 00039ee8  /system/lib/libc.so (tgkill+12)
I/DEBUG   (  292):     #01 pc 0001380d  /system/lib/libc.so (pthread_kill+52)
I/DEBUG   (  292):     #02 pc 0001442b  /system/lib/libc.so (raise+10)
I/DEBUG   (  292):     #03 pc 00010c65  /system/lib/libc.so (__libc_android_abort+36)
I/DEBUG   (  292):     #04 pc 0000f1ac  /system/lib/libc.so (abort+4)
I/DEBUG   (  292):     #05 pc 00214d3d  /system/lib/libart.so (art::Runtime::Abort()+160)
I/DEBUG   (  292):     #06 pc 000a6443  /system/lib/libart.so (art::LogMessage::~LogMessage()+1322)
I/DEBUG   (  292):     #07 pc 00222583  /system/lib/libart.so (art::Thread::AssertNoPendingExceptionForNewException(char const*) const+374)
I/DEBUG   (  292):     #08 pc 002261a7  /system/lib/libart.so (art::Thread::ThrowNewException(art::ThrowLocation const&, char const*, char const*)+14)
I/DEBUG   (  292):     #09 pc 000c1d75  /system/lib/libart.so (art::ThrowEarlierClassFailure(art::mirror::Class*)+128)
I/DEBUG   (  292):     #10 pc 000cff45  /system/lib/libart.so (art::ClassLinker::EnsureResolved(art::Thread*, char const*, art::mirror::Class*)+528)
I/DEBUG   (  292):     #11 pc 000d12b7  /system/lib/libart.so (art::ClassLinker::FindClassInPathClassLoader(art::ScopedObjectAccessAlreadyRunnable&, art::Thread*, char const*, art::Handle<art::mirror::ClassLoader>)+174)
I/DEBUG   (  292):     #12 pc 001f9217  /system/lib/libart.so (art::VMClassLoader_findLoadedClass(_JNIEnv*, _jclass*, _jobject*, _jstring*)+254)
I/DEBUG   (  292):     #13 pc 0001afa1  /data/dalvik-cache/arm/system@framework@boot.oat
F/libc    (18089): Fatal signal 6 (SIGABRT), code -6 in tid 18089 (main)
I/DEBUG   (  292): *** *** *** *** *** *** *** *** *** *** *** *** *** *** *** ***
I/DEBUG   (  292): Build fingerprint: 'TCL/idol347/idol347:5.0.2/LRX22G/1040:userdebug/release-keys'
I/DEBUG   (  292): Revision: '0'
I/DEBUG   (  292): ABI: 'arm'
I/DEBUG   (  292): pid: 18089, tid: 18089, name: main  >>> app_process <<<
I/DEBUG   (  292): signal 6 (SIGABRT), code -6 (SI_TKILL), fault addr --------
I/DEBUG   (  292): Abort message: 'art/runtime/thread.cc:1113] Throwing new exception 'android.os.Debug' with unexpected pending exception: java.lang.UnsatisfiedLinkError: android.os.Debug'
I/DEBUG   (  292):     r0 00000000  r1 000046a9  r2 00000006  r3 00000000
I/DEBUG   (  292):     r4 b6fc4114  r5 00000006  r6 00000002  r7 0000010c
I/DEBUG   (  292):     r8 00000000  r9 b88f8ce0  sl b89014e8  fp 000000a1
I/DEBUG   (  292):     ip 000046a9  sp bee95e60  lr b6f60811  pc b6f86ee8  cpsr 60070010
I/DEBUG   (  292): 
I/DEBUG   (  292): backtrace:
I/DEBUG   (  292):     #00 pc 00039ee8  /system/lib/libc.so (tgkill+12)
I/DEBUG   (  292):     #01 pc 0001380d  /system/lib/libc.so (pthread_kill+52)
I/DEBUG   (  292):     #02 pc 0001442b  /system/lib/libc.so (raise+10)
I/DEBUG   (  292):     #03 pc 00010c65  /system/lib/libc.so (__libc_android_abort+36)
I/DEBUG   (  292):     #04 pc 0000f1ac  /system/lib/libc.so (abort+4)
I/DEBUG   (  292):     #05 pc 00214d3d  /system/lib/libart.so (art::Runtime::Abort()+160)
I/DEBUG   (  292):     #06 pc 000a6443  /system/lib/libart.so (art::LogMessage::~LogMessage()+1322)
I/DEBUG   (  292):     #07 pc 00222583  /system/lib/libart.so (art::Thread::AssertNoPendingExceptionForNewException(char const*) const+374)
