E/AndroidRuntime( 2592): java.lang.RuntimeException: Unable to start activity ComponentInfo{com.imooc.androiduipatterns/com.imooc.androiduipatterns.popup.PopupList.PopupListActivity}: android.view.WindowManager$BadTokenException: Unable to add window -- token null is not valid; is your activity running?
E/AndroidRuntime( 2592): 	at android.app.ActivityThread.performLaunchActivity(ActivityThread.java:2309)
E/AndroidRuntime( 2592): 	at android.app.ActivityThread.handleLaunchActivity(ActivityThread.java:2371)
E/AndroidRuntime( 2592): 	at android.app.ActivityThread.access$800(ActivityThread.java:149)
E/AndroidRuntime( 2592): 	at android.app.ActivityThread$H.handleMessage(ActivityThread.java:1289)
E/AndroidRuntime( 2592): 	at android.os.Handler.dispatchMessage(Handler.java:102)
E/AndroidRuntime( 2592): 	at android.os.Looper.loop(Looper.java:135)
E/AndroidRuntime( 2592): 	at android.app.ActivityThread.main(ActivityThread.java:5260)
E/AndroidRuntime( 2592): 	at java.lang.reflect.Method.invoke(Native Method)
E/AndroidRuntime( 2592): 	at java.lang.reflect.Method.invoke(Method.java:372)
E/AndroidRuntime( 2592): 	at com.android.internal.os.ZygoteInit$MethodAndArgsCaller.run(ZygoteInit.java:898)
E/AndroidRuntime( 2592): 	at com.android.internal.os.ZygoteInit.main(ZygoteInit.java:693)
E/AndroidRuntime( 2592): Caused by: android.view.WindowManager$BadTokenException: Unable to add window -- token null is not valid; is your activity running?
E/AndroidRuntime( 2592): 	at android.view.ViewRootImpl.setView(ViewRootImpl.java:562)
E/AndroidRuntime( 2592): 	at android.view.WindowManagerGlobal.addView(WindowManagerGlobal.java:272)
E/AndroidRuntime( 2592): 	at android.view.WindowManagerImpl.addView(WindowManagerImpl.java:69)
E/AndroidRuntime( 2592): 	at android.widget.PopupWindow.invokePopup(PopupWindow.java:1058)
E/AndroidRuntime( 2592): 	at android.widget.PopupWindow.showAsDropDown(PopupWindow.java:962)
E/AndroidRuntime( 2592): 	at android.widget.PopupWindow.showAsDropDown(PopupWindow.java:922)
E/AndroidRuntime( 2592): 	at android.widget.PopupWindow.showAsDropDown(PopupWindow.java:902)
E/AndroidRuntime( 2592): 	at com.imooc.androiduipatterns.popup.PopupList.PopupListActivity.initPopupWindow(PopupListActivity.java:39)
E/AndroidRuntime( 2592): 	at com.imooc.androiduipatterns.popup.PopupList.PopupListActivity.onCreate(PopupListActivity.java:25)
E/AndroidRuntime( 2592): 	at android.app.Activity.performCreate(Activity.java:5976)
E/AndroidRuntime( 2592): 	at android.app.Instrumentation.callActivityOnCreate(Instrumentation.java:1105)
E/AndroidRuntime( 2592): 	at android.app.ActivityThread.performLaunchActivity(ActivityThread.java:2262)
E/AndroidRuntime( 2592): 	... 10 more
E/AndroidRuntime( 3092): FATAL EXCEPTION: main
E/AndroidRuntime( 3092): Process: com.imooc.androiduipatterns, PID: 3092
E/AndroidRuntime( 3092): java.lang.RuntimeException: Unable to start activity ComponentInfo{com.imooc.androiduipatterns/com.imooc.androiduipatterns.popup.popuplist.PopupListActivity}: android.view.WindowManager$BadTokenException: Unable to add window -- token null is not valid; is your activity running?
E/AndroidRuntime( 3092): 	at android.app.ActivityThread.performLaunchActivity(ActivityThread.java:2309)
E/AndroidRuntime( 3092): 	at android.app.ActivityThread.handleLaunchActivity(ActivityThread.java:2371)
E/AndroidRuntime( 3092): 	at android.app.ActivityThread.access$800(ActivityThread.java:149)
E/AndroidRuntime( 3092): 	at android.app.ActivityThread$H.handleMessage(ActivityThread.java:1289)
E/AndroidRuntime( 3092): 	at android.os.Handler.dispatchMessage(Handler.java:102)
E/AndroidRuntime( 3092): 	at android.os.Looper.loop(Looper.java:135)
E/AndroidRuntime( 3092): 	at android.app.ActivityThread.main(ActivityThread.java:5260)
E/AndroidRuntime( 3092): 	at java.lang.reflect.Method.invoke(Native Method)
E/AndroidRuntime( 3092): 	at java.lang.reflect.Method.invoke(Method.java:372)
E/AndroidRuntime( 3092): 	at com.android.internal.os.ZygoteInit$MethodAndArgsCaller.run(ZygoteInit.java:898)
E/AndroidRuntime( 3092): 	at com.android.internal.os.ZygoteInit.main(ZygoteInit.java:693)
E/AndroidRuntime( 3092): Caused by: android.view.WindowManager$BadTokenException: Unable to add window -- token null is not valid; is your activity running?
E/AndroidRuntime( 3092): 	at android.view.ViewRootImpl.setView(ViewRootImpl.java:562)
E/AndroidRuntime( 3092): 	at android.view.WindowManagerGlobal.addView(WindowManagerGlobal.java:272)
E/AndroidRuntime( 3092): 	at android.view.WindowManagerImpl.addView(WindowManagerImpl.java:69)
E/AndroidRuntime( 3092): 	at android.widget.PopupWindow.invokePopup(PopupWindow.java:1058)
E/AndroidRuntime( 3092): 	at android.widget.PopupWindow.showAsDropDown(PopupWindow.java:962)
E/AndroidRuntime( 3092): 	at android.widget.PopupWindow.showAsDropDown(PopupWindow.java:922)
E/AndroidRuntime( 3092): 	at android.widget.PopupWindow.showAsDropDown(PopupWindow.java:902)
E/AndroidRuntime( 3092): 	at com.imooc.androiduipatterns.popup.popuplist.PopupListActivity.initPopupWindow(PopupListActivity.java:39)
E/AndroidRuntime( 3092): 	at com.imooc.androiduipatterns.popup.popuplist.PopupListActivity.onCreate(PopupListActivity.java:25)
E/AndroidRuntime( 3092): 	at android.app.Activity.performCreate(Activity.java:5976)
E/AndroidRuntime( 3092): 	at android.app.Instrumentation.callActivityOnCreate(Instrumentation.java:1105)
E/AndroidRuntime( 3092): 	at android.app.ActivityThread.performLaunchActivity(ActivityThread.java:2262)
E/AndroidRuntime( 3092): 	... 10 more
F/libc    ( 7682): Fatal signal 6 (SIGABRT), code -6 in tid 7682 (main)
I/DEBUG   (30833): *** *** *** *** *** *** *** *** *** *** *** *** *** *** *** ***
I/DEBUG   (30833): Build fingerprint: 'TCL/idol347/idol347:5.0.2/LRX22G/1040:userdebug/release-keys'
I/DEBUG   (30833): Revision: '0'
I/DEBUG   (30833): ABI: 'arm'
I/DEBUG   (30833): pid: 7682, tid: 7682, name: main  >>> app_process <<<
I/DEBUG   (30833): signal 6 (SIGABRT), code -6 (SI_TKILL), fault addr --------
I/DEBUG   (30833): Abort message: 'art/runtime/thread.cc:1113] Throwing new exception 'android.os.Debug' with unexpected pending exception: java.lang.UnsatisfiedLinkError: android.os.Debug'
I/DEBUG   (30833):     r0 00000000  r1 00001e02  r2 00000006  r3 00000000
I/DEBUG   (30833):     r4 b6f27114  r5 00000006  r6 00000002  r7 0000010c
I/DEBUG   (30833):     r8 00000000  r9 b76284f8  sl b7631418  fp 000000a1
I/DEBUG   (30833):     ip 00001e02  sp bead4ed0  lr b6ec3811  pc b6ee9ee8  cpsr 60070010
I/DEBUG   (30833): 
I/DEBUG   (30833): backtrace:
I/DEBUG   (30833):     #00 pc 00039ee8  /system/lib/libc.so (tgkill+12)
I/DEBUG   (30833):     #01 pc 0001380d  /system/lib/libc.so (pthread_kill+52)
I/DEBUG   (30833):     #02 pc 0001442b  /system/lib/libc.so (raise+10)
I/DEBUG   (30833):     #03 pc 00010c65  /system/lib/libc.so (__libc_android_abort+36)
I/DEBUG   (30833):     #04 pc 0000f1ac  /system/lib/libc.so (abort+4)
I/DEBUG   (30833):     #05 pc 00214d3d  /system/lib/libart.so (art::Runtime::Abort()+160)
I/DEBUG   (30833):     #06 pc 000a6443  /system/lib/libart.so (art::LogMessage::~LogMessage()+1322)
I/DEBUG   (30833):     #07 pc 00222583  /system/lib/libart.so (art::Thread::AssertNoPendingExceptionForNewException(char const*) const+374)
I/DEBUG   (30833):     #08 pc 002261a7  /system/lib/libart.so (art::Thread::ThrowNewException(art::ThrowLocation const&, char const*, char const*)+14)
I/DEBUG   (30833):     #09 pc 000c1d75  /system/lib/libart.so (art::ThrowEarlierClassFailure(art::mirror::Class*)+128)
I/DEBUG   (30833):     #10 pc 000cff45  /system/lib/libart.so (art::ClassLinker::EnsureResolved(art::Thread*, char const*, art::mirror::Class*)+528)
I/DEBUG   (30833):     #11 pc 000d12b7  /system/lib/libart.so (art::ClassLinker::FindClassInPathClassLoader(art::ScopedObjectAccessAlreadyRunnable&, art::Thread*, char const*, art::Handle<art::mirror::ClassLoader>)+174)
I/DEBUG   (30833):     #12 pc 001f9217  /system/lib/libart.so (art::VMClassLoader_findLoadedClass(_JNIEnv*, _jclass*, _jobject*, _jstring*)+254)
I/DEBUG   (30833):     #13 pc 0001afa1  /data/dalvik-cache/arm/system@framework@boot.oat
--------- beginning of system
D/DisplayPowerState(22554): setColorFadeLevel: level=0.067643285
D/DisplayPowerState(22554): Start setState Pendingstate: state=ON, Pendingbacklight=0 new: state=ON, backlight=0, mChangeInProgress=false
D/DisplayPowerState(22554): Screen ready
D/DisplayPowerState(22554): setColorFadeLevel: level=0.038060248
D/DisplayPowerState(22554): Start setState Pendingstate: state=ON, Pendingbacklight=0 new: state=ON, backlight=0, mChangeInProgress=false
D/DisplayPowerState(22554): Screen ready
D/DisplayPowerState(22554): setColorFadeLevel: level=0.017721295
D/DisplayPowerState(22554): Start setState Pendingstate: state=ON, Pendingbacklight=0 new: state=ON, backlight=0, mChangeInProgress=false
D/DisplayPowerState(22554): Screen ready
D/DisplayPowerState(22554): setColorFadeLevel: level=0.0044501424
D/DisplayPowerState(22554): Start setState Pendingstate: state=ON, Pendingbacklight=0 new: state=ON, backlight=0, mChangeInProgress=false
D/DisplayPowerState(22554): Screen ready
D/DisplayPowerState(22554): setColorFadeLevel: level=0.0
D/DisplayPowerState(22554): Start setState Pendingstate: state=ON, Pendingbacklight=0 new: state=ON, backlight=0, mChangeInProgress=false
D/DisplayPowerState(22554): Screen ready
D/DisplayPowerState(22554): setScreenState: state=1
D/DisplayPowerController(22554): Animating brightness: target=0, rate=0
D/DisplayPowerState(22554): Start setState Pendingstate: state=ON, Pendingbacklight=0 new: state=OFF, backlight=0, mChangeInProgress=false
D/DisplayPowerState(22554): End setstate new screen state: state=OFF, backlight=0, mChangeInProgress=true
D/DisplayPowerState(22554): Screen not ready
D/DisplayPowerState(22554): Start run Updating screen state: state=OFF, stateChanged=true, backlight=0, backlightChanged=false, mActualState=ON, mActualBacklight=0
D/DisplayPowerState(22554): End run Updating screen state: mActualState=OFF, mActualBacklight=0, suspending=true, mChangeInProgress=true
I/DisplayManagerService(22554): Display device changed: DisplayDeviceInfo{"Built-in Screen": 720 x 1280, 60.0 fps, supportedRefreshRates [60.0], density 320, 309.966 x 312.615 dpi, appVsyncOff 0, presDeadline 17666667, touch INTERNAL, rotation 0, type BUILT_IN, state OFF, FLAG_DEFAULT_DISPLAY, FLAG_ROTATES_WITH_CONTENT, FLAG_SECURE, FLAG_SUPPORTS_PROTECTED_BUFFERS}
V/ActivityManager(22554): Display changed displayId=0
D/DisplayPowerState(22554): Start run Updating screen state: state=OFF, stateChanged=false, backlight=0, backlightChanged=false, mActualState=OFF, mActualBacklight=0
D/DisplayPowerState(22554): Start setState Pendingstate: state=OFF, Pendingbacklight=0 new: state=OFF, backlight=0, mChangeInProgress=false
D/DisplayPowerState(22554): Screen ready
D/DisplayPowerController(22554): Animating brightness: target=0, rate=0
D/DisplayPowerController(22554): Display ready!
D/DisplayPowerController(22554): Finished business...
D/PowerManagerNotifier(22554): onInteractiveChangeFinished
D/PowerManagerNotifier(22554): handleMessage2
D/PowerManagerNotifier(22554): Sending go to sleep broadcast.
I/DreamManagerService(22554): Entering dreamland.
I/PowerManagerService(22554): Dozing...
I/DreamController(22554): Starting dream: name=ComponentInfo{com.android.systemui/com.android.systemui.doze.DozeService}, isTest=false, canDoze=true, userId=0
D/DisplayPowerController(22554): Animating brightness: target=0, rate=0
D/DisplayPowerController(22554): Display ready!
V/DeviceStorageMonitorService(22554): freeMemory=11686187008, mMemLowThreshold: 52428800
I/DeviceStorageMonitorService(22554): Posting Message again
W/ContextImpl(22554): Calling a method in the system process without a qualified user: android.app.ContextImpl.sendBroadcast:1367 com.android.internal.policy.impl.PhoneWindowManager.interceptKeyBeforeQueueing:5304 com.android.server.wm.InputMonitor.interceptKeyBeforeQueueing:365 com.android.server.input.InputManagerService.interceptKeyBeforeQueueing:1476 <bottom of call stack> 
I/PowerManagerService(22554): Waking up from dozing (uid 1000)...
D/PowerManagerNotifier(22554): onInteractiveChangeStarted: interactive=true, reason=0
D/PowerManagerNotifier(22554): onUserActivity: event=0, uid=1000
D/PowerManagerNotifier(22554): handleMessage2
D/PowerManagerNotifier(22554): Sending wake up broadcast.
D/PowerManagerNotifier(22554): handleMessage1
D/DisplayPowerState(22554): setScreenState: state=2
W/ContextImpl(22554): Calling a method in the system process without a qualified user: android.app.ContextImpl.sendBroadcast:1367 com.android.internal.policy.impl.PhoneWindowManager.interceptKeyBeforeQueueing:5304 com.android.server.wm.InputMonitor.interceptKeyBeforeQueueing:365 com.android.server.input.InputManagerService.interceptKeyBeforeQueueing:1476 <bottom of call stack> 
I/DisplayPowerController(22554): Blocking screen on until initial contents have been drawn.
W/ContextImpl(22554): Calling a method in the system process without a qualified user: android.app.ContextImpl.sendBroadcast:1367 com.android.internal.policy.impl.PhoneWindowManager.interceptKeyBeforeQueueing:5304 com.android.server.wm.InputMonitor.interceptKeyBeforeQueueing:365 com.android.server.input.InputManagerService.interceptKeyBeforeQueueing:1476 <bottom of call stack> 
D/DisplayPowerController(22554): Animating brightness: target=17, rate=200
D/DisplayPowerController(22554): Unfinished business...
D/DisplayPowerState(22554): Start setState Pendingstate: state=OFF, Pendingbacklight=0 new: state=ON, backlight=0, mChangeInProgress=false
D/DisplayPowerState(22554): End setstate new screen state: state=ON, backlight=0, mChangeInProgress=true
D/DisplayPowerState(22554): Screen not ready
D/DisplayPowerState(22554): Start run Updating screen state: state=ON, stateChanged=true, backlight=0, backlightChanged=false, mActualState=OFF, mActualBacklight=0
D/DisplayPowerState(22554): End run Updating screen state: mActualState=ON, mActualBacklight=0, suspending=false, mChangeInProgress=true
I/DisplayManagerService(22554): Display device changed: DisplayDeviceInfo{"Built-in Screen": 720 x 1280, 60.0 fps, supportedRefreshRates [60.0], density 320, 309.966 x 312.615 dpi, appVsyncOff 0, presDeadline 17666667, touch INTERNAL, rotation 0, type BUILT_IN, state ON, FLAG_DEFAULT_DISPLAY, FLAG_ROTATES_WITH_CONTENT, FLAG_SECURE, FLAG_SUPPORTS_PROTECTED_BUFFERS}
V/ActivityManager(22554): Display changed displayId=0
D/DisplayPowerState(22554): setScreenBrightness: brightness=5
D/DisplayPowerState(22554): Start setState Pendingstate: state=ON, Pendingbacklight=0 new: state=ON, backlight=0, mChangeInProgress=true
D/DisplayPowerState(22554): Screen not ready
D/DisplayPowerState(22554): setScreenBrightness: brightness=10
D/DisplayPowerState(22554): Start setState Pendingstate: state=ON, Pendingbacklight=0 new: state=ON, backlight=0, mChangeInProgress=true
D/DisplayPowerState(22554): Screen not ready
D/DisplayPowerState(22554): setScreenBrightness: brightness=16
D/DisplayPowerState(22554): Start setState Pendingstate: state=ON, Pendingbacklight=0 new: state=ON, backlight=0, mChangeInProgress=true
D/DisplayPowerState(22554): Screen not ready
D/DisplayPowerState(22554): setScreenBrightness: brightness=17
D/DisplayPowerState(22554): Start setState Pendingstate: state=ON, Pendingbacklight=0 new: state=ON, backlight=0, mChangeInProgress=true
D/DisplayPowerState(22554): Screen not ready
D/DisplayPowerController(22554): Animating brightness: target=17, rate=200
I/DisplayPowerController(22554): Unblocked screen on after 436 ms
D/DisplayPowerState(22554): setColorFadeLevel: level=1.0
D/DisplayPowerController(22554): Animating brightness: target=17, rate=200
D/DisplayPowerState(22554): Start setState Pendingstate: state=ON, Pendingbacklight=0 new: state=ON, backlight=17, mChangeInProgress=true
D/DisplayPowerState(22554): End setstate new screen state: state=ON, backlight=17, mChangeInProgress=true
D/DisplayPowerState(22554): Screen not ready
D/DisplayPowerState(22554): Start run Updating screen state: state=ON, stateChanged=false, backlight=17, backlightChanged=true, mActualState=ON, mActualBacklight=0
D/DisplayPowerState(22554): End run Updating screen state: mActualState=ON, mActualBacklight=17, suspending=false, mChangeInProgress=true
D/DisplayPowerState(22554): Start run Updating screen state: state=ON, stateChanged=false, backlight=17, backlightChanged=false, mActualState=ON, mActualBacklight=17
D/DisplayPowerState(22554): Start setState Pendingstate: state=ON, Pendingbacklight=17 new: state=ON, backlight=17, mChangeInProgress=false
D/DisplayPowerState(22554): Screen ready
D/DisplayPowerController(22554): Animating brightness: target=17, rate=200
D/DisplayPowerController(22554): Display ready!
D/DisplayPowerController(22554): Finished business...
D/PowerManagerNotifier(22554): onInteractiveChangeFinished
I/DreamManagerService(22554): Gently waking up from dream.
I/DreamManagerService(22554): Leaving dreamland.
I/DreamController(22554): Stopping dream: name=ComponentInfo{com.android.systemui/com.android.systemui.doze.DozeService}, isTest=false, canDoze=true, userId=0
D/PowerManagerNotifier(22554): onUserActivity: event=0, uid=10028
D/PowerManagerNotifier(22554): handleMessage1
D/PowerManagerNotifier(22554): onUserActivity: event=0, uid=10028
D/PowerManagerNotifier(22554): handleMessage1
D/PowerManagerNotifier(22554): onUserActivity: event=0, uid=10028
D/PowerManagerNotifier(22554): handleMessage1
I/PowerManagerService(22554): Going to sleep by application request (uid 10028)...
D/PowerManagerNotifier(22554): onInteractiveChangeStarted: interactive=false, reason=0
D/DisplayPowerController(22554): Animating brightness: target=0, rate=200
D/DisplayPowerController(22554): Unfinished business...
D/DisplayPowerState(22554): setScreenBrightness: brightness=15
D/DisplayPowerState(22554): Start setState Pendingstate: state=ON, Pendingbacklight=17 new: state=ON, backlight=15, mChangeInProgress=false
D/DisplayPowerState(22554): End setstate new screen state: state=ON, backlight=15, mChangeInProgress=true
D/DisplayPowerState(22554): Screen not ready
D/DisplayPowerState(22554): Start run Updating screen state: state=ON, stateChanged=false, backlight=15, backlightChanged=true, mActualState=ON, mActualBacklight=17
D/DisplayPowerState(22554): End run Updating screen state: mActualState=ON, mActualBacklight=15, suspending=false, mChangeInProgress=true
D/DisplayPowerState(22554): Start run Updating screen state: state=ON, stateChanged=false, backlight=15, backlightChanged=false, mActualState=ON, mActualBacklight=15
D/DisplayPowerState(22554): Start setState Pendingstate: state=ON, Pendingbacklight=15 new: state=ON, backlight=15, mChangeInProgress=false
D/DisplayPowerState(22554): Screen ready
D/DisplayPowerState(22554): setColorFadeLevel: level=0.9960574
D/DisplayPowerState(22554): setScreenBrightness: brightness=12
D/DisplayPowerState(22554): Start setState Pendingstate: state=ON, Pendingbacklight=15 new: state=ON, backlight=12, mChangeInProgress=false
D/DisplayPowerState(22554): End setstate new screen state: state=ON, backlight=12, mChangeInProgress=true
D/DisplayPowerState(22554): Start run Updating screen state: state=ON, stateChanged=false, backlight=12, backlightChanged=true, mActualState=ON, mActualBacklight=15
D/DisplayPowerState(22554): End run Updating screen state: mActualState=ON, mActualBacklight=12, suspending=false, mChangeInProgress=true
D/DisplayPowerState(22554): Start run Updating screen state: state=ON, stateChanged=false, backlight=12, backlightChanged=false, mActualState=ON, mActualBacklight=12
D/DisplayPowerState(22554): Screen not ready
D/DisplayPowerState(22554): setColorFadeLevel: level=0.96193975
D/DisplayPowerState(22554): setScreenBrightness: brightness=5
D/DisplayPowerState(22554): Start setState Pendingstate: state=ON, Pendingbacklight=12 new: state=ON, backlight=5, mChangeInProgress=false
D/DisplayPowerState(22554): End setstate new screen state: state=ON, backlight=5, mChangeInProgress=true
D/DisplayPowerState(22554): Screen not ready
D/DisplayPowerState(22554): Start run Updating screen state: state=ON, stateChanged=false, backlight=5, backlightChanged=true, mActualState=ON, mActualBacklight=12
D/DisplayPowerState(22554): End run Updating screen state: mActualState=ON, mActualBacklight=5, suspending=false, mChangeInProgress=true
D/DisplayPowerState(22554): setColorFadeLevel: level=0.9343158
D/DisplayPowerState(22554): setScreenBrightness: brightness=2
D/DisplayPowerState(22554): Start run Updating screen state: state=ON, stateChanged=false, backlight=5, backlightChanged=false, mActualState=ON, mActualBacklight=5
D/DisplayPowerState(22554): Start setState Pendingstate: state=ON, Pendingbacklight=5 new: state=ON, backlight=2, mChangeInProgress=false
D/DisplayPowerState(22554): End setstate new screen state: state=ON, backlight=2, mChangeInProgress=true
D/DisplayPowerState(22554): Start run Updating screen state: state=ON, stateChanged=false, backlight=2, backlightChanged=true, mActualState=ON, mActualBacklight=5
D/DisplayPowerState(22554): End run Updating screen state: mActualState=ON, mActualBacklight=2, suspending=false, mChangeInProgress=true
D/DisplayPowerState(22554): Start run Updating screen state: state=ON, stateChanged=false, backlight=2, backlightChanged=false, mActualState=ON, mActualBacklight=2
D/DisplayPowerState(22554): Screen not ready
D/DisplayPowerState(22554): setColorFadeLevel: level=0.8974722
D/DisplayPowerState(22554): setScreenBrightness: brightness=0
D/DisplayPowerState(22554): Start setState Pendingstate: state=ON, Pendingbacklight=2 new: state=ON, backlight=0, mChangeInProgress=false
D/DisplayPowerState(22554): End setstate new screen state: state=ON, backlight=0, mChangeInProgress=true
D/DisplayPowerState(22554): Screen not ready
D/DisplayPowerController(22554): Animating brightness: target=0, rate=200
D/DisplayPowerState(22554): Start run Updating screen state: state=ON, stateChanged=false, backlight=0, backlightChanged=true, mActualState=ON, mActualBacklight=2
D/DisplayPowerState(22554): End run Updating screen state: mActualState=ON, mActualBacklight=0, suspending=false, mChangeInProgress=true
D/DisplayPowerState(22554): Start run Updating screen state: state=ON, stateChanged=false, backlight=0, backlightChanged=false, mActualState=ON, mActualBacklight=0
D/DisplayPowerState(22554): Start setState Pendingstate: state=ON, Pendingbacklight=0 new: state=ON, backlight=0, mChangeInProgress=false
D/DisplayPowerState(22554): Screen ready
D/DisplayPowerState(22554): setColorFadeLevel: level=0.8535534
D/DisplayPowerState(22554): Start setState Pendingstate: state=ON, Pendingbacklight=0 new: state=ON, backlight=0, mChangeInProgress=false
D/DisplayPowerState(22554): Screen ready
D/DisplayPowerState(22554): setColorFadeLevel: level=0.8064536
D/DisplayPowerState(22554): Start setState Pendingstate: state=ON, Pendingbacklight=0 new: state=ON, backlight=0, mChangeInProgress=false
D/DisplayPowerState(22554): Screen ready
D/DisplayPowerState(22554): setColorFadeLevel: level=0.7511328
D/DisplayPowerState(22554): Start setState Pendingstate: state=ON, Pendingbacklight=0 new: state=ON, backlight=0, mChangeInProgress=false
D/DisplayPowerState(22554): Screen ready
D/DisplayPowerState(22554): setColorFadeLevel: level=0.6913417
D/DisplayPowerState(22554): Start setState Pendingstate: state=ON, Pendingbacklight=0 new: state=ON, backlight=0, mChangeInProgress=false
D/DisplayPowerState(22554): Screen ready
D/DisplayPowerState(22554): setColorFadeLevel: level=0.63193655
D/DisplayPowerState(22554): Start setState Pendingstate: state=ON, Pendingbacklight=0 new: state=ON, backlight=0, mChangeInProgress=false
D/DisplayPowerState(22554): Screen ready
D/DisplayPowerState(22554): setColorFadeLevel: level=0.5665607
D/DisplayPowerState(22554): Start setState Pendingstate: state=ON, Pendingbacklight=0 new: state=ON, backlight=0, mChangeInProgress=false
D/DisplayPowerState(22554): Screen ready
D/DisplayPowerState(22554): setColorFadeLevel: level=0.5
D/DisplayPowerState(22554): Start setState Pendingstate: state=ON, Pendingbacklight=0 new: state=ON, backlight=0, mChangeInProgress=false
D/DisplayPowerState(22554): Screen ready
D/DisplayPowerState(22554): setColorFadeLevel: level=0.43733346
D/DisplayPowerState(22554): Start setState Pendingstate: state=ON, Pendingbacklight=0 new: state=ON, backlight=0, mChangeInProgress=false
D/DisplayPowerState(22554): Screen ready
D/DisplayPowerState(22554): setColorFadeLevel: level=0.37185538
D/DisplayPowerState(22554): Start setState Pendingstate: state=ON, Pendingbacklight=0 new: state=ON, backlight=0, mChangeInProgress=false
D/DisplayPowerState(22554): Screen ready
D/DisplayPowerState(22554): setColorFadeLevel: level=0.3086583
D/DisplayPowerState(22554): Start setState Pendingstate: state=ON, Pendingbacklight=0 new: state=ON, backlight=0, mChangeInProgress=false
D/DisplayPowerState(22554): Screen ready
D/DisplayPowerState(22554): setColorFadeLevel: level=0.2522707
D/DisplayPowerState(22554): Start setState Pendingstate: state=ON, Pendingbacklight=0 new: state=ON, backlight=0, mChangeInProgress=false
D/DisplayPowerState(22554): Screen ready
D/DisplayPowerState(22554): setColorFadeLevel: level=0.19665885
D/DisplayPowerState(22554): Start setState Pendingstate: state=ON, Pendingbacklight=0 new: state=ON, backlight=0, mChangeInProgress=false
D/DisplayPowerState(22554): Screen ready
D/DisplayPowerState(22554): setColorFadeLevel: level=0.14644659
D/DisplayPowerState(22554): Start setState Pendingstate: state=ON, Pendingbacklight=0 new: state=ON, backlight=0, mChangeInProgress=false
D/DisplayPowerState(22554): Screen ready
D/DisplayPowerState(22554): setColorFadeLevel: level=0.10492253
D/DisplayPowerState(22554): Start setState Pendingstate: state=ON, Pendingbacklight=0 new: state=ON, backlight=0, mChangeInProgress=false
D/DisplayPowerState(22554): Screen ready
D/DisplayPowerState(22554): setColorFadeLevel: level=0.067643285
D/DisplayPowerState(22554): Start setState Pendingstate: state=ON, Pendingbacklight=0 new: state=ON, backlight=0, mChangeInProgress=false
D/DisplayPowerState(22554): Screen ready
D/DisplayPowerState(22554): setColorFadeLevel: level=0.038060248
D/DisplayPowerState(22554): Start setState Pendingstate: state=ON, Pendingbacklight=0 new: state=ON, backlight=0, mChangeInProgress=false
D/DisplayPowerState(22554): Screen ready
D/DisplayPowerState(22554): setColorFadeLevel: level=0.017721295
D/DisplayPowerState(22554): Start setState Pendingstate: state=ON, Pendingbacklight=0 new: state=ON, backlight=0, mChangeInProgress=false
D/DisplayPowerState(22554): Screen ready
D/DisplayPowerState(22554): setColorFadeLevel: level=0.0044501424
D/DisplayPowerState(22554): Start setState Pendingstate: state=ON, Pendingbacklight=0 new: state=ON, backlight=0, mChangeInProgress=false
D/DisplayPowerState(22554): Screen ready
D/DisplayPowerState(22554): setColorFadeLevel: level=0.0
D/DisplayPowerState(22554): Start setState Pendingstate: state=ON, Pendingbacklight=0 new: state=ON, backlight=0, mChangeInProgress=false
D/DisplayPowerState(22554): Screen ready
D/DisplayPowerState(22554): setScreenState: state=1
D/DisplayPowerController(22554): Animating brightness: target=0, rate=0
D/DisplayPowerState(22554): Start setState Pendingstate: state=ON, Pendingbacklight=0 new: state=OFF, backlight=0, mChangeInProgress=false
D/DisplayPowerState(22554): End setstate new screen state: state=OFF, backlight=0, mChangeInProgress=true
D/DisplayPowerState(22554): Start run Updating screen state: state=OFF, stateChanged=true, backlight=0, backlightChanged=false, mActualState=ON, mActualBacklight=0
D/DisplayPowerState(22554): End run Updating screen state: mActualState=OFF, mActualBacklight=0, suspending=true, mChangeInProgress=true
I/DisplayManagerService(22554): Display device changed: DisplayDeviceInfo{"Built-in Screen": 720 x 1280, 60.0 fps, supportedRefreshRates [60.0], density 320, 309.966 x 312.615 dpi, appVsyncOff 0, presDeadline 17666667, touch INTERNAL, rotation 0, type BUILT_IN, state OFF, FLAG_DEFAULT_DISPLAY, FLAG_ROTATES_WITH_CONTENT, FLAG_SECURE, FLAG_SUPPORTS_PROTECTED_BUFFERS}
V/ActivityManager(22554): Display changed displayId=0
D/DisplayPowerState(22554): Screen not ready
D/DisplayPowerState(22554): Start run Updating screen state: state=OFF, stateChanged=false, backlight=0, backlightChanged=false, mActualState=OFF, mActualBacklight=0
D/DisplayPowerState(22554): Start setState Pendingstate: state=OFF, Pendingbacklight=0 new: state=OFF, backlight=0, mChangeInProgress=false
D/DisplayPowerState(22554): Screen ready
D/DisplayPowerController(22554): Animating brightness: target=0, rate=0
D/DisplayPowerController(22554): Display ready!
D/DisplayPowerController(22554): Finished business...
D/PowerManagerNotifier(22554): onInteractiveChangeFinished
D/PowerManagerNotifier(22554): handleMessage2
D/PowerManagerNotifier(22554): Sending go to sleep broadcast.
I/DreamManagerService(22554): Entering dreamland.
I/PowerManagerService(22554): Dozing...
I/DreamController(22554): Starting dream: name=ComponentInfo{com.android.systemui/com.android.systemui.doze.DozeService}, isTest=false, canDoze=true, userId=0
D/DisplayPowerController(22554): Animating brightness: target=0, rate=0
D/DisplayPowerController(22554): Display ready!
I/EntropyMixer(22554): Writing entropy...
I/PowerManagerService(22554): Waking up from dozing (uid 1000)...
D/PowerManagerNotifier(22554): onInteractiveChangeStarted: interactive=true, reason=0
D/PowerManagerNotifier(22554): onUserActivity: event=0, uid=1000
D/PowerManagerNotifier(22554): onUserActivity: event=0, uid=1000
D/DisplayPowerState(22554): setScreenState: state=2
I/DisplayPowerController(22554): Blocking screen on until initial contents have been drawn.
D/DisplayPowerController(22554): Animating brightness: target=17, rate=200
D/DisplayPowerController(22554): Unfinished business...
D/DisplayPowerState(22554): Start setState Pendingstate: state=OFF, Pendingbacklight=0 new: state=ON, backlight=0, mChangeInProgress=false
D/DisplayPowerState(22554): End setstate new screen state: state=ON, backlight=0, mChangeInProgress=true
D/DisplayPowerState(22554): Screen not ready
D/DisplayPowerState(22554): Start run Updating screen state: state=ON, stateChanged=true, backlight=0, backlightChanged=false, mActualState=OFF, mActualBacklight=0
D/DisplayPowerState(22554): End run Updating screen state: mActualState=ON, mActualBacklight=0, suspending=false, mChangeInProgress=true
I/DisplayManagerService(22554): Display device changed: DisplayDeviceInfo{"Built-in Screen": 720 x 1280, 60.0 fps, supportedRefreshRates [60.0], density 320, 309.966 x 312.615 dpi, appVsyncOff 0, presDeadline 17666667, touch INTERNAL, rotation 0, type BUILT_IN, state ON, FLAG_DEFAULT_DISPLAY, FLAG_ROTATES_WITH_CONTENT, FLAG_SECURE, FLAG_SUPPORTS_PROTECTED_BUFFERS}
D/PowerManagerNotifier(22554): handleMessage2
D/PowerManagerNotifier(22554): Sending wake up broadcast.
D/PowerManagerNotifier(22554): handleMessage1
V/ActivityManager(22554): Display changed displayId=0
I/ValidateNoPeople(22554): skipping global notification
D/DisplayPowerState(22554): setScreenBrightness: brightness=10
D/DisplayPowerState(22554): Start setState Pendingstate: state=ON, Pendingbacklight=0 new: state=ON, backlight=0, mChangeInProgress=true
D/DisplayPowerState(22554): Screen not ready
I/ValidateNoPeople(22554): skipping global notification
I/ValidateNoPeople(22554): skipping global notification
D/DisplayPowerState(22554): setScreenBrightness: brightness=14
D/DisplayPowerState(22554): Start setState Pendingstate: state=ON, Pendingbacklight=0 new: state=ON, backlight=0, mChangeInProgress=true
D/DisplayPowerState(22554): Screen not ready
F/ActivityManager(22554): Activity Manager Crash
F/ActivityManager(22554): java.lang.IllegalArgumentException: Call does not support special user #-1
F/ActivityManager(22554): 	at com.android.server.am.ActivityManagerService.handleIncomingUser(ActivityManagerService.java:15319)
F/ActivityManager(22554): 	at com.android.server.am.ActivityManagerService.checkContentProviderPermissionLocked(ActivityManagerService.java:9374)
F/ActivityManager(22554): 	at com.android.server.am.ActivityManagerService.getContentProviderImpl(ActivityManagerService.java:9590)
F/ActivityManager(22554): 	at com.android.server.am.ActivityManagerService.getContentProvider(ActivityManagerService.java:9901)
F/ActivityManager(22554): 	at android.app.ActivityManagerNative.onTransact(ActivityManagerNative.java:796)
F/ActivityManager(22554): 	at com.android.server.am.ActivityManagerService.onTransact(ActivityManagerService.java:2471)
F/ActivityManager(22554): 	at android.os.Binder.execTransact(Binder.java:446)
D/DisplayPowerState(22554): setScreenBrightness: brightness=17
D/DisplayPowerState(22554): Start setState Pendingstate: state=ON, Pendingbacklight=0 new: state=ON, backlight=0, mChangeInProgress=true
D/DisplayPowerState(22554): Screen not ready
D/DisplayPowerController(22554): Animating brightness: target=17, rate=200
I/MediaReceiver(27794): action = android.hardware.usb.action.USB_STATE
I/ActivityManager(22554): Start proc com.qualcomm.logkit for broadcast com.qualcomm.logkit/.autotrigger.AutotriggerReceiver: pid=8761 uid=10071 gids={50071, 9997, 1028, 1015, 1023, 1007, 3003, 3002} abi=armeabi-v7a
I/MediaReceiver(27794): action = android.hardware.usb.action.USB_STATE
D/DisplayPowerState(22554): Start run Updating screen state: state=ON, stateChanged=false, backlight=0, backlightChanged=false, mActualState=ON, mActualBacklight=0
D/DisplayPowerState(22554): Start setState Pendingstate: state=ON, Pendingbacklight=0 new: state=ON, backlight=0, mChangeInProgress=false
D/DisplayPowerState(22554): Screen ready
I/DisplayPowerController(22554): Unblocked screen on after 568 ms
D/DisplayPowerState(22554): setColorFadeLevel: level=1.0
D/DisplayPowerController(22554): Animating brightness: target=17, rate=200
D/DisplayPowerState(22554): Start setState Pendingstate: state=ON, Pendingbacklight=0 new: state=ON, backlight=17, mChangeInProgress=false
D/DisplayPowerState(22554): End setstate new screen state: state=ON, backlight=17, mChangeInProgress=true
D/DisplayPowerState(22554): Screen not ready
D/DisplayPowerState(22554): Start run Updating screen state: state=ON, stateChanged=false, backlight=17, backlightChanged=true, mActualState=ON, mActualBacklight=0
D/DisplayPowerState(22554): End run Updating screen state: mActualState=ON, mActualBacklight=17, suspending=false, mChangeInProgress=true
D/DisplayPowerState(22554): Start run Updating screen state: state=ON, stateChanged=false, backlight=17, backlightChanged=false, mActualState=ON, mActualBacklight=17
D/DisplayPowerState(22554): Start setState Pendingstate: state=ON, Pendingbacklight=17 new: state=ON, backlight=17, mChangeInProgress=false
D/DisplayPowerState(22554): Screen ready
D/DisplayPowerController(22554): Animating brightness: target=17, rate=200
D/DisplayPowerController(22554): Display ready!
D/DisplayPowerController(22554): Finished business...
D/PowerManagerNotifier(22554): onInteractiveChangeFinished
I/DreamManagerService(22554): Gently waking up from dream.
I/DreamManagerService(22554): Leaving dreamland.
I/DreamController(22554): Stopping dream: name=ComponentInfo{com.android.systemui/com.android.systemui.doze.DozeService}, isTest=false, canDoze=true, userId=0
D/PowerManagerNotifier(22554): onUserActivity: event=0, uid=10028
D/PowerManagerNotifier(22554): handleMessage1
V/KeyguardDisplayManager(22693): hide
W/InputMethodManagerService(22554): Window already focused, ignoring focus gain of: com.android.internal.view.IInputMethodClient$Stub$Proxy@e1ffd43 attribute=android.view.inputmethod.EditorInfo@279b6fc0, token = android.os.BinderProxy@3e1d61e3
V/DeviceStorageMonitorService(22554): freeMemory=11686174720, mMemLowThreshold: 52428800
I/DeviceStorageMonitorService(22554): Posting Message again
V/DeviceStorageMonitorService(22554): freeMemory=11686174720, mMemLowThreshold: 52428800
I/DeviceStorageMonitorService(22554): Posting Message again
V/DeviceStorageMonitorService(22554): freeMemory=11686174720, mMemLowThreshold: 52428800
I/DeviceStorageMonitorService(22554): Posting Message again
I/ActivityManager(22554): Start proc com.android.defcontainer for service com.android.defcontainer/.DefaultContainerService: pid=8831 uid=10006 gids={50006, 9997, 1028, 1015, 1023, 2001, 1035} abi=armeabi-v7a
D/DefContainer( 8831): Copying /data/local/tmp/com.imooc.androiduipatterns to base.apk
D/PackageManager(22554): Renaming /data/app/vmdl372556917.tmp to /data/app/com.imooc.androiduipatterns-1
I/ActivityManager(22554): Force stopping com.imooc.androiduipatterns appid=10119 user=-1: uninstall pkg
I/PackageManager(22554): args=com.android.server.pm.PackageManagerService$FileInstallArgs@2023041c
W/MountService(22554): getSecureContainerList() called when storage not mounted
I/PackageManager(22554): Package com.imooc.androiduipatterns codePath changed from /data/app/com.imooc.androiduipatterns-2 to /data/app/com.imooc.androiduipatterns-1; Retaining data and using new
I/ActivityManager(22554): Force stopping com.imooc.androiduipatterns appid=10119 user=-1: update pkg
W/PackageManager(22554): Code path for pkg : com.imooc.androiduipatterns changing from /data/app/com.imooc.androiduipatterns-2 to /data/app/com.imooc.androiduipatterns-1
W/PackageManager(22554): Resource path for pkg : com.imooc.androiduipatterns changing from /data/app/com.imooc.androiduipatterns-2 to /data/app/com.imooc.androiduipatterns-1
W/MountService(22554): getSecureContainerList() called when storage not mounted
I/ActivityManager(22554): Force stopping com.imooc.androiduipatterns appid=10119 user=0: pkg removed
I/ActivityManager(22554): Start proc android.process.acore for broadcast com.android.providers.contacts/.PackageIntentReceiver: pid=8855 uid=10005 gids={50005, 9997, 3003, 1028, 1015, 1023} abi=armeabi-v7a
W/ResourcesManager(23060): Asset path '/system/framework/com.google.android.media.effects.jar' does not exist or contains no resources.
D/BackupManagerService(22554): Received broadcast Intent { act=android.intent.action.PACKAGE_REMOVED dat=package:com.imooc.androiduipatterns flg=0x4000010 (has extras) }
D/JobSchedulerService(22554): Receieved: android.intent.action.PACKAGE_REMOVED
I/ActivityManager(22554): Start proc com.tct.gallery3d for broadcast com.tct.gallery3d/.app.PackagesMonitor: pid=8876 uid=10010 gids={50010, 9997, 3003, 1028, 1015, 1023} abi=armeabi-v7a
I/ActivityManager(22554): Killing 8675:com.tct.timetool/u0a33 (adj 15): empty #9
W/libprocessgroup(22554): failed to open /acct/uid_10033/pid_8675/cgroup.procs: No such file or directory
W/ResourcesManager( 8876): Asset path '/system/framework/com.google.android.media.effects.jar' does not exist or contains no resources.
D/BackupManagerService(22554): Received broadcast Intent { act=android.intent.action.PACKAGE_ADDED dat=package:com.imooc.androiduipatterns flg=0x4000010 (has extras) }
W/BackupManagerService(22554): Removing schedule queue dupe of com.imooc.androiduipatterns
W/MountService(22554): getSecureContainerList() called when storage not mounted
I/ActivityManager(22554): Start proc com.google.android.gms.ui for broadcast com.google.android.gms/com.google.android.location.settings.PackageChangeReceiver: pid=8897 uid=10011 gids={50011, 9997, 2001, 3003, 1007, 3006, 3007, 3002, 3001, 1028, 1015, 1005} abi=armeabi-v7a
I/ActivityManager(22554): Killing 8467:com.android.chrome/u0a44 (adj 15): empty #9
W/libprocessgroup(22554): failed to open /acct/uid_10044/pid_8467/cgroup.procs: No such file or directory
W/ResourcesManager( 8897): Asset path '/system/framework/com.android.media.remotedisplay.jar' does not exist or contains no resources.
W/ResourcesManager( 8897): Asset path '/system/framework/com.android.location.provider.jar' does not exist or contains no resources.
I/ActivityManager(22554): Killing 8487:com.google.android.apps.plus/u0a88 (adj 15): empty #9
W/libprocessgroup(22554): failed to open /acct/uid_10088/pid_8487/cgroup.procs: No such file or directory
W/ResourcesManager(23112): Asset path '/system/framework/com.google.android.media.effects.jar' does not exist or contains no resources.
W/ResourcesManager(23112): Asset path '/system/framework/com.google.android.maps.jar' does not exist or contains no resources.
I/ActivityManager(22554): Start proc com.android.musicfx for broadcast com.android.musicfx/.Compatibility$Receiver: pid=8919 uid=10021 gids={50021, 9997, 3003, 3002} abi=armeabi-v7a
I/ActivityManager(22554): Start proc com.android.vending for broadcast com.android.vending/com.google.android.finsky.receivers.PackageMonitorReceiver$RegisteredReceiver: pid=8943 uid=10023 gids={50023, 9997, 3003, 1028, 1015} abi=armeabi-v7a
I/ActivityManager(22554): Killing 8761:com.qualcomm.logkit/u0a71 (adj 15): empty #9
W/libprocessgroup(22554): failed to open /acct/uid_10071/pid_8761/cgroup.procs: No such file or directory
I/ActivityManager(22554): Start proc com.google.android.gms:car for service com.google.android.gms/.car.CarService: pid=8989 uid=10011 gids={50011, 9997, 2001, 3003, 1007, 3006, 3007, 3002, 3001, 1028, 1015, 1005} abi=armeabi-v7a
I/ActivityManager(22554): START u0 {act=android.intent.action.MAIN cat=[android.intent.category.LAUNCHER] flg=0x10000000 cmp=com.imooc.androiduipatterns/.main.MainActivity} from uid 0 on display 0
I/ActivityManager(22554): Start proc com.imooc.androiduipatterns for activity com.imooc.androiduipatterns/.main.MainActivity: pid=9011 uid=10119 gids={50119, 9997} abi=armeabi-v7a
I/ActivityManager(22554): Killing 8615:com.tcl.tct.stabilitymonitor/1000 (adj 15): empty #9
W/ResourcesManager( 8989): Asset path '/system/framework/com.android.media.remotedisplay.jar' does not exist or contains no resources.
W/ResourcesManager( 8989): Asset path '/system/framework/com.android.location.provider.jar' does not exist or contains no resources.
E/ActivityThread(23112): Performing stop of activity that is not resumed: {com.tct.launcher/com.tct.launcher.Launcher}
E/ActivityThread(23112): java.lang.RuntimeException: Performing stop of activity that is not resumed: {com.tct.launcher/com.tct.launcher.Launcher}
E/ActivityThread(23112): 	at android.app.ActivityThread.performStopActivityInner(ActivityThread.java:3320)
E/ActivityThread(23112): 	at android.app.ActivityThread.handleStopActivity(ActivityThread.java:3401)
E/ActivityThread(23112): 	at android.app.ActivityThread.access$1100(ActivityThread.java:149)
E/ActivityThread(23112): 	at android.app.ActivityThread$H.handleMessage(ActivityThread.java:1318)
E/ActivityThread(23112): 	at android.os.Handler.dispatchMessage(Handler.java:102)
E/ActivityThread(23112): 	at android.os.Looper.loop(Looper.java:135)
E/ActivityThread(23112): 	at android.app.ActivityThread.main(ActivityThread.java:5260)
E/ActivityThread(23112): 	at java.lang.reflect.Method.invoke(Native Method)
E/ActivityThread(23112): 	at java.lang.reflect.Method.invoke(Method.java:372)
E/ActivityThread(23112): 	at com.android.internal.os.ZygoteInit$MethodAndArgsCaller.run(ZygoteInit.java:898)
E/ActivityThread(23112): 	at com.android.internal.os.ZygoteInit.main(ZygoteInit.java:693)
W/libprocessgroup(22554): failed to open /acct/uid_1000/pid_8615/cgroup.procs: No such file or directory
I/ActivityManager(22554): Start proc com.google.android.apps.docs for broadcast com.google.android.apps.docs/.receivers.AppPackageAddRemoveReceiver: pid=9032 uid=10048 gids={50048, 9997, 3003, 1028, 1015} abi=armeabi-v7a
I/ActivityManager(22554): Activity reported stop, but no longer stopping: ActivityRecord{386bd26b u0 com.tct.launcher/.Launcher t96}
I/ActivityManager(22554): Killing 8644:com.tct.feedback/1000 (adj 15): empty #9
W/libprocessgroup(22554): failed to open /acct/uid_1000/pid_8644/cgroup.procs: No such file or directory
D/PowerManagerNotifier(22554): onUserActivity: event=2, uid=1000
D/PowerManagerNotifier(22554): handleMessage1
I/ActivityManager(22554): Start proc com.android.keychain for broadcast com.android.keychain/.KeyChainBroadcastReceiver: pid=9072 uid=1000 gids={41000, 9997, 1028, 1015, 3002, 3001, 1023, 1007, 3003, 1021, 3004, 3005, 1000, 3009, 1010, 2001} abi=armeabi-v7a
W/ContextImpl( 9072): Calling a method in the system process without a qualified user: android.app.ContextImpl.startService:1732 android.content.ContextWrapper.startService:515 android.content.ContextWrapper.startService:515 com.android.keychain.KeyChainBroadcastReceiver.onReceive:12 android.app.ActivityThread.handleReceiver:2590 
I/ActivityManager(22554): Start proc com.google.android.apps.plus for broadcast com.google.android.apps.plus/.service.PackagesMediaMonitor: pid=9092 uid=10088 gids={50088, 9997, 3003, 3002, 1028, 1015} abi=armeabi-v7a
I/ActivityManager(22554): Killing 8558:com.tcl.smartsuite/u0a27 (adj 15): empty #9
W/libprocessgroup(22554): failed to open /acct/uid_10027/pid_8558/cgroup.procs: No such file or directory
W/ResourcesManager( 9092): Asset path '/system/framework/com.google.android.maps.jar' does not exist or contains no resources.
I/ActivityManager(22554): Start proc com.jrdcom.wifitransfer for broadcast com.jrdcom.wifitransfer/.utility.WiFiTransferPackageReceiver: pid=9115 uid=10108 gids={50108, 9997, 3003, 1028, 1015, 3002, 3001} abi=armeabi-v7a
I/ActivityManager(22554): Killing 8876:com.tct.gallery3d/u0a10 (adj 15): empty #9
W/libprocessgroup(22554): failed to open /acct/uid_10010/pid_8876/cgroup.procs: No such file or directory
I/ActivityManager(22554): Start proc com.tct.gallery3d for broadcast com.tct.gallery3d/.app.PackagesMonitor: pid=9134 uid=10010 gids={50010, 9997, 3003, 1028, 1015, 1023} abi=armeabi-v7a
I/ActivityManager(22554): Killing 8897:com.google.android.gms.ui/u0a11 (adj 15): empty #9
W/libprocessgroup(22554): failed to open /acct/uid_10011/pid_8897/cgroup.procs: No such file or directory
W/ResourcesManager( 9134): Asset path '/system/framework/com.google.android.media.effects.jar' does not exist or contains no resources.
I/ActivityManager(22554): Start proc com.google.android.partnersetup for broadcast com.google.android.partnersetup/.RlzPingBroadcastReceiver: pid=9155 uid=10014 gids={50014, 9997, 3003} abi=armeabi-v7a
I/ActivityManager(22554): Killing 8919:com.android.musicfx/u0a21 (adj 15): empty #9
W/libprocessgroup(22554): failed to open /acct/uid_10021/pid_8919/cgroup.procs: No such file or directory
I/ActivityManager(22554): Start proc com.android.musicfx for broadcast com.android.musicfx/.Compatibility$Receiver: pid=9180 uid=10021 gids={50021, 9997, 3003, 3002} abi=armeabi-v7a
I/ActivityManager(22554): Killing 8989:com.google.android.gms:car/u0a11 (adj 15): empty #9
W/libprocessgroup(22554): failed to open /acct/uid_10011/pid_8989/cgroup.procs: No such file or directory
W/ActivityManager(22554): Scheduling restart of crashed service com.google.android.gms/.car.CarService in 1000ms
I/ActivityManager(22554): Killing 9072:com.android.keychain/1000 (adj 15): empty #9
W/libprocessgroup(22554): failed to open /acct/uid_1000/pid_9072/cgroup.procs: No such file or directory
D/PowerManagerNotifier(22554): onUserActivity: event=2, uid=1000
D/PowerManagerNotifier(22554): handleMessage1
I/ActivityManager(22554): Start proc com.google.android.apps.cloudprint for broadcast com.google.android.apps.cloudprint/.printdialog.receivers.UpgradeBroadcastReceiver: pid=9205 uid=10045 gids={50045, 9997, 3003, 1028} abi=armeabi-v7a
I/ActivityManager(22554): Start proc com.google.android.apps.magazines for broadcast com.google.android.apps.magazines/com.google.apps.dots.android.app.receiver.FirstInstallNotificationReceiver: pid=9226 uid=10076 gids={50076, 9997, 3003, 1028, 1015} abi=armeabi-v7a
D/TaskPersister(22554): removeObsoleteFile: deleting file=195_task.xml
E/Vold    (  261): Failed to find mounted volume for /storage/sdcard1/Android/data/com.google.android.apps.magazines/cache/
W/Vold    (  261): Returning OperationFailed - no handler for errno 0
D/TaskPersister(22554): removeObsoleteFile: deleting file=195_task_thumbnail.png
E/Vold    (  261): Failed to find mounted volume for /storage/sdcard1/Android/data/com.google.android.apps.magazines/files/
W/Vold    (  261): Returning OperationFailed - no handler for errno 0
E/Vold    (  261): Failed to find mounted volume for /storage/sdcard1/Android/data/com.google.android.apps.magazines/cache/
W/Vold    (  261): Returning OperationFailed - no handler for errno 0
E/Vold    (  261): Failed to find mounted volume for /storage/sdcard1/Android/data/com.google.android.apps.magazines/files/
W/Vold    (  261): Returning OperationFailed - no handler for errno 0
I/ActivityManager(22554): Start proc com.google.android.gms:car for service com.google.android.gms/.car.CarService: pid=9273 uid=10011 gids={50011, 9997, 2001, 3003, 1007, 3006, 3007, 3002, 3001, 1028, 1015, 1005} abi=armeabi-v7a
W/ResourcesManager( 9273): Asset path '/system/framework/com.android.media.remotedisplay.jar' does not exist or contains no resources.
W/ResourcesManager( 9273): Asset path '/system/framework/com.android.location.provider.jar' does not exist or contains no resources.
I/ActivityManager(22554): Killing 9134:com.tct.gallery3d/u0a10 (adj 15): empty #9
W/libprocessgroup(22554): failed to open /acct/uid_10010/pid_9134/cgroup.procs: No such file or directory
I/ActivityManager(22554): Killing 9155:com.google.android.partnersetup/u0a14 (adj 15): empty #9
W/libprocessgroup(22554): failed to open /acct/uid_10014/pid_9155/cgroup.procs: No such file or directory
D/PowerManagerNotifier(22554): onUserActivity: event=2, uid=1000
D/PowerManagerNotifier(22554): handleMessage1
I/ActivityManager(22554): START u0 {cmp=com.imooc.androiduipatterns/.custom.waterripple.WaterRippleActivity} from uid 10119 on display 0
I/ActivityManager(22554): Process com.google.android.gms:car (pid 9273) has died
D/PowerManagerNotifier(22554): onUserActivity: event=2, uid=1000
